     VMA      LMA     Size Align Out     In      Symbol
       0        0        0     1 RAM_START = 0x20000000
       0        0        0     1 RAM_LENGTH = 0x0000a000
       0        0        0     1 FLASH_START = 0x00000000
       0        0        0     1 FLASH_LENGTH = 0x00040000
       0        0        0     1 DATA_FLASH_START = 0x08000000
       0        0        0     1 DATA_FLASH_LENGTH = 0x00001000
       0        0        0     1 QSPI_FLASH_START = 0x60000000
       0        0        0     1 QSPI_FLASH_LENGTH = 0x04000000
       0        0        0     1 OPTION_SETTING_OFS0_START = 0x0100a100
       0        0        0     1 OPTION_SETTING_OFS0_LENGTH = 0x00000004
       0        0        0     1 OPTION_SETTING_OSIS_START = 0x0100a120
       0        0        0     1 OPTION_SETTING_OSIS_LENGTH = 0x00000010
       0        0        0     1 OPTION_SETTING_OFS1_SEC_START = 0x0100a200
       0        0        0     1 OPTION_SETTING_OFS1_SEC_LENGTH = 0x00000004
       0        0        0     1 OPTION_SETTING_BPS_SEC_START = 0x0100a240
       0        0        0     1 OPTION_SETTING_BPS_SEC_LENGTH = 0x00000004
       0        0        0     1 OPTION_SETTING_PBPS_SEC_START = 0x0100a260
       0        0        0     1 OPTION_SETTING_PBPS_SEC_LENGTH = 0x00000004
60000000 60000000        0     1 .qspi_flash.startof
60000000 60000000        0     1         __ddsc_QSPI_FLASH_START = .
20000000 20000000        0     1 .ram.startof
20000000 20000000        0     1         __ddsc_RAM_START = .
20000000 20000000        0     1 __ram_dtc_vector$$
20000000 20000000        0     1         __ram_dtc_vector$$Base = .
20000000 20000000        0     1         __ram_dtc_vector$$Limit = .
20000000 20000000        0     1 __ram_from_qspi_flash$$
20000000 20000000        0     1         __ram_from_qspi_flash$$Base = .
20000000 20000000        0     1         __ram_from_qspi_flash$$Load = LOADADDR(__ram_from_qspi_flash$$)
20000000 20000000        0     1         __ram_from_qspi_flash$$Limit = .
60000000 60000000        0     1 __qspi_flash_readonly$$
60000000 60000000        0     1         __qspi_flash_readonly$$Base = .
60000000 60000000        0     1         __qspi_flash_readonly$$Limit = .
60000000 60000000        0     1 __qspi_flash_noinit$$
60000000 60000000        0     1         __qspi_flash_noinit$$Base = .
60000000 60000000        0     1         __qspi_flash_noinit$$Limit = .
60000000 60000000        0     1 .qspi_flash.endof
60000000 60000000        0     1         __ddsc_QSPI_FLASH_END = .
 8000000  8000000        0     1 .data_flash.startof
 8000000  8000000        0     1         __ddsc_DATA_FLASH_START = .
20000000 20000000        0     1 __ram_from_data_flash$$
20000000 20000000        0     1         __ram_from_data_flash$$Base = .
20000000 20000000        0     1         __ram_from_data_flash$$Load = LOADADDR(__ram_from_data_flash$$)
20000000 20000000        0     1         __ram_from_data_flash$$Limit = .
 8000000  8000000        0     1 __data_flash_readonly$$
 8000000  8000000        0     1         __data_flash_readonly$$Base = .
 8000000  8000000        0     1         __data_flash_readonly$$Limit = .
 8000000  8000000        0     1 __data_flash_noinit$$
 8000000  8000000        0     1         __data_flash_noinit$$Base = .
 8000000  8000000        0     1         __data_flash_noinit$$Limit = .
 8000000  8000000        0     1 .data_flash.endof
 8000000  8000000        0     1         __ddsc_DATA_FLASH_END = .
       0        0        0     1 .flash.startof
       0        0        0     1         __ddsc_FLASH_START = .
       0        0       48     4 __flash_vectors$$
       0        0        0     1         __flash_vectors$$Base = .
       0        0        0     1         _VECTORS = .
       0        0       40     4         ./ra/fsp/src/bsp/cmsis/Device/RENESAS/Source/startup.o:(.fixed_vectors)
       0        0       40     1                 __Vectors
      40       40        8     4         ./ra_gen/vector_data.o:(.application_vectors)
      40       40        8     1                 g_vector_table
      48       48        0     1         __flash_vectors$$Limit = .
      48       48        0     1 __flash_noinit$$
      48       48        0     1         __flash_noinit$$Base = .
      48       48        0     1         __flash_noinit$$Limit = .
20000000 20000000        0     1 __ram_from_flash$$
20000000 20000000        0     1         __ram_from_flash$$Base = .
20000000 20000000        0     1         __ram_from_flash$$Load = LOADADDR(__ram_from_flash$$)
20000000 20000000        0     1         __ram_from_flash$$Limit = .
20000000 20000000        0     1 __ram_noinit_nocache$$
20000000 20000000        0     1         __ram_noinit_nocache$$Base = .
20000000 20000000        0     1         __ram_noinit_nocache$$Limit = .
20000000 20000000        0     1 __ram_zero_nocache$$
20000000 20000000        0     1         __ram_zero_nocache$$Base = .
20000000 20000000        0     1         . = ALIGN(32)
20000000 20000000        0     1         __ram_zero_nocache$$Limit = .
20000000 20000000      418     8 __ram_noinit$$
20000000 20000000        0     1         __ram_noinit$$Base = .
20000000 20000000      400     8         ./ra/fsp/src/bsp/cmsis/Device/RENESAS/Source/startup.o:(.bss.g_main_stack)
20000000 20000000      400     1                 g_main_stack
20000400 20000400       18     4         ./ra/fsp/src/bsp/mcu/all/bsp_clocks.o:(.ram_noinit)
20000400 20000400       18     1                 g_clock_freq
20000418 20000418        0     1         __ram_noinit$$Limit = .
20000418 20000418      86c     4 __ram_zero$$
20000418 20000418        0     1         __ram_zero$$Base = .
20000418 20000418        1     1         ./src/ext_irq.o:(.bss.pin_level)
20000418 20000418        1     1                 pin_level
2000041c 2000041c       60     4         ./ra_gen/blinky_thread.o:(.bss.blinky_thread_memory)
2000041c 2000041c       60     1                 blinky_thread_memory
2000047c 2000047c        4     4         ./ra_gen/blinky_thread.o:(.bss.blinky_thread)
2000047c 2000047c        4     1                 blinky_thread
20000480 20000480       10     4         ./ra_gen/common_data.o:(.bss.g_external_irq9_ctrl)
20000480 20000480       10     1                 g_external_irq9_ctrl
20000490 20000490        8     4         ./ra_gen/common_data.o:(.bss.g_ioport_ctrl)
20000490 20000490        8     1                 g_ioport_ctrl
20000498 20000498       20     4         ./ra_gen/hal_data.o:(.bss.g_timer0_ctrl)
20000498 20000498       20     1                 g_timer0_ctrl
200004b8 200004b8        4     4         ./ra_gen/main.o:(.bss.g_fsp_common_initialized_semaphore)
200004b8 200004b8        4     1                 g_fsp_common_initialized_semaphore
200004bc 200004bc        1     1         ./ra_gen/main.o:(.bss.g_fsp_common_initialized)
200004bc 200004bc        1     1                 g_fsp_common_initialized
200004c0 200004c0        4     4         ./ra_gen/main.o:(.bss.g_fsp_common_thread_count)
200004c0 200004c0        4     1                 g_fsp_common_thread_count
200004c4 200004c4       48     4         ./ra_gen/main.o:(.bss.g_fsp_common_initialized_semaphore_memory)
200004c4 200004c4       48     1                 g_fsp_common_initialized_semaphore_memory
2000050c 2000050c       60     4         ./ra_gen/main.o:(.bss.vApplicationGetIdleTaskMemory.xIdleTaskTCB)
2000050c 2000050c       60     1                 vApplicationGetIdleTaskMemory.xIdleTaskTCB
2000056c 2000056c      200     4         ./ra_gen/main.o:(.bss.vApplicationGetIdleTaskMemory.uxIdleTaskStack)
2000056c 2000056c      200     1                 vApplicationGetIdleTaskMemory.uxIdleTaskStack
2000076c 2000076c       60     4         ./ra_gen/main.o:(.bss.vApplicationGetTimerTaskMemory.xTimerTaskTCB)
2000076c 2000076c       60     1                 vApplicationGetTimerTaskMemory.xTimerTaskTCB
200007cc 200007cc      200     4         ./ra_gen/main.o:(.bss.vApplicationGetTimerTaskMemory.uxTimerTaskStack)
200007cc 200007cc      200     1                 vApplicationGetTimerTaskMemory.uxTimerTaskStack
200009cc 200009cc        4     4         ./ra/fsp/src/rm_freertos_port/port.o:(.bss.uxCriticalNesting)
200009cc 200009cc        4     1                 uxCriticalNesting
200009d0 200009d0        4     4         ./ra/fsp/src/rm_freertos_port/port.o:(.bss.g_mask_level_before_disable)
200009d0 200009d0        4     1                 g_mask_level_before_disable
200009d4 200009d4       40     4         ./ra/fsp/src/bsp/mcu/all/bsp_group_irq.o:(.bss.g_bsp_group_irq_sources)
200009d4 200009d4       40     1                 g_bsp_group_irq_sources
20000a14 20000a14        4     4         ./ra/fsp/src/bsp/mcu/all/bsp_io.o:(.bss.g_protect_pfswe_counter)
20000a14 20000a14        4     1                 g_protect_pfswe_counter
20000a18 20000a18        8     4         ./ra/fsp/src/bsp/mcu/all/bsp_irq.o:(.bss.gp_renesas_isr_context)
20000a18 20000a18        8     1                 gp_renesas_isr_context
20000a20 20000a20        a     2         ./ra/fsp/src/bsp/mcu/all/bsp_register_protection.o:(.bss.g_protect_counters)
20000a20 20000a20        a     1                 g_protect_counters
20000a2c 20000a2c        4     4         ./ra/fsp/src/bsp/cmsis/Device/RENESAS/Source/system.o:(.bss.SystemCoreClock)
20000a2c 20000a2c        4     1                 SystemCoreClock
20000a30 20000a30       50     4         ./ra/aws/FreeRTOS/FreeRTOS/Source/queue.o:(.bss.xQueueRegistry)
20000a30 20000a30       50     1                 xQueueRegistry
20000a80 20000a80        4     4         ./ra/aws/FreeRTOS/FreeRTOS/Source/tasks.o:(.bss.pxCurrentTCB)
20000a80 20000a80        4     1                 pxCurrentTCB
20000a84 20000a84        4     4         ./ra/aws/FreeRTOS/FreeRTOS/Source/tasks.o:(.bss.uxTaskNumber)
20000a84 20000a84        4     1                 uxTaskNumber
20000a88 20000a88        4     4         ./ra/aws/FreeRTOS/FreeRTOS/Source/tasks.o:(.bss.xSchedulerRunning)
20000a88 20000a88        4     1                 xSchedulerRunning
20000a8c 20000a8c       14     4         ./ra/aws/FreeRTOS/FreeRTOS/Source/tasks.o:(.bss.xTasksWaitingTermination)
20000a8c 20000a8c       14     1                 xTasksWaitingTermination
20000aa0 20000aa0        4     4         ./ra/aws/FreeRTOS/FreeRTOS/Source/tasks.o:(.bss.uxDeletedTasksWaitingCleanUp)
20000aa0 20000aa0        4     1                 uxDeletedTasksWaitingCleanUp
20000aa4 20000aa4        4     4         ./ra/aws/FreeRTOS/FreeRTOS/Source/tasks.o:(.bss.uxCurrentNumberOfTasks)
20000aa4 20000aa4        4     1                 uxCurrentNumberOfTasks
20000aa8 20000aa8        4     4         ./ra/aws/FreeRTOS/FreeRTOS/Source/tasks.o:(.bss.uxSchedulerSuspended)
20000aa8 20000aa8        4     1                 uxSchedulerSuspended
20000aac 20000aac        4     4         ./ra/aws/FreeRTOS/FreeRTOS/Source/tasks.o:(.bss.xTickCount)
20000aac 20000aac        4     1                 xTickCount
20000ab0 20000ab0       64     4         ./ra/aws/FreeRTOS/FreeRTOS/Source/tasks.o:(.bss.pxReadyTasksLists)
20000ab0 20000ab0       64     1                 pxReadyTasksLists
20000b14 20000b14        4     4         ./ra/aws/FreeRTOS/FreeRTOS/Source/tasks.o:(.bss.uxTopReadyPriority)
20000b14 20000b14        4     1                 uxTopReadyPriority
20000b18 20000b18       14     4         ./ra/aws/FreeRTOS/FreeRTOS/Source/tasks.o:(.bss.xSuspendedTaskList)
20000b18 20000b18       14     1                 xSuspendedTaskList
20000b2c 20000b2c        4     4         ./ra/aws/FreeRTOS/FreeRTOS/Source/tasks.o:(.bss.xYieldPendings)
20000b2c 20000b2c        4     1                 xYieldPendings
20000b30 20000b30       14     4         ./ra/aws/FreeRTOS/FreeRTOS/Source/tasks.o:(.bss.xPendingReadyList)
20000b30 20000b30       14     1                 xPendingReadyList
20000b44 20000b44        4     4         ./ra/aws/FreeRTOS/FreeRTOS/Source/tasks.o:(.bss.xNextTaskUnblockTime)
20000b44 20000b44        4     1                 xNextTaskUnblockTime
20000b48 20000b48        4     4         ./ra/aws/FreeRTOS/FreeRTOS/Source/tasks.o:(.bss.xIdleTaskHandles.0)
20000b48 20000b48        4     1                 xIdleTaskHandles.0
20000b4c 20000b4c        4     4         ./ra/aws/FreeRTOS/FreeRTOS/Source/tasks.o:(.bss.xPendedTicks)
20000b4c 20000b4c        4     1                 xPendedTicks
20000b50 20000b50        4     4         ./ra/aws/FreeRTOS/FreeRTOS/Source/tasks.o:(.bss.pxDelayedTaskList)
20000b50 20000b50        4     1                 pxDelayedTaskList
20000b54 20000b54        4     4         ./ra/aws/FreeRTOS/FreeRTOS/Source/tasks.o:(.bss.pxOverflowDelayedTaskList)
20000b54 20000b54        4     1                 pxOverflowDelayedTaskList
20000b58 20000b58        4     4         ./ra/aws/FreeRTOS/FreeRTOS/Source/tasks.o:(.bss.xNumOfOverflows)
20000b58 20000b58        4     1                 xNumOfOverflows
20000b5c 20000b5c       14     4         ./ra/aws/FreeRTOS/FreeRTOS/Source/tasks.o:(.bss.xDelayedTaskList1)
20000b5c 20000b5c       14     1                 xDelayedTaskList1
20000b70 20000b70       14     4         ./ra/aws/FreeRTOS/FreeRTOS/Source/tasks.o:(.bss.xDelayedTaskList2)
20000b70 20000b70       14     1                 xDelayedTaskList2
20000b84 20000b84        4     4         ./ra/aws/FreeRTOS/FreeRTOS/Source/timers.o:(.bss.xTimerQueue)
20000b84 20000b84        4     1                 xTimerQueue
20000b88 20000b88        4     4         ./ra/aws/FreeRTOS/FreeRTOS/Source/timers.o:(.bss.xTimerTaskHandle)
20000b88 20000b88        4     1                 xTimerTaskHandle
20000b8c 20000b8c        4     4         ./ra/aws/FreeRTOS/FreeRTOS/Source/timers.o:(.bss.pxCurrentTimerList)
20000b8c 20000b8c        4     1                 pxCurrentTimerList
20000b90 20000b90        4     4         ./ra/aws/FreeRTOS/FreeRTOS/Source/timers.o:(.bss.pxOverflowTimerList)
20000b90 20000b90        4     1                 pxOverflowTimerList
20000b94 20000b94        4     4         ./ra/aws/FreeRTOS/FreeRTOS/Source/timers.o:(.bss.prvSampleTimeNow.xLastTime)
20000b94 20000b94        4     1                 prvSampleTimeNow.xLastTime
20000b98 20000b98       14     4         ./ra/aws/FreeRTOS/FreeRTOS/Source/timers.o:(.bss.xActiveTimerList1)
20000b98 20000b98       14     1                 xActiveTimerList1
20000bac 20000bac       14     4         ./ra/aws/FreeRTOS/FreeRTOS/Source/timers.o:(.bss.xActiveTimerList2)
20000bac 20000bac       14     1                 xActiveTimerList2
20000bc0 20000bc0       48     4         ./ra/aws/FreeRTOS/FreeRTOS/Source/timers.o:(.bss.prvCheckForValidListAndQueue.xStaticTimerQueue)
20000bc0 20000bc0       48     1                 prvCheckForValidListAndQueue.xStaticTimerQueue
20000c08 20000c08       78     1         ./ra/aws/FreeRTOS/FreeRTOS/Source/timers.o:(.bss.prvCheckForValidListAndQueue.ucStaticTimerQueueStorage)
20000c08 20000c08       78     1                 prvCheckForValidListAndQueue.ucStaticTimerQueueStorage
20000c80 20000c80        4     4         C:\Renesas\e2_studio\toolchains\llvm_arm\ATfE-21.1.1-Windows-x86_64\bin\..\lib\clang-runtimes/arm-none-eabi/armv8m.main_hard_fp_exn_rtti_unaligned_size\lib\libc.a(libc_picolib_machine_arm_tls.c.o):(.bss.__tls)
20000c80 20000c80        4     1                 __tls
20000c84 20000c84        0     1         __ram_zero$$Limit = .
20000c84 20000c84        0     1 __ram_tdata$$
20000c84 20000c84        0     1         __ram_tdata$$Base = .
20000c84 20000c84        0     1         __ram_tdata$$Load = LOADADDR(__ram_tdata$$)
20000c84 20000c84        0     1         __ram_tdata$$Limit = .
20000c84 20000c84        0     1 __ram_tbss$$
20000c84 20000c84        0     1         __ram_tbss$$Base = .
20000c84 20000c84        0     1         __ram_tbss$$Limit = .
20000c88 20000c88      200     8 __ram_thread_stack$$
20000c88 20000c88        0     1         __ram_thread_stack$$Base = .
20000c88 20000c88      200     8         ./ra_gen/blinky_thread.o:(.stack.blinky_thread)
20000c88 20000c88      200     1                 blinky_thread_stack
20000e88 20000e88        0     1         __ram_thread_stack$$Limit = .
20001000 20001000        0     1 .ram.endof
20001000 20001000        0     1         __ddsc_RAM_END = .
20001000 20001000        0     1 .ram.flat_nsc
20001000 20001000        0     1         __ddsc_RAM_NSC = .
      48       48     36de     4 __flash_readonly$$
      48       48        0     1         __flash_readonly$$Base = .
      48       48       d6     4         ./src/blinky_thread_entry.o:(.text.blinky_thread_entry)
      48       48        0     1                 $t
      49       49       d6     1                 blinky_thread_entry
     11e      11e       b8     2         ./src/ext_irq.o:(.text.g_irq9_callback)
     11e      11e        0     1                 $t
     11f      11f       b8     1                 g_irq9_callback
     1d6      1d6       1a     2         ./src/hal_warmstart.o:(.text.R_BSP_WarmStart)
     1d6      1d6        0     1                 $t
     1d7      1d7       1a     1                 R_BSP_WarmStart
     1f0      1f0       20     2         ./src/timer.o:(.text.g_timer0_callback)
     1f0      1f0        0     1                 $t
     1f1      1f1       20     1                 g_timer0_callback
     210      210       68     2         ./ra_gen/blinky_thread.o:(.text.blinky_thread_create)
     210      210        0     1                 $t
     211      211       68     1                 blinky_thread_create
     278      278       12     2         ./ra_gen/blinky_thread.o:(.text.blinky_thread_func)
     278      278        0     1                 $t
     279      279       12     1                 blinky_thread_func
     28a      28a        2     2         ./ra_gen/common_data.o:(.text.g_common_init)
     28a      28a        0     1                 $t
     28b      28b        2     1                 g_common_init
     28c      28c        4     2         ./ra_gen/hal_data.o:(.text.g_hal_init)
     28c      28c        0     1                 $t
     28d      28d        4     1                 g_hal_init
     290      290        4     2         ./ra_gen/main.o:(.text.rtos_startup_err_callback_internal)
     290      290        0     1                 $t
     291      291        4     1                 rtos_startup_err_callback_internal
     291      291        4     1                 rtos_startup_err_callback
     294      294       62     4         ./ra_gen/main.o:(.text.rtos_startup_common_init)
     294      294        0     1                 $t
     295      295       62     1                 rtos_startup_common_init
     2f6      2f6       4a     2         ./ra_gen/main.o:(.text.main)
     2f6      2f6        0     1                 $t
     2f7      2f7       4a     1                 main
     340      340       1a     2         ./ra_gen/main.o:(.text.vApplicationGetIdleTaskMemory)
     340      340        0     1                 $t
     341      341       1a     1                 vApplicationGetIdleTaskMemory
     35a      35a       1a     2         ./ra_gen/main.o:(.text.vApplicationGetTimerTaskMemory)
     35a      35a        0     1                 $t
     35b      35b       1a     1                 vApplicationGetTimerTaskMemory
     374      374       18     4         ./ra/fsp/src/rm_freertos_port/port.o:(.text.SVC_Handler)
     374      374        0     1                 $t
     375      375       12     1                 SVC_Handler
     388      388        0     1                 $d
     38c      38c       44     4         ./ra/fsp/src/rm_freertos_port/port.o:(.text.PendSV_Handler)
     38c      38c        0     1                 $t
     38d      38d       40     1                 PendSV_Handler
     3cc      3cc        0     1                 $d
     3d0      3d0       24     4         ./ra/fsp/src/rm_freertos_port/port.o:(.text.rm_freertos_port_restore_task_stackless)
     3d0      3d0        0     1                 $t
     3d1      3d1       20     1                 rm_freertos_port_restore_task_stackless
     3ea      3ea        0     1                 _skip_restore_ns_context
     3f0      3f0        0     1                 $d
     3f4      3f4       26     2         ./ra/fsp/src/rm_freertos_port/port.o:(.text.SysTick_Handler)
     3f4      3f4        0     1                 $t
     3f5      3f5       26     1                 SysTick_Handler
     41a      41a       36     2         ./ra/fsp/src/rm_freertos_port/port.o:(.text.vPortSVCHandler_C)
     41a      41a        0     1                 $t
     41b      41b       36     1                 vPortSVCHandler_C
     450      450       28     2         ./ra/fsp/src/rm_freertos_port/port.o:(.text.pxPortInitialiseStack)
     450      450        0     1                 $t
     451      451       28     1                 pxPortInitialiseStack
     478      478        6     4         ./ra/fsp/src/rm_freertos_port/port.o:(.text.prvTaskExitError)
     478      478        0     1                 $t
     479      479        6     1                 prvTaskExitError
     480      480       3c     4         ./ra/fsp/src/rm_freertos_port/port.o:(.text.xPortStartScheduler)
     480      480        0     1                 $t
     481      481       3c     1                 xPortStartScheduler
     4bc      4bc       46     2         ./ra/fsp/src/rm_freertos_port/port.o:(.text.vPortSetupTimerInterrupt)
     4bc      4bc        0     1                 $t
     4bd      4bd       46     1                 vPortSetupTimerInterrupt
     502      502       56     2         ./ra/fsp/src/rm_freertos_port/port.o:(.text.vPortEnterCritical)
     502      502        0     1                 $t
     503      503       56     1                 vPortEnterCritical
     558      558       46     2         ./ra/fsp/src/rm_freertos_port/port.o:(.text.vPortExitCritical)
     558      558        0     1                 $t
     559      559       46     1                 vPortExitCritical
     59e      59e       6e     2         ./ra/fsp/src/rm_freertos_port/port.o:(.text.rm_freertos_port_sleep_preserving_lpm)
     59e      59e        0     1                 $t
     59f      59f       6e     1                 rm_freertos_port_sleep_preserving_lpm
     60c      60c       18     2         ./ra/fsp/src/rm_freertos_port/port.o:(.text.vApplicationIdleHook)
     60c      60c        0     1                 $t
     60d      60d       18     1                 vApplicationIdleHook
     624      624       6c     2         ./ra/fsp/src/rm_freertos_port/port.o:(.text.vPortValidateInterruptPriority)
     624      624        0     1                 $t
     625      625       6c     1                 vPortValidateInterruptPriority
     690      690       16     2         ./ra/fsp/src/r_ioport/r_ioport.o:(.text.R_IOPORT_Open)
     690      690        0     1                 $t
     691      691       16     1                 R_IOPORT_Open
     6a8      6a8       be     4         ./ra/fsp/src/r_ioport/r_ioport.o:(.text.r_ioport_pins_config)
     6a8      6a8        0     1                 $t
     6a9      6a9       be     1                 r_ioport_pins_config
     768      768       7c     4         ./ra/fsp/src/r_ioport/r_ioport.o:(.text.bsp_vbatt_init)
     768      768        0     1                 $t
     769      769       7c     1                 bsp_vbatt_init
     7e4      7e4       80     2         ./ra/fsp/src/r_icu/r_icu.o:(.text.R_ICU_ExternalIrqOpen)
     7e4      7e4        0     1                 $t
     7e5      7e5       80     1                 R_ICU_ExternalIrqOpen
     864      864       44     2         ./ra/fsp/src/r_icu/r_icu.o:(.text.R_ICU_ExternalIrqEnable)
     864      864        0     1                 $t
     865      865       44     1                 R_ICU_ExternalIrqEnable
     8a8      8a8       74     2         ./ra/fsp/src/r_icu/r_icu.o:(.text.r_icu_isr)
     8a8      8a8        0     1                 $t
     8a9      8a9       74     1                 r_icu_isr
     91c      91c      358     4         ./ra/fsp/src/r_gpt/r_gpt.o:(.text.R_GPT_Open)
     91c      91c        0     1                 $t
     91d      91d      358     1                 R_GPT_Open
     c74      c74        a     2         ./ra/fsp/src/r_gpt/r_gpt.o:(.text.R_GPT_Start)
     c74      c74        0     1                 $t
     c75      c75        a     1                 R_GPT_Start
     c7e      c7e        a     2         ./ra/fsp/src/r_gpt/r_gpt.o:(.text.R_GPT_Stop)
     c7e      c7e        0     1                 $t
     c7f      c7f        a     1                 R_GPT_Stop
     c88      c88       1a     2         ./ra/fsp/src/r_gpt/r_gpt.o:(.text.R_GPT_PeriodSet)
     c88      c88        0     1                 $t
     c89      c89       1a     1                 R_GPT_PeriodSet
     ca2      ca2      1c8     2         ./ra/fsp/src/r_gpt/r_gpt.o:(.text.gpt_counter_overflow_isr)
     ca2      ca2        0     1                 $t
     ca3      ca3      1c8     1                 gpt_counter_overflow_isr
     e6a      e6a       2c     2         ./ra/fsp/src/bsp/mcu/all/bsp_clocks.o:(.text.SystemCoreClockUpdate)
     e6a      e6a        0     1                 $t
     e6b      e6b       2c     1                 SystemCoreClockUpdate
     e98      e98      114     4         ./ra/fsp/src/bsp/mcu/all/bsp_clocks.o:(.text.bsp_clock_init)
     e98      e98        0     1                 $t
     e99      e99      114     1                 bsp_clock_init
     fac      fac        2     2         ./ra/fsp/src/bsp/mcu/all/bsp_clocks.o:(.text.R_BSP_SubClockStabilizeWaitAfterReset)
     fac      fac        0     1                 $t
     fad      fad        2     1                 R_BSP_SubClockStabilizeWaitAfterReset
     fb0      fb0       68     4         ./ra/fsp/src/bsp/mcu/all/bsp_clocks.o:(.text.R_BSP_Init_RTC)
     fb0      fb0        0     1                 $t
     fb1      fb1       68     1                 R_BSP_Init_RTC
    1018     1018        6     4         ./ra/fsp/src/bsp/mcu/all/bsp_common.o:(.text.__assert_func)
    1018     1018        0     1                 $t
    1019     1019        6     1                 __assert_func
    101e     101e       84     2         ./ra/fsp/src/bsp/mcu/all/bsp_delay.o:(.text.R_BSP_SoftwareDelay)
    101e     101e        0     1                 $t
    101f     101f       84     1                 R_BSP_SoftwareDelay
    10a2     10a2        8     2         ./ra/fsp/src/bsp/mcu/all/bsp_delay.o:(.text.bsp_prv_software_delay_loop)
    10a2     10a2        0     1                 sw_delay_loop
    10a2     10a2        0     1                 $t
    10a3     10a3        8     1                 bsp_prv_software_delay_loop
    10ac     10ac       44     4         ./ra/fsp/src/bsp/mcu/all/bsp_group_irq.o:(.text.NMI_Handler)
    10ac     10ac        0     1                 $t
    10ad     10ad       44     1                 NMI_Handler
    10f0     10f0       9a     4         ./ra/fsp/src/bsp/mcu/all/bsp_irq.o:(.text.bsp_irq_cfg)
    10f0     10f0        0     1                 $t
    10f1     10f1       9a     1                 bsp_irq_cfg
    118a     118a       52     2         ./ra/fsp/src/bsp/mcu/all/bsp_register_protection.o:(.text.R_BSP_RegisterProtectEnable)
    118a     118a        0     1                 $t
    118b     118b       52     1                 R_BSP_RegisterProtectEnable
    11dc     11dc       4e     2         ./ra/fsp/src/bsp/mcu/all/bsp_register_protection.o:(.text.R_BSP_RegisterProtectDisable)
    11dc     11dc        0     1                 $t
    11dd     11dd       4e     1                 R_BSP_RegisterProtectDisable
    122c     122c        a     4         ./ra/fsp/src/bsp/cmsis/Device/RENESAS/Source/startup.o:(.text.Reset_Handler)
    122c     122c        0     1                 $t
    122d     122d        a     1                 Reset_Handler
    1236     1236        4     2         ./ra/fsp/src/bsp/cmsis/Device/RENESAS/Source/startup.o:(.text.Default_Handler)
    1236     1236        0     1                 $t
    1237     1237        4     1                 Default_Handler
    1237     1237        4     1                 HardFault_Handler
    1237     1237        4     1                 MemManage_Handler
    1237     1237        4     1                 BusFault_Handler
    1237     1237        4     1                 UsageFault_Handler
    1237     1237        4     1                 SecureFault_Handler
    1237     1237        4     1                 DebugMon_Handler
    123c     123c       e0     4         ./ra/fsp/src/bsp/cmsis/Device/RENESAS/Source/system.o:(.text.SystemInit)
    123c     123c        0     1                 $t
    123d     123d       e0     1                 SystemInit
    131c     131c       5a     4         ./ra/fsp/src/bsp/cmsis/Device/RENESAS/Source/system.o:(.text.SystemRuntimeInit)
    131c     131c        0     1                 $t
    131d     131d       5a     1                 SystemRuntimeInit
    1376     1376        2     2         ./ra/board/ra6e2_fpb/board_init.o:(.text.bsp_init)
    1376     1376        0     1                 $t
    1377     1377        2     1                 bsp_init
    1378     1378       16     2         ./ra/aws/FreeRTOS/FreeRTOS/Source/list.o:(.text.vListInitialise)
    1378     1378        0     1                 $t
    1379     1379       16     1                 vListInitialise
    138e     138e        6     2         ./ra/aws/FreeRTOS/FreeRTOS/Source/list.o:(.text.vListInitialiseItem)
    138e     138e        0     1                 $t
    138f     138f        6     1                 vListInitialiseItem
    1394     1394       3a     4         ./ra/aws/FreeRTOS/FreeRTOS/Source/list.o:(.text.vListInsert)
    1394     1394        0     1                 $t
    1395     1395       3a     1                 vListInsert
    13ce     13ce       22     2         ./ra/aws/FreeRTOS/FreeRTOS/Source/list.o:(.text.uxListRemove)
    13ce     13ce        0     1                 $t
    13cf     13cf       22     1                 uxListRemove
    13f0     13f0       be     2         ./ra/aws/FreeRTOS/FreeRTOS/Source/queue.o:(.text.xQueueGenericReset)
    13f0     13f0        0     1                 $t
    13f1     13f1       be     1                 xQueueGenericReset
    14ae     14ae       98     2         ./ra/aws/FreeRTOS/FreeRTOS/Source/queue.o:(.text.xQueueGenericCreateStatic)
    14ae     14ae        0     1                 $t
    14af     14af       98     1                 xQueueGenericCreateStatic
    1546     1546       40     2         ./ra/aws/FreeRTOS/FreeRTOS/Source/queue.o:(.text.xQueueCreateCountingSemaphoreStatic)
    1546     1546        0     1                 $t
    1547     1547       40     1                 xQueueCreateCountingSemaphoreStatic
    1588     1588      1c8     4         ./ra/aws/FreeRTOS/FreeRTOS/Source/queue.o:(.text.xQueueGenericSend)
    1588     1588        0     1                 $t
    1589     1589      1c8     1                 xQueueGenericSend
    1750     1750       62     2         ./ra/aws/FreeRTOS/FreeRTOS/Source/queue.o:(.text.prvCopyDataToQueue)
    1750     1750        0     1                 $t
    1751     1751       62     1                 prvCopyDataToQueue
    17b4     17b4       72     4         ./ra/aws/FreeRTOS/FreeRTOS/Source/queue.o:(.text.prvUnlockQueue)
    17b4     17b4        0     1                 $t
    17b5     17b5       72     1                 prvUnlockQueue
    1828     1828      1b2     4         ./ra/aws/FreeRTOS/FreeRTOS/Source/queue.o:(.text.xQueueReceive)
    1828     1828        0     1                 $t
    1829     1829      1b2     1                 xQueueReceive
    19dc     19dc      18a     4         ./ra/aws/FreeRTOS/FreeRTOS/Source/queue.o:(.text.xQueueSemaphoreTake)
    19dc     19dc        0     1                 $t
    19dd     19dd      18a     1                 xQueueSemaphoreTake
    1b68     1b68       66     4         ./ra/aws/FreeRTOS/FreeRTOS/Source/queue.o:(.text.vQueueAddToRegistry)
    1b68     1b68        0     1                 $t
    1b69     1b69       66     1                 vQueueAddToRegistry
    1bce     1bce       46     2         ./ra/aws/FreeRTOS/FreeRTOS/Source/queue.o:(.text.vQueueWaitForMessageRestricted)
    1bce     1bce        0     1                 $t
    1bcf     1bcf       46     1                 vQueueWaitForMessageRestricted
    1c14     1c14      246     4         ./ra/aws/FreeRTOS/FreeRTOS/Source/tasks.o:(.text.xTaskCreateStatic)
    1c14     1c14        0     1                 $t
    1c15     1c15      246     1                 xTaskCreateStatic
    1e5a     1e5a       10     2         ./ra/aws/FreeRTOS/FreeRTOS/Source/tasks.o:(.text.vTaskSuspendAll)
    1e5a     1e5a        0     1                 $t
    1e5b     1e5b       10     1                 vTaskSuspendAll
    1e6a     1e6a       a4     2         ./ra/aws/FreeRTOS/FreeRTOS/Source/tasks.o:(.text.prvAddCurrentTaskToDelayedList)
    1e6a     1e6a        0     1                 $t
    1e6b     1e6b       a4     1                 prvAddCurrentTaskToDelayedList
    1f10     1f10      190     4         ./ra/aws/FreeRTOS/FreeRTOS/Source/tasks.o:(.text.xTaskResumeAll)
    1f10     1f10        0     1                 $t
    1f11     1f11      190     1                 xTaskResumeAll
    20a0     20a0       9e     4         ./ra/aws/FreeRTOS/FreeRTOS/Source/tasks.o:(.text.vTaskSwitchContext)
    20a0     20a0        0     1                 $t
    20a1     20a1       9e     1                 vTaskSwitchContext
    213e     213e       b2     2         ./ra/aws/FreeRTOS/FreeRTOS/Source/tasks.o:(.text.vTaskStartScheduler)
    213e     213e        0     1                 $t
    213f     213f       b2     1                 vTaskStartScheduler
    21f0     21f0       46     4         ./ra/aws/FreeRTOS/FreeRTOS/Source/tasks.o:(.text.prvCheckTasksWaitingTermination)
    21f0     21f0        0     1                 $t
    21f1     21f1       46     1                 prvCheckTasksWaitingTermination
    2238     2238      1ac     4         ./ra/aws/FreeRTOS/FreeRTOS/Source/tasks.o:(.text.xTaskIncrementTick)
    2238     2238        0     1                 $t
    2239     2239      1ac     1                 xTaskIncrementTick
    23e4     23e4        c     2         ./ra/aws/FreeRTOS/FreeRTOS/Source/tasks.o:(.text.xTaskGetTickCount)
    23e4     23e4        0     1                 $t
    23e5     23e5        c     1                 xTaskGetTickCount
    23f0     23f0       42     2         ./ra/aws/FreeRTOS/FreeRTOS/Source/tasks.o:(.text.vTaskPlaceOnEventList)
    23f0     23f0        0     1                 $t
    23f1     23f1       42     1                 vTaskPlaceOnEventList
    2432     2432       7a     2         ./ra/aws/FreeRTOS/FreeRTOS/Source/tasks.o:(.text.vTaskPlaceOnEventListRestricted)
    2432     2432        0     1                 $t
    2433     2433       7a     1                 vTaskPlaceOnEventListRestricted
    24ac     24ac      10c     2         ./ra/aws/FreeRTOS/FreeRTOS/Source/tasks.o:(.text.xTaskRemoveFromEventList)
    24ac     24ac        0     1                 $t
    24ad     24ad      10c     1                 xTaskRemoveFromEventList
    25b8     25b8       1a     2         ./ra/aws/FreeRTOS/FreeRTOS/Source/tasks.o:(.text.vTaskInternalSetTimeOutState)
    25b8     25b8        0     1                 $t
    25b9     25b9       1a     1                 vTaskInternalSetTimeOutState
    25d2     25d2       a0     2         ./ra/aws/FreeRTOS/FreeRTOS/Source/tasks.o:(.text.xTaskCheckForTimeOut)
    25d2     25d2        0     1                 $t
    25d3     25d3       a0     1                 xTaskCheckForTimeOut
    2672     2672        e     2         ./ra/aws/FreeRTOS/FreeRTOS/Source/tasks.o:(.text.vTaskMissedYield)
    2672     2672        0     1                 $t
    2673     2673        e     1                 vTaskMissedYield
    2680     2680        c     2         ./ra/aws/FreeRTOS/FreeRTOS/Source/tasks.o:(.text.xTaskGetCurrentTaskHandle)
    2680     2680        0     1                 $t
    2681     2681        c     1                 xTaskGetCurrentTaskHandle
    268c     268c       26     2         ./ra/aws/FreeRTOS/FreeRTOS/Source/tasks.o:(.text.xTaskGetSchedulerState)
    268c     268c        0     1                 $t
    268d     268d       26     1                 xTaskGetSchedulerState
    26b2     26b2       b0     2         ./ra/aws/FreeRTOS/FreeRTOS/Source/tasks.o:(.text.ulTaskGenericNotifyTake)
    26b2     26b2        0     1                 $t
    26b3     26b3       b0     1                 ulTaskGenericNotifyTake
    2762     2762      164     2         ./ra/aws/FreeRTOS/FreeRTOS/Source/tasks.o:(.text.vTaskGenericNotifyGiveFromISR)
    2762     2762        0     1                 $t
    2763     2763      164     1                 vTaskGenericNotifyGiveFromISR
    28c8     28c8       2e     4         ./ra/aws/FreeRTOS/FreeRTOS/Source/tasks.o:(.text.prvIdleTask)
    28c8     28c8        0     1                 $t
    28c9     28c9       2e     1                 prvIdleTask
    28f6     28f6       7e     2         ./ra/aws/FreeRTOS/FreeRTOS/Source/timers.o:(.text.xTimerCreateTimerTask)
    28f6     28f6        0     1                 $t
    28f7     28f7       7e     1                 xTimerCreateTimerTask
    2974     2974       7a     2         ./ra/aws/FreeRTOS/FreeRTOS/Source/timers.o:(.text.prvCheckForValidListAndQueue)
    2974     2974        0     1                 $t
    2975     2975       7a     1                 prvCheckForValidListAndQueue
    29f0     29f0      180     4         ./ra/aws/FreeRTOS/FreeRTOS/Source/timers.o:(.text.prvTimerTask)
    29f0     29f0        0     1                 $t
    29f1     29f1      180     1                 prvTimerTask
    2ad2     2ad2        0     1                 $d
    2adc     2adc        0     1                 $t
    2b70     2b70       56     4         ./ra/aws/FreeRTOS/FreeRTOS/Source/timers.o:(.text.prvSampleTimeNow)
    2b70     2b70        0     1                 $t
    2b71     2b71       56     1                 prvSampleTimeNow
    2bc6     2bc6       40     2         ./ra/aws/FreeRTOS/FreeRTOS/Source/timers.o:(.text.prvProcessExpiredTimer)
    2bc6     2bc6        0     1                 $t
    2bc7     2bc7       40     1                 prvProcessExpiredTimer
    2c08     2c08       2e     4         ./ra/aws/FreeRTOS/FreeRTOS/Source/timers.o:(.text.prvReloadTimer)
    2c08     2c08        0     1                 $t
    2c09     2c09       2e     1                 prvReloadTimer
    2c36     2c36       40     2         ./ra/aws/FreeRTOS/FreeRTOS/Source/timers.o:(.text.prvInsertTimerInActiveList)
    2c36     2c36        0     1                 $t
    2c37     2c37       40     1                 prvInsertTimerInActiveList
    2c76     2c76        8     2         C:\Renesas\e2_studio\toolchains\llvm_arm\ATfE-21.1.1-Windows-x86_64\bin\..\lib\clang-runtimes/arm-none-eabi/armv8m.main_hard_fp_exn_rtti_unaligned_size\lib\libc.a(bzero.c.o):(.text.bzero)
    2c76     2c76        0     1                 $t
    2c77     2c77        8     1                 bzero
    2c77     2c77        8     1                 __aeabi_memclr4
    2c77     2c77        8     1                 __aeabi_memclr8
    2c77     2c77        8     1                 __aeabi_memclr
    2c7e     2c7e       12     2         C:\Renesas\e2_studio\toolchains\llvm_arm\ATfE-21.1.1-Windows-x86_64\bin\..\lib\clang-runtimes/arm-none-eabi/armv8m.main_hard_fp_exn_rtti_unaligned_size\lib\libc.a(memcpy.c.o):(.text.memcpy)
    2c7e     2c7e        0     1                 $t
    2c7f     2c7f       12     1                 memcpy
    2c7f     2c7f       12     1                 __aeabi_memcpy4
    2c7f     2c7f       12     1                 __aeabi_memcpy8
    2c7f     2c7f       12     1                 __aeabi_memcpy
    2c90     2c90        e     2         C:\Renesas\e2_studio\toolchains\llvm_arm\ATfE-21.1.1-Windows-x86_64\bin\..\lib\clang-runtimes/arm-none-eabi/armv8m.main_hard_fp_exn_rtti_unaligned_size\lib\libc.a(memset.c.o):(.text.memset)
    2c90     2c90        0     1                 $t
    2c91     2c91        e     1                 memset
    2ca0     2ca0       28     4         C:\Renesas\e2_studio\toolchains\llvm_arm\ATfE-21.1.1-Windows-x86_64\bin\..\lib\clang-runtimes/arm-none-eabi/armv8m.main_hard_fp_exn_rtti_unaligned_size\lib\libc.a(libc_picolib_inittls.c.o):(.text._init_tls)
    2ca0     2ca0        0     1                 $t
    2ca1     2ca1       28     1                 _init_tls
    2cb8     2cb8        0     1                 $d
    2cc8     2cc8       14     4         C:\Renesas\e2_studio\toolchains\llvm_arm\ATfE-21.1.1-Windows-x86_64\bin\..\lib\clang-runtimes/arm-none-eabi/armv8m.main_hard_fp_exn_rtti_unaligned_size\lib\libc.a(libc_picolib_machine_arm_set_tls.c.o):(.text._set_tls)
    2cc8     2cc8        0     1                 $t
    2cc9     2cc9       14     1                 _set_tls
    2cd4     2cd4        0     1                 $d
    2cdc     2cdc        4     4         ./ra_gen/blinky_thread.o:(.rodata.blinky_thread_parameters)
    2cdc     2cdc        4     1                 blinky_thread_parameters
    2ce0     2ce0      787     1         <internal>:(.rodata.str1.1)
    3467     3467        1     1         ./ra_gen/common_data.o:(.rodata.g_external_irq9_ext_cfg)
    3467     3467        1     1                 g_external_irq9_ext_cfg
    3468     3468       14     4         ./ra_gen/common_data.o:(.rodata.g_external_irq9_cfg)
    3468     3468       14     1                 g_external_irq9_cfg
    347c     347c       58     4         ./ra_gen/hal_data.o:(.rodata.g_timer0_extend)
    347c     347c       58     1                 g_timer0_extend
    34d4     34d4       20     4         ./ra_gen/hal_data.o:(.rodata.g_timer0_cfg)
    34d4     34d4       20     1                 g_timer0_cfg
    34f4     34f4      138     4         ./ra_gen/pin_data.o:(.rodata.g_bsp_pin_cfg_data)
    34f4     34f4      138     1                 g_bsp_pin_cfg_data
    362c     362c        c     4         ./ra_gen/pin_data.o:(.rodata.g_bsp_pin_cfg)
    362c     362c        c     1                 g_bsp_pin_cfg
    3638     3638        4     2         ./ra_gen/vector_data.o:(.rodata.g_interrupt_event_link_select)
    3638     3638        4     1                 g_interrupt_event_link_select
    363c     363c        6     2         ./ra/fsp/src/r_ioport/r_ioport.o:(.rodata.g_vbatt_pins_input)
    363c     363c        6     1                 g_vbatt_pins_input
    3644     3644        8     4         ./ra/fsp/src/bsp/mcu/ra6e2/bsp_linker.o:(.rodata.nocache_list)
    3644     3644        8     1                 nocache_list
    364c     364c       18     4         ./ra/fsp/src/bsp/mcu/ra6e2/bsp_linker.o:(.rodata.g_init_info)
    364c     364c       18     1                 g_init_info
    3664     3664       24     4         ./ra/fsp/src/bsp/mcu/ra6e2/bsp_linker.o:(.rodata.zero_list)
    3664     3664       24     1                 zero_list
    3688     3688       40     4         ./ra/fsp/src/bsp/mcu/ra6e2/bsp_linker.o:(.rodata.copy_list)
    3688     3688       40     1                 copy_list
    36c8     36c8        a     2         ./ra/fsp/src/bsp/mcu/all/bsp_register_protection.o:(.rodata.g_prcr_masks)
    36c8     36c8        a     1                 g_prcr_masks
    36d4     36d4        4     4         ./ra/aws/FreeRTOS/FreeRTOS/Source/tasks.o:(.rodata.uxTopUsedPriority)
    36d4     36d4        4     1                 uxTopUsedPriority
    36d8     36d8       4e     4         ./ra/fsp/src/bsp/mcu/all/bsp_common.o:(.version)
    36d8     36d8        4     1                 g_fsp_version
    36dc     36dc        6     1                 g_fsp_version_string
    36e2     36e2       44     1                 g_fsp_version_build_string
    3726     3726        0     1         __flash_readonly$$Limit = .
    3726     3726        0     1 __flash_preinit_array$$
    3726     3726        0     1         __preinit_array_start = .
    3726     3726        0     1         __preinit_array_end = .
    3726     3726        0     1 __flash_init_array$$
    3726     3726        0     1         __init_array_start = .
    3726     3726        0     1         __init_array_end = .
    3726     3726        0     1 __flash_fini_array$$
    3726     3726        0     1         __fini_array_start = .
    3726     3726        0     1         __fini_array_end = .
    3726     3726        0     1 __flash_arm.exidx$$
    3726     3726        0     1         __exidx_start = .
    3726     3726        0     1         __exidx_end = .
    3800     3800        0     1 .flash.endof
    3800     3800        0     1         __ddsc_FLASH_END = .
    3800     3800        0     1 .flash.flat_nsc
    3800     3800        0     1         __ddsc_FLASH_NSC = .
 100a100  100a100        0     1 .option_setting_ofs0.startof
 100a100  100a100        0     1         __ddsc_OPTION_SETTING_OFS0_START = .
 100a100  100a100        4     4 __option_setting_ofs0_reg$$
 100a100  100a100        0     1         __option_setting_ofs0_reg$$Base = .
 100a100  100a100        4     4         ./ra/fsp/src/bsp/mcu/ra6e2/bsp_linker.o:(.option_setting_ofs0)
 100a100  100a100        4     1                 g_bsp_cfg_option_setting_ofs0
 100a104  100a104        0     1         __option_setting_ofs0_reg$$Limit = .
 100a104  100a104        0     1 .option_setting_ofs0.endof
 100a104  100a104        0     1         __ddsc_OPTION_SETTING_OFS0_END = .
 100a120  100a120        0     1 .option_setting_osis.startof
 100a120  100a120        0     1         __ddsc_OPTION_SETTING_OSIS_START = .
 100a120  100a120        0     1 __option_setting_osis_reg$$
 100a120  100a120        0     1         __option_setting_osis_reg$$Base = .
 100a120  100a120        0     1         __option_setting_osis_reg$$Limit = .
 100a120  100a120        0     1 .option_setting_osis.endof
 100a120  100a120        0     1         __ddsc_OPTION_SETTING_OSIS_END = .
 100a200  100a200        0     1 .option_setting_ofs1_sec.startof
 100a200  100a200        0     1         __ddsc_OPTION_SETTING_OFS1_SEC_START = .
 100a200  100a200        4     4 __option_setting_ofs1_sec_reg$$
 100a200  100a200        0     1         __option_setting_ofs1_sec_reg$$Base = .
 100a200  100a200        4     4         ./ra/fsp/src/bsp/mcu/ra6e2/bsp_linker.o:(.option_setting_ofs1_sec)
 100a200  100a200        4     1                 g_bsp_cfg_option_setting_ofs1_sec
 100a204  100a204        0     1         __option_setting_ofs1_sec_reg$$Limit = .
 100a204  100a204        0     1 .option_setting_ofs1_sec.endof
 100a204  100a204        0     1         __ddsc_OPTION_SETTING_OFS1_SEC_END = .
 100a240  100a240        0     1 .option_setting_bps_sec.startof
 100a240  100a240        0     1         __ddsc_OPTION_SETTING_BPS_SEC_START = .
 100a240  100a240        0     1 __option_setting_bps_sec_reg$$
 100a240  100a240        0     1         __option_setting_bps_sec_reg$$Base = .
 100a240  100a240        0     1         __option_setting_bps_sec_reg$$Limit = .
 100a240  100a240        0     1 .option_setting_bps_sec.endof
 100a240  100a240        0     1         __ddsc_OPTION_SETTING_BPS_SEC_END = .
 100a260  100a260        0     1 .option_setting_pbps_sec.startof
 100a260  100a260        0     1         __ddsc_OPTION_SETTING_PBPS_SEC_START = .
 100a260  100a260        0     1 __option_setting_pbps_sec_reg$$
 100a260  100a260        0     1         __option_setting_pbps_sec_reg$$Base = .
 100a260  100a260        0     1         __option_setting_pbps_sec_reg$$Limit = .
 100a260  100a260        0     1 .option_setting_pbps_sec.endof
 100a260  100a260        0     1         __ddsc_OPTION_SETTING_PBPS_SEC_END = .
 100a260  100a260        0     1 PROVIDE( __tls_base = ADDR (__ram_tdata$$))
 100a260  100a260        0     1 PROVIDE( __tdata_source = LOADADDR (__ram_tdata$$))
 100a260  100a260        0     1 PROVIDE( __tdata_size = SIZEOF (__ram_tdata$$))
 100a260  100a260        0     1 PROVIDE( __tbss_offset = ADDR (__ram_tbss$$) - ADDR (__ram_tdata$$))
 100a260  100a260        0     1 PROVIDE( __tbss_size = SIZEOF (__ram_tbss$$))
 100a260  100a260        0     1 PROVIDE( __arm32_tls_tcb_offset = 8)
       0        0       3e     1 .ARM.attributes
       0        0       3e     1         C:\Renesas\e2_studio\toolchains\llvm_arm\ATfE-21.1.1-Windows-x86_64\bin\..\lib\clang-runtimes/arm-none-eabi/armv8m.main_hard_fp_exn_rtti_unaligned_size\lib\crt0.o:(.ARM.attributes)
       0        0     51e1     1 .debug_loclists
       0        0       7f     1         ./src/blinky_thread_entry.o:(.debug_loclists)
      7f       7f       54     1         ./src/ext_irq.o:(.debug_loclists)
      d3       d3       1e     1         ./src/hal_warmstart.o:(.debug_loclists)
      f1       f1       1e     1         ./src/timer.o:(.debug_loclists)
     10f      10f       22     1         ./ra_gen/blinky_thread.o:(.debug_loclists)
     131      131       45     1         ./ra_gen/main.o:(.debug_loclists)
     176      176      164     1         ./ra/fsp/src/rm_freertos_port/port.o:(.debug_loclists)
     2da      2da      4d3     1         ./ra/fsp/src/r_ioport/r_ioport.o:(.debug_loclists)
     7ad      7ad      166     1         ./ra/fsp/src/r_icu/r_icu.o:(.debug_loclists)
     913      913      7e0     1         ./ra/fsp/src/r_gpt/r_gpt.o:(.debug_loclists)
    10f3     10f3      18c     1         ./ra/fsp/src/bsp/mcu/all/bsp_clocks.o:(.debug_loclists)
    127f     127f       1d     1         ./ra/fsp/src/bsp/mcu/all/bsp_common.o:(.debug_loclists)
    129c     129c      10e     1         ./ra/fsp/src/bsp/mcu/all/bsp_delay.o:(.debug_loclists)
    13aa     13aa       35     1         ./ra/fsp/src/bsp/mcu/all/bsp_group_irq.o:(.debug_loclists)
    13df     13df       5c     1         ./ra/fsp/src/bsp/mcu/all/bsp_irq.o:(.debug_loclists)
    143b     143b       44     1         ./ra/fsp/src/bsp/mcu/all/bsp_register_protection.o:(.debug_loclists)
    147f     147f       1e     1         ./ra/fsp/src/bsp/mcu/all/bsp_sbrk.o:(.debug_loclists)
    149d     149d       60     1         ./ra/fsp/src/bsp/cmsis/Device/RENESAS/Source/system.o:(.debug_loclists)
    14fd     14fd      5e8     1         ./ra/aws/FreeRTOS/FreeRTOS/Source/event_groups.o:(.debug_loclists)
    1ae5     1ae5       7d     1         ./ra/aws/FreeRTOS/FreeRTOS/Source/list.o:(.debug_loclists)
    1b62     1b62      da5     1         ./ra/aws/FreeRTOS/FreeRTOS/Source/queue.o:(.debug_loclists)
    2907     2907      efb     1         ./ra/aws/FreeRTOS/FreeRTOS/Source/stream_buffer.o:(.debug_loclists)
    3802     3802     12c7     1         ./ra/aws/FreeRTOS/FreeRTOS/Source/tasks.o:(.debug_loclists)
    4ac9     4ac9      718     1         ./ra/aws/FreeRTOS/FreeRTOS/Source/timers.o:(.debug_loclists)
       0        0     3746     1 .debug_abbrev
       0        0      1c6     1         ./src/blinky_thread_entry.o:(.debug_abbrev)
     1c6      1c6      1ee     1         ./src/ext_irq.o:(.debug_abbrev)
     3b4      3b4      106     1         ./src/hal_warmstart.o:(.debug_abbrev)
     4ba      4ba       a8     1         ./src/timer.o:(.debug_abbrev)
     562      562      159     1         ./ra_gen/blinky_thread.o:(.debug_abbrev)
     6bb      6bb      144     1         ./ra_gen/common_data.o:(.debug_abbrev)
     7ff      7ff      22a     1         ./ra_gen/hal_data.o:(.debug_abbrev)
     a29      a29      123     1         ./ra_gen/main.o:(.debug_abbrev)
     b4c      b4c       e6     1         ./ra_gen/pin_data.o:(.debug_abbrev)
     c32      c32       92     1         ./ra_gen/vector_data.o:(.debug_abbrev)
     cc4      cc4      32b     1         ./ra/fsp/src/rm_freertos_port/port.o:(.debug_abbrev)
     fef      fef      2fc     1         ./ra/fsp/src/r_ioport/r_ioport.o:(.debug_abbrev)
    12eb     12eb      35f     1         ./ra/fsp/src/r_icu/r_icu.o:(.debug_abbrev)
    164a     164a      3f7     1         ./ra/fsp/src/r_gpt/r_gpt.o:(.debug_abbrev)
    1a41     1a41       a2     1         ./ra/fsp/src/bsp/mcu/ra6e2/bsp_linker.o:(.debug_abbrev)
    1ae3     1ae3      2de     1         ./ra/fsp/src/bsp/mcu/all/bsp_clocks.o:(.debug_abbrev)
    1dc1     1dc1      149     1         ./ra/fsp/src/bsp/mcu/all/bsp_common.o:(.debug_abbrev)
    1f0a     1f0a       ad     1         ./ra/fsp/src/bsp/mcu/all/bsp_delay.o:(.debug_abbrev)
    1fb7     1fb7      1ff     1         ./ra/fsp/src/bsp/mcu/all/bsp_group_irq.o:(.debug_abbrev)
    21b6     21b6       44     1         ./ra/fsp/src/bsp/mcu/all/bsp_io.o:(.debug_abbrev)
    21fa     21fa      1a3     1         ./ra/fsp/src/bsp/mcu/all/bsp_irq.o:(.debug_abbrev)
    239d     239d      209     1         ./ra/fsp/src/bsp/mcu/all/bsp_register_protection.o:(.debug_abbrev)
    25a6     25a6       67     1         ./ra/fsp/src/bsp/mcu/all/bsp_sbrk.o:(.debug_abbrev)
    260d     260d       a7     1         ./ra/fsp/src/bsp/cmsis/Device/RENESAS/Source/startup.o:(.debug_abbrev)
    26b4     26b4      1ff     1         ./ra/fsp/src/bsp/cmsis/Device/RENESAS/Source/system.o:(.debug_abbrev)
    28b3     28b3       43     1         ./ra/board/ra6e2_fpb/board_init.o:(.debug_abbrev)
    28f6     28f6       91     1         ./ra/board/ra6e2_fpb/board_leds.o:(.debug_abbrev)
    2987     2987      215     1         ./ra/aws/FreeRTOS/FreeRTOS/Source/event_groups.o:(.debug_abbrev)
    2b9c     2b9c       c1     1         ./ra/aws/FreeRTOS/FreeRTOS/Source/list.o:(.debug_abbrev)
    2c5d     2c5d      274     1         ./ra/aws/FreeRTOS/FreeRTOS/Source/queue.o:(.debug_abbrev)
    2ed1     2ed1      247     1         ./ra/aws/FreeRTOS/FreeRTOS/Source/stream_buffer.o:(.debug_abbrev)
    3118     3118      361     1         ./ra/aws/FreeRTOS/FreeRTOS/Source/tasks.o:(.debug_abbrev)
    3479     3479      2cd     1         ./ra/aws/FreeRTOS/FreeRTOS/Source/timers.o:(.debug_abbrev)
       0        0    27e55     1 .debug_info
       0        0     1051     1         ./src/blinky_thread_entry.o:(.debug_info)
    1051     1051      f2a     1         ./src/ext_irq.o:(.debug_info)
    1f7b     1f7b      9fb     1         ./src/hal_warmstart.o:(.debug_info)
    2976     2976       d1     1         ./src/timer.o:(.debug_info)
    2a47     2a47      21a     1         ./ra_gen/blinky_thread.o:(.debug_info)
    2c61     2c61      ed9     1         ./ra_gen/common_data.o:(.debug_info)
    3b3a     3b3a     2f9d     1         ./ra_gen/hal_data.o:(.debug_info)
    6ad7     6ad7      36e     1         ./ra_gen/main.o:(.debug_info)
    6e45     6e45      49b     1         ./ra_gen/pin_data.o:(.debug_info)
    72e0     72e0      34d     1         ./ra_gen/vector_data.o:(.debug_info)
    762d     762d     3786     1         ./ra/fsp/src/rm_freertos_port/port.o:(.debug_info)
    adb3     adb3     2ff3     1         ./ra/fsp/src/r_ioport/r_ioport.o:(.debug_info)
    dda6     dda6     13f3     1         ./ra/fsp/src/r_icu/r_icu.o:(.debug_info)
    f199     f199     82c8     1         ./ra/fsp/src/r_gpt/r_gpt.o:(.debug_info)
   17461    17461      1df     1         ./ra/fsp/src/bsp/mcu/ra6e2/bsp_linker.o:(.debug_info)
   17640    17640     4717     1         ./ra/fsp/src/bsp/mcu/all/bsp_clocks.o:(.debug_info)
   1bd57    1bd57      59c     1         ./ra/fsp/src/bsp/mcu/all/bsp_common.o:(.debug_info)
   1c2f3    1c2f3      104     1         ./ra/fsp/src/bsp/mcu/all/bsp_delay.o:(.debug_info)
   1c3f7    1c3f7      dba     1         ./ra/fsp/src/bsp/mcu/all/bsp_group_irq.o:(.debug_info)
   1d1b1    1d1b1       43     1         ./ra/fsp/src/bsp/mcu/all/bsp_io.o:(.debug_info)
   1d1f4    1d1f4     15ad     1         ./ra/fsp/src/bsp/mcu/all/bsp_irq.o:(.debug_info)
   1e7a1    1e7a1     2ec8     1         ./ra/fsp/src/bsp/mcu/all/bsp_register_protection.o:(.debug_info)
   21669    21669       5f     1         ./ra/fsp/src/bsp/mcu/all/bsp_sbrk.o:(.debug_info)
   216c8    216c8       b1     1         ./ra/fsp/src/bsp/cmsis/Device/RENESAS/Source/startup.o:(.debug_info)
   21779    21779      ac6     1         ./ra/fsp/src/bsp/cmsis/Device/RENESAS/Source/system.o:(.debug_info)
   2223f    2223f       3b     1         ./ra/board/ra6e2_fpb/board_init.o:(.debug_info)
   2227a    2227a       88     1         ./ra/board/ra6e2_fpb/board_leds.o:(.debug_info)
   22302    22302      9dd     1         ./ra/aws/FreeRTOS/FreeRTOS/Source/event_groups.o:(.debug_info)
   22cdf    22cdf      1ac     1         ./ra/aws/FreeRTOS/FreeRTOS/Source/list.o:(.debug_info)
   22e8b    22e8b     130f     1         ./ra/aws/FreeRTOS/FreeRTOS/Source/queue.o:(.debug_info)
   2419a    2419a     1067     1         ./ra/aws/FreeRTOS/FreeRTOS/Source/stream_buffer.o:(.debug_info)
   25201    25201     1d11     1         ./ra/aws/FreeRTOS/FreeRTOS/Source/tasks.o:(.debug_info)
   26f12    26f12      f43     1         ./ra/aws/FreeRTOS/FreeRTOS/Source/timers.o:(.debug_info)
       0        0     cd18     1 .debug_str_offsets
       0        0      9e8     1         ./src/blinky_thread_entry.o:(.debug_str_offsets)
     9e8      9e8      8e8     1         ./src/ext_irq.o:(.debug_str_offsets)
    12d0     12d0      820     1         ./src/hal_warmstart.o:(.debug_str_offsets)
    1af0     1af0       84     1         ./src/timer.o:(.debug_str_offsets)
    1b74     1b74       b4     1         ./ra_gen/blinky_thread.o:(.debug_str_offsets)
    1c28     1c28      9cc     1         ./ra_gen/common_data.o:(.debug_str_offsets)
    25f4     25f4     1208     1         ./ra_gen/hal_data.o:(.debug_str_offsets)
    37fc     37fc      124     1         ./ra_gen/main.o:(.debug_str_offsets)
    3920     3920      428     1         ./ra_gen/pin_data.o:(.debug_str_offsets)
    3d48     3d48      330     1         ./ra_gen/vector_data.o:(.debug_str_offsets)
    4078     4078      db8     1         ./ra/fsp/src/rm_freertos_port/port.o:(.debug_str_offsets)
    4e30     4e30      ff0     1         ./ra/fsp/src/r_ioport/r_ioport.o:(.debug_str_offsets)
    5e20     5e20      7f4     1         ./ra/fsp/src/r_icu/r_icu.o:(.debug_str_offsets)
    6614     6614     23ec     1         ./ra/fsp/src/r_gpt/r_gpt.o:(.debug_str_offsets)
    8a00     8a00       9c     1         ./ra/fsp/src/bsp/mcu/ra6e2/bsp_linker.o:(.debug_str_offsets)
    8a9c     8a9c     1010     1         ./ra/fsp/src/bsp/mcu/all/bsp_clocks.o:(.debug_str_offsets)
    9aac     9aac      468     1         ./ra/fsp/src/bsp/mcu/all/bsp_common.o:(.debug_str_offsets)
    9f14     9f14       74     1         ./ra/fsp/src/bsp/mcu/all/bsp_delay.o:(.debug_str_offsets)
    9f88     9f88      698     1         ./ra/fsp/src/bsp/mcu/all/bsp_group_irq.o:(.debug_str_offsets)
    a620     a620       24     1         ./ra/fsp/src/bsp/mcu/all/bsp_io.o:(.debug_str_offsets)
    a644     a644      78c     1         ./ra/fsp/src/bsp/mcu/all/bsp_irq.o:(.debug_str_offsets)
    add0     add0      bac     1         ./ra/fsp/src/bsp/mcu/all/bsp_register_protection.o:(.debug_str_offsets)
    b97c     b97c       2c     1         ./ra/fsp/src/bsp/mcu/all/bsp_sbrk.o:(.debug_str_offsets)
    b9a8     b9a8       3c     1         ./ra/fsp/src/bsp/cmsis/Device/RENESAS/Source/startup.o:(.debug_str_offsets)
    b9e4     b9e4      344     1         ./ra/fsp/src/bsp/cmsis/Device/RENESAS/Source/system.o:(.debug_str_offsets)
    bd28     bd28       1c     1         ./ra/board/ra6e2_fpb/board_init.o:(.debug_str_offsets)
    bd44     bd44       3c     1         ./ra/board/ra6e2_fpb/board_leds.o:(.debug_str_offsets)
    bd80     bd80      240     1         ./ra/aws/FreeRTOS/FreeRTOS/Source/event_groups.o:(.debug_str_offsets)
    bfc0     bfc0       90     1         ./ra/aws/FreeRTOS/FreeRTOS/Source/list.o:(.debug_str_offsets)
    c050     c050      324     1         ./ra/aws/FreeRTOS/FreeRTOS/Source/queue.o:(.debug_str_offsets)
    c374     c374      1d8     1         ./ra/aws/FreeRTOS/FreeRTOS/Source/stream_buffer.o:(.debug_str_offsets)
    c54c     c54c      494     1         ./ra/aws/FreeRTOS/FreeRTOS/Source/tasks.o:(.debug_str_offsets)
    c9e0     c9e0      338     1         ./ra/aws/FreeRTOS/FreeRTOS/Source/timers.o:(.debug_str_offsets)
       0        0     f496     1 .debug_str
       0        0     f496     1         <internal>:(.debug_str)
       0        0      e24     1 .debug_addr
       0        0       28     1         ./src/blinky_thread_entry.o:(.debug_addr)
      28       28       2c     1         ./src/ext_irq.o:(.debug_addr)
      54       54       10     1         ./src/hal_warmstart.o:(.debug_addr)
      64       64        c     1         ./src/timer.o:(.debug_addr)
      70       70       2c     1         ./ra_gen/blinky_thread.o:(.debug_addr)
      9c       9c       24     1         ./ra_gen/common_data.o:(.debug_addr)
      c0       c0       1c     1         ./ra_gen/hal_data.o:(.debug_addr)
      dc       dc       3c     1         ./ra_gen/main.o:(.debug_addr)
     118      118       10     1         ./ra_gen/pin_data.o:(.debug_addr)
     128      128       10     1         ./ra_gen/vector_data.o:(.debug_addr)
     138      138       bc     1         ./ra/fsp/src/rm_freertos_port/port.o:(.debug_addr)
     1f4      1f4       94     1         ./ra/fsp/src/r_ioport/r_ioport.o:(.debug_addr)
     288      288       4c     1         ./ra/fsp/src/r_icu/r_icu.o:(.debug_addr)
     2d4      2d4      1c8     1         ./ra/fsp/src/r_gpt/r_gpt.o:(.debug_addr)
     49c      49c       20     1         ./ra/fsp/src/bsp/mcu/ra6e2/bsp_linker.o:(.debug_addr)
     4bc      4bc       64     1         ./ra/fsp/src/bsp/mcu/all/bsp_clocks.o:(.debug_addr)
     520      520       20     1         ./ra/fsp/src/bsp/mcu/all/bsp_common.o:(.debug_addr)
     540      540       20     1         ./ra/fsp/src/bsp/mcu/all/bsp_delay.o:(.debug_addr)
     560      560       1c     1         ./ra/fsp/src/bsp/mcu/all/bsp_group_irq.o:(.debug_addr)
     57c      57c        c     1         ./ra/fsp/src/bsp/mcu/all/bsp_io.o:(.debug_addr)
     588      588       24     1         ./ra/fsp/src/bsp/mcu/all/bsp_irq.o:(.debug_addr)
     5ac      5ac       30     1         ./ra/fsp/src/bsp/mcu/all/bsp_register_protection.o:(.debug_addr)
     5dc      5dc        c     1         ./ra/fsp/src/bsp/mcu/all/bsp_sbrk.o:(.debug_addr)
     5e8      5e8       1c     1         ./ra/fsp/src/bsp/cmsis/Device/RENESAS/Source/startup.o:(.debug_addr)
     604      604       30     1         ./ra/fsp/src/bsp/cmsis/Device/RENESAS/Source/system.o:(.debug_addr)
     634      634        c     1         ./ra/board/ra6e2_fpb/board_init.o:(.debug_addr)
     640      640       10     1         ./ra/board/ra6e2_fpb/board_leds.o:(.debug_addr)
     650      650       90     1         ./ra/aws/FreeRTOS/FreeRTOS/Source/event_groups.o:(.debug_addr)
     6e0      6e0       1c     1         ./ra/aws/FreeRTOS/FreeRTOS/Source/list.o:(.debug_addr)
     6fc      6fc      17c     1         ./ra/aws/FreeRTOS/FreeRTOS/Source/queue.o:(.debug_addr)
     878      878      17c     1         ./ra/aws/FreeRTOS/FreeRTOS/Source/stream_buffer.o:(.debug_addr)
     9f4      9f4      318     1         ./ra/aws/FreeRTOS/FreeRTOS/Source/tasks.o:(.debug_addr)
     d0c      d0c      118     1         ./ra/aws/FreeRTOS/FreeRTOS/Source/timers.o:(.debug_addr)
       0        0       29     1 .comment
       0        0       29     1         <internal>:(.comment)
       0        0     1858     4 .debug_frame
       0        0       24     4         ./src/blinky_thread_entry.o:(.debug_frame)
      24       24       30     4         ./src/ext_irq.o:(.debug_frame)
      54       54       24     4         ./src/hal_warmstart.o:(.debug_frame)
      78       78       30     4         ./src/timer.o:(.debug_frame)
      a8       a8       48     4         ./ra_gen/blinky_thread.o:(.debug_frame)
      f0       f0       24     4         ./ra_gen/common_data.o:(.debug_frame)
     114      114       24     4         ./ra_gen/hal_data.o:(.debug_frame)
     138      138       78     4         ./ra_gen/main.o:(.debug_frame)
     1b0      1b0      13c     4         ./ra/fsp/src/rm_freertos_port/port.o:(.debug_frame)
     2ec      2ec      150     4         ./ra/fsp/src/r_ioport/r_ioport.o:(.debug_frame)
     43c      43c       94     4         ./ra/fsp/src/r_icu/r_icu.o:(.debug_frame)
     4d0      4d0      208     4         ./ra/fsp/src/r_gpt/r_gpt.o:(.debug_frame)
     6d8      6d8       f0     4         ./ra/fsp/src/bsp/mcu/all/bsp_clocks.o:(.debug_frame)
     7c8      7c8       44     4         ./ra/fsp/src/bsp/mcu/all/bsp_common.o:(.debug_frame)
     80c      80c       34     4         ./ra/fsp/src/bsp/mcu/all/bsp_delay.o:(.debug_frame)
     840      840       44     4         ./ra/fsp/src/bsp/mcu/all/bsp_group_irq.o:(.debug_frame)
     884      884       34     4         ./ra/fsp/src/bsp/mcu/all/bsp_irq.o:(.debug_frame)
     8b8      8b8       3c     4         ./ra/fsp/src/bsp/mcu/all/bsp_register_protection.o:(.debug_frame)
     8f4      8f4       2c     4         ./ra/fsp/src/bsp/mcu/all/bsp_sbrk.o:(.debug_frame)
     920      920       34     4         ./ra/fsp/src/bsp/cmsis/Device/RENESAS/Source/startup.o:(.debug_frame)
     954      954       60     4         ./ra/fsp/src/bsp/cmsis/Device/RENESAS/Source/system.o:(.debug_frame)
     9b4      9b4       24     4         ./ra/board/ra6e2_fpb/board_init.o:(.debug_frame)
     9d8      9d8      114     4         ./ra/aws/FreeRTOS/FreeRTOS/Source/event_groups.o:(.debug_frame)
     aec      aec       6c     4         ./ra/aws/FreeRTOS/FreeRTOS/Source/list.o:(.debug_frame)
     b58      b58      300     4         ./ra/aws/FreeRTOS/FreeRTOS/Source/queue.o:(.debug_frame)
     e58      e58      2c8     4         ./ra/aws/FreeRTOS/FreeRTOS/Source/stream_buffer.o:(.debug_frame)
    1120     1120      4c8     4         ./ra/aws/FreeRTOS/FreeRTOS/Source/tasks.o:(.debug_frame)
    15e8     15e8      24c     4         ./ra/aws/FreeRTOS/FreeRTOS/Source/timers.o:(.debug_frame)
    1834     1834       24     4         C:\Renesas\e2_studio\toolchains\llvm_arm\ATfE-21.1.1-Windows-x86_64\bin\..\lib\clang-runtimes/arm-none-eabi/armv8m.main_hard_fp_exn_rtti_unaligned_size\lib\libc.a(libc_picolib_machine_arm_read_tp.S.o):(.debug_frame)
       0        0     6965     1 .debug_line
       0        0      11e     1         ./src/blinky_thread_entry.o:(.debug_line)
     11e      11e      146     1         ./src/ext_irq.o:(.debug_line)
     264      264      119     1         ./src/hal_warmstart.o:(.debug_line)
     37d      37d       e1     1         ./src/timer.o:(.debug_line)
     45e      45e      139     1         ./ra_gen/blinky_thread.o:(.debug_line)
     597      597      139     1         ./ra_gen/common_data.o:(.debug_line)
     6d0      6d0      125     1         ./ra_gen/hal_data.o:(.debug_line)
     7f5      7f5      1c9     1         ./ra_gen/main.o:(.debug_line)
     9be      9be       bc     1         ./ra_gen/pin_data.o:(.debug_line)
     a7a      a7a       9f     1         ./ra_gen/vector_data.o:(.debug_line)
     b19      b19      3c5     1         ./ra/fsp/src/rm_freertos_port/port.o:(.debug_line)
     ede      ede      570     1         ./ra/fsp/src/r_ioport/r_ioport.o:(.debug_line)
    144e     144e      2c1     1         ./ra/fsp/src/r_icu/r_icu.o:(.debug_line)
    170f     170f      c7c     1         ./ra/fsp/src/r_gpt/r_gpt.o:(.debug_line)
    238b     238b       a7     1         ./ra/fsp/src/bsp/mcu/ra6e2/bsp_linker.o:(.debug_line)
    2432     2432      4b3     1         ./ra/fsp/src/bsp/mcu/all/bsp_clocks.o:(.debug_line)
    28e5     28e5      10e     1         ./ra/fsp/src/bsp/mcu/all/bsp_common.o:(.debug_line)
    29f3     29f3      14c     1         ./ra/fsp/src/bsp/mcu/all/bsp_delay.o:(.debug_line)
    2b3f     2b3f      135     1         ./ra/fsp/src/bsp/mcu/all/bsp_group_irq.o:(.debug_line)
    2c74     2c74       8e     1         ./ra/fsp/src/bsp/mcu/all/bsp_io.o:(.debug_line)
    2d02     2d02       fb     1         ./ra/fsp/src/bsp/mcu/all/bsp_irq.o:(.debug_line)
    2dfd     2dfd      116     1         ./ra/fsp/src/bsp/mcu/all/bsp_register_protection.o:(.debug_line)
    2f13     2f13       b3     1         ./ra/fsp/src/bsp/mcu/all/bsp_sbrk.o:(.debug_line)
    2fc6     2fc6       bf     1         ./ra/fsp/src/bsp/cmsis/Device/RENESAS/Source/startup.o:(.debug_line)
    3085     3085      18f     1         ./ra/fsp/src/bsp/cmsis/Device/RENESAS/Source/system.o:(.debug_line)
    3214     3214       6e     1         ./ra/board/ra6e2_fpb/board_init.o:(.debug_line)
    3282     3282       a7     1         ./ra/board/ra6e2_fpb/board_leds.o:(.debug_line)
    3329     3329      3e0     1         ./ra/aws/FreeRTOS/FreeRTOS/Source/event_groups.o:(.debug_line)
    3709     3709      1d6     1         ./ra/aws/FreeRTOS/FreeRTOS/Source/list.o:(.debug_line)
    38df     38df      d1f     1         ./ra/aws/FreeRTOS/FreeRTOS/Source/queue.o:(.debug_line)
    45fe     45fe      9b2     1         ./ra/aws/FreeRTOS/FreeRTOS/Source/stream_buffer.o:(.debug_line)
    4fb0     4fb0     1372     1         ./ra/aws/FreeRTOS/FreeRTOS/Source/tasks.o:(.debug_line)
    6322     6322      643     1         ./ra/aws/FreeRTOS/FreeRTOS/Source/timers.o:(.debug_line)
       0        0     1013     1 .debug_line_str
       0        0     1013     1         <internal>:(.debug_line_str)
       0        0      879     1 .debug_rnglists
       0        0       25     1         ./src/ext_irq.o:(.debug_rnglists)
      25       25       17     1         ./ra_gen/blinky_thread.o:(.debug_rnglists)
      3c       3c       20     1         ./ra_gen/main.o:(.debug_rnglists)
      5c       5c       65     1         ./ra/fsp/src/rm_freertos_port/port.o:(.debug_rnglists)
      c1       c1       4d     1         ./ra/fsp/src/r_ioport/r_ioport.o:(.debug_rnglists)
     10e      10e       3e     1         ./ra/fsp/src/r_icu/r_icu.o:(.debug_rnglists)
     14c      14c      13c     1         ./ra/fsp/src/r_gpt/r_gpt.o:(.debug_rnglists)
     288      288       5b     1         ./ra/fsp/src/bsp/mcu/all/bsp_clocks.o:(.debug_rnglists)
     2e3      2e3       1a     1         ./ra/fsp/src/bsp/mcu/all/bsp_common.o:(.debug_rnglists)
     2fd      2fd       18     1         ./ra/fsp/src/bsp/mcu/all/bsp_delay.o:(.debug_rnglists)
     315      315       17     1         ./ra/fsp/src/bsp/mcu/all/bsp_group_irq.o:(.debug_rnglists)
     32c      32c       17     1         ./ra/fsp/src/bsp/mcu/all/bsp_register_protection.o:(.debug_rnglists)
     343      343       17     1         ./ra/fsp/src/bsp/cmsis/Device/RENESAS/Source/startup.o:(.debug_rnglists)
     35a      35a       1b     1         ./ra/fsp/src/bsp/cmsis/Device/RENESAS/Source/system.o:(.debug_rnglists)
     375      375       4e     1         ./ra/aws/FreeRTOS/FreeRTOS/Source/event_groups.o:(.debug_rnglists)
     3c3      3c3       20     1         ./ra/aws/FreeRTOS/FreeRTOS/Source/list.o:(.debug_rnglists)
     3e3      3e3      168     1         ./ra/aws/FreeRTOS/FreeRTOS/Source/queue.o:(.debug_rnglists)
     54b      54b       89     1         ./ra/aws/FreeRTOS/FreeRTOS/Source/stream_buffer.o:(.debug_rnglists)
     5d4      5d4      226     1         ./ra/aws/FreeRTOS/FreeRTOS/Source/tasks.o:(.debug_rnglists)
     7fa      7fa       7f     1         ./ra/aws/FreeRTOS/FreeRTOS/Source/timers.o:(.debug_rnglists)
       0        0     1c70     4 .symtab
       0        0     1c70     4         <internal>:(.symtab)
       0        0      4da     1 .shstrtab
       0        0      4da     1         <internal>:(.shstrtab)
       0        0     1c6d     1 .strtab
       0        0     1c6d     1         <internal>:(.strtab)

Cross Reference Table

Symbol                                            File
memcpy                                            C:\Renesas\e2_studio\toolchains\llvm_arm\ATfE-21.1.1-Windows-x86_64\bin\..\lib\clang-runtimes/arm-none-eabi/armv8m.main_hard_fp_exn_rtti_unaligned_size\lib\libc.a(memcpy.c.o)
                                                  C:\Renesas\e2_studio\toolchains\llvm_arm\ATfE-21.1.1-Windows-x86_64\bin\..\lib\clang-runtimes/arm-none-eabi/armv8m.main_hard_fp_exn_rtti_unaligned_size\lib\crt0.o
memset                                            C:\Renesas\e2_studio\toolchains\llvm_arm\ATfE-21.1.1-Windows-x86_64\bin\..\lib\clang-runtimes/arm-none-eabi/armv8m.main_hard_fp_exn_rtti_unaligned_size\lib\libc.a(memset.c.o)
                                                  C:\Renesas\e2_studio\toolchains\llvm_arm\ATfE-21.1.1-Windows-x86_64\bin\..\lib\clang-runtimes/arm-none-eabi/armv8m.main_hard_fp_exn_rtti_unaligned_size\lib\crt0.o
                                                  C:\Renesas\e2_studio\toolchains\llvm_arm\ATfE-21.1.1-Windows-x86_64\bin\..\lib\clang-runtimes/arm-none-eabi/armv8m.main_hard_fp_exn_rtti_unaligned_size\lib\libc.a(aeabi_memset.c.o)
                                                  C:\Renesas\e2_studio\toolchains\llvm_arm\ATfE-21.1.1-Windows-x86_64\bin\..\lib\clang-runtimes/arm-none-eabi/armv8m.main_hard_fp_exn_rtti_unaligned_size\lib\libc.a(bzero.c.o)
_set_tls                                          C:\Renesas\e2_studio\toolchains\llvm_arm\ATfE-21.1.1-Windows-x86_64\bin\..\lib\clang-runtimes/arm-none-eabi/armv8m.main_hard_fp_exn_rtti_unaligned_size\lib\libc.a(libc_picolib_machine_arm_set_tls.c.o)
                                                  C:\Renesas\e2_studio\toolchains\llvm_arm\ATfE-21.1.1-Windows-x86_64\bin\..\lib\clang-runtimes/arm-none-eabi/armv8m.main_hard_fp_exn_rtti_unaligned_size\lib\crt0.o
                                                  ./ra/fsp/src/bsp/cmsis/Device/RENESAS/Source/system.o
main                                              ./ra_gen/main.o
                                                  C:\Renesas\e2_studio\toolchains\llvm_arm\ATfE-21.1.1-Windows-x86_64\bin\..\lib\clang-runtimes/arm-none-eabi/armv8m.main_hard_fp_exn_rtti_unaligned_size\lib\crt0.o
                                                  ./ra/fsp/src/bsp/cmsis/Device/RENESAS/Source/startup.o
__tls_base                                        fsp_gen.lld:397
                                                  C:\Renesas\e2_studio\toolchains\llvm_arm\ATfE-21.1.1-Windows-x86_64\bin\..\lib\clang-runtimes/arm-none-eabi/armv8m.main_hard_fp_exn_rtti_unaligned_size\lib\crt0.o
                                                  ./ra/fsp/src/bsp/cmsis/Device/RENESAS/Source/system.o
blinky_thread_entry                               ./src/blinky_thread_entry.o
                                                  ./ra_gen/blinky_thread.o
xTaskGetCurrentTaskHandle                         ./ra/aws/FreeRTOS/FreeRTOS/Source/tasks.o
                                                  ./src/blinky_thread_entry.o
                                                  ./ra/aws/FreeRTOS/FreeRTOS/Source/stream_buffer.o
blinky_thread                                     ./ra_gen/blinky_thread.o
                                                  ./src/blinky_thread_entry.o
                                                  ./src/timer.o
g_timer0_ctrl                                     ./ra_gen/hal_data.o
                                                  ./src/blinky_thread_entry.o
                                                  ./src/ext_irq.o
g_timer0_cfg                                      ./ra_gen/hal_data.o
                                                  ./src/blinky_thread_entry.o
R_GPT_Open                                        ./ra/fsp/src/r_gpt/r_gpt.o
                                                  ./src/blinky_thread_entry.o
R_GPT_Start                                       ./ra/fsp/src/r_gpt/r_gpt.o
                                                  ./src/blinky_thread_entry.o
                                                  ./src/ext_irq.o
g_external_irq9_ctrl                              ./ra_gen/common_data.o
                                                  ./src/blinky_thread_entry.o
g_external_irq9_cfg                               ./ra_gen/common_data.o
                                                  ./src/blinky_thread_entry.o
R_ICU_ExternalIrqOpen                             ./ra/fsp/src/r_icu/r_icu.o
                                                  ./src/blinky_thread_entry.o
R_ICU_ExternalIrqEnable                           ./ra/fsp/src/r_icu/r_icu.o
                                                  ./src/blinky_thread_entry.o
g_protect_pfswe_counter                           ./ra/fsp/src/bsp/mcu/all/bsp_io.o
                                                  ./src/blinky_thread_entry.o
                                                  ./src/ext_irq.o
                                                  ./ra/fsp/src/r_ioport/r_ioport.o
ulTaskGenericNotifyTake                           ./ra/aws/FreeRTOS/FreeRTOS/Source/tasks.o
                                                  ./src/blinky_thread_entry.o
g_irq9_callback                                   ./src/ext_irq.o
                                                  ./ra_gen/common_data.o
pin_level                                         ./src/ext_irq.o
R_GPT_Stop                                        ./ra/fsp/src/r_gpt/r_gpt.o
                                                  ./src/ext_irq.o
R_GPT_PeriodSet                                   ./ra/fsp/src/r_gpt/r_gpt.o
                                                  ./src/ext_irq.o
R_BSP_WarmStart                                   ./src/hal_warmstart.o
                                                  ./ra/fsp/src/bsp/cmsis/Device/RENESAS/Source/system.o
g_ioport_ctrl                                     ./ra_gen/common_data.o
                                                  ./src/hal_warmstart.o
g_bsp_pin_cfg                                     ./ra_gen/pin_data.o
                                                  ./src/hal_warmstart.o
                                                  ./ra_gen/common_data.o
R_IOPORT_Open                                     ./ra/fsp/src/r_ioport/r_ioport.o
                                                  ./src/hal_warmstart.o
g_timer0_callback                                 ./src/timer.o
                                                  ./ra_gen/hal_data.o
vTaskGenericNotifyGiveFromISR                     ./ra/aws/FreeRTOS/FreeRTOS/Source/tasks.o
                                                  ./src/timer.o
blinky_thread_create                              ./ra_gen/blinky_thread.o
                                                  ./ra_gen/main.o
g_fsp_common_thread_count                         ./ra_gen/main.o
                                                  ./ra_gen/blinky_thread.o
blinky_thread_parameters                          ./ra_gen/blinky_thread.o
xTaskCreateStatic                                 ./ra/aws/FreeRTOS/FreeRTOS/Source/tasks.o
                                                  ./ra_gen/blinky_thread.o
                                                  ./ra/aws/FreeRTOS/FreeRTOS/Source/timers.o
rtos_startup_err_callback                         ./ra_gen/main.o
                                                  ./ra_gen/blinky_thread.o
rtos_startup_common_init                          ./ra_gen/main.o
                                                  ./ra_gen/blinky_thread.o
g_common_init                                     ./ra_gen/common_data.o
                                                  ./ra_gen/hal_data.o
g_external_irq9_ext_cfg                           ./ra_gen/common_data.o
g_hal_init                                        ./ra_gen/hal_data.o
                                                  ./ra_gen/main.o
g_timer0_extend                                   ./ra_gen/hal_data.o
rtos_startup_err_callback_internal                ./ra_gen/main.o
g_fsp_common_initialized_semaphore                ./ra_gen/main.o
xQueueSemaphoreTake                               ./ra/aws/FreeRTOS/FreeRTOS/Source/queue.o
[...]
                                                  ./ra/aws/FreeRTOS/FreeRTOS/Source/queue.o
                                                  ./ra/aws/FreeRTOS/FreeRTOS/Source/stream_buffer.o
                                                  ./ra/aws/FreeRTOS/FreeRTOS/Source/tasks.o
                                                  ./ra/aws/FreeRTOS/FreeRTOS/Source/timers.o
vPortExitCritical                                 ./ra/fsp/src/rm_freertos_port/port.o
                                                  ./ra/aws/FreeRTOS/FreeRTOS/Source/event_groups.o
                                                  ./ra/aws/FreeRTOS/FreeRTOS/Source/queue.o
                                                  ./ra/aws/FreeRTOS/FreeRTOS/Source/stream_buffer.o
                                                  ./ra/aws/FreeRTOS/FreeRTOS/Source/tasks.o
                                                  ./ra/aws/FreeRTOS/FreeRTOS/Source/timers.o
rm_freertos_port_sleep_preserving_lpm             ./ra/fsp/src/rm_freertos_port/port.o
vApplicationIdleHook                              ./ra/fsp/src/rm_freertos_port/port.o
                                                  ./ra/aws/FreeRTOS/FreeRTOS/Source/tasks.o
vTaskSuspendAll                                   ./ra/aws/FreeRTOS/FreeRTOS/Source/tasks.o
                                                  ./ra/fsp/src/rm_freertos_port/port.o
                                                  ./ra/aws/FreeRTOS/FreeRTOS/Source/event_groups.o
                                                  ./ra/aws/FreeRTOS/FreeRTOS/Source/queue.o
                                                  ./ra/aws/FreeRTOS/FreeRTOS/Source/stream_buffer.o
                                                  ./ra/aws/FreeRTOS/FreeRTOS/Source/timers.o
xTaskResumeAll                                    ./ra/aws/FreeRTOS/FreeRTOS/Source/tasks.o
                                                  ./ra/fsp/src/rm_freertos_port/port.o
                                                  ./ra/aws/FreeRTOS/FreeRTOS/Source/event_groups.o
                                                  ./ra/aws/FreeRTOS/FreeRTOS/Source/queue.o
                                                  ./ra/aws/FreeRTOS/FreeRTOS/Source/stream_buffer.o
                                                  ./ra/aws/FreeRTOS/FreeRTOS/Source/timers.o
vPortValidateInterruptPriority                    ./ra/fsp/src/rm_freertos_port/port.o
                                                  ./ra/aws/FreeRTOS/FreeRTOS/Source/queue.o
                                                  ./ra/aws/FreeRTOS/FreeRTOS/Source/tasks.o
pxCurrentTCB                                      ./ra/aws/FreeRTOS/FreeRTOS/Source/tasks.o
                                                  ./ra/fsp/src/rm_freertos_port/port.o
R_BSP_SoftwareDelay                               ./ra/fsp/src/bsp/mcu/all/bsp_delay.o
                                                  ./ra/fsp/src/r_ioport/r_ioport.o
                                                  ./ra/fsp/src/bsp/mcu/all/bsp_clocks.o
gp_renesas_isr_context                            ./ra/fsp/src/bsp/mcu/all/bsp_irq.o
                                                  ./ra/fsp/src/r_icu/r_icu.o
                                                  ./ra/fsp/src/r_gpt/r_gpt.o
__ram_noinit_nocache$$Base                        fsp_gen.lld:147
                                                  ./ra/fsp/src/bsp/mcu/ra6e2/bsp_linker.o
__ram_zero_nocache$$Limit                         fsp_gen.lld:159
                                                  ./ra/fsp/src/bsp/mcu/ra6e2/bsp_linker.o
g_init_info                                       ./ra/fsp/src/bsp/mcu/ra6e2/bsp_linker.o
                                                  ./ra/fsp/src/bsp/cmsis/Device/RENESAS/Source/system.o
__ram_zero_nocache$$Base                          fsp_gen.lld:155
                                                  ./ra/fsp/src/bsp/mcu/ra6e2/bsp_linker.o
__ram_zero$$Base                                  fsp_gen.lld:175
                                                  ./ra/fsp/src/bsp/mcu/ra6e2/bsp_linker.o
__ram_zero$$Limit                                 fsp_gen.lld:179
                                                  ./ra/fsp/src/bsp/mcu/ra6e2/bsp_linker.o
__ram_tbss$$Base                                  fsp_gen.lld:193
                                                  ./ra/fsp/src/bsp/mcu/ra6e2/bsp_linker.o
__ram_tbss$$Limit                                 fsp_gen.lld:198
                                                  ./ra/fsp/src/bsp/mcu/ra6e2/bsp_linker.o
__ram_from_qspi_flash$$Base                       fsp_gen.lld:40
                                                  ./ra/fsp/src/bsp/mcu/ra6e2/bsp_linker.o
__ram_from_qspi_flash$$Limit                      fsp_gen.lld:45
                                                  ./ra/fsp/src/bsp/mcu/ra6e2/bsp_linker.o
__ram_from_qspi_flash$$Load                       fsp_gen.lld:40
                                                  ./ra/fsp/src/bsp/mcu/ra6e2/bsp_linker.o
__ram_from_data_flash$$Base                       fsp_gen.lld:80
                                                  ./ra/fsp/src/bsp/mcu/ra6e2/bsp_linker.o
__ram_from_data_flash$$Limit                      fsp_gen.lld:85
                                                  ./ra/fsp/src/bsp/mcu/ra6e2/bsp_linker.o
__ram_from_data_flash$$Load                       fsp_gen.lld:80
                                                  ./ra/fsp/src/bsp/mcu/ra6e2/bsp_linker.o
__ram_from_flash$$Base                            fsp_gen.lld:135
                                                  ./ra/fsp/src/bsp/mcu/ra6e2/bsp_linker.o
__ram_from_flash$$Limit                           fsp_gen.lld:142
                                                  ./ra/fsp/src/bsp/mcu/ra6e2/bsp_linker.o
__ram_from_flash$$Load                            fsp_gen.lld:135
                                                  ./ra/fsp/src/bsp/mcu/ra6e2/bsp_linker.o
__ram_tdata$$Base                                 fsp_gen.lld:184
                                                  ./ra/fsp/src/bsp/mcu/ra6e2/bsp_linker.o
__ram_tdata$$Limit                                fsp_gen.lld:188
                                                  ./ra/fsp/src/bsp/mcu/ra6e2/bsp_linker.o
__ram_tdata$$Load                                 fsp_gen.lld:184
                                                  ./ra/fsp/src/bsp/mcu/ra6e2/bsp_linker.o
SystemCoreClockUpdate                             ./ra/fsp/src/bsp/mcu/all/bsp_clocks.o
                                                  ./ra/fsp/src/bsp/cmsis/Device/RENESAS/Source/system.o
bsp_clock_init                                    ./ra/fsp/src/bsp/mcu/all/bsp_clocks.o
                                                  ./ra/fsp/src/bsp/cmsis/Device/RENESAS/Source/system.o
R_BSP_SubClockStabilizeWaitAfterReset             ./ra/fsp/src/bsp/mcu/all/bsp_clocks.o
R_BSP_Init_RTC                                    ./ra/fsp/src/bsp/mcu/all/bsp_clocks.o
                                                  ./ra/fsp/src/bsp/cmsis/Device/RENESAS/Source/system.o
bsp_init                                          ./ra/board/ra6e2_fpb/board_init.o
                                                  ./ra/fsp/src/bsp/mcu/all/bsp_common.o
                                                  ./ra/fsp/src/bsp/cmsis/Device/RENESAS/Source/system.o
bsp_prv_software_delay_loop                       ./ra/fsp/src/bsp/mcu/all/bsp_delay.o
g_bsp_group_irq_sources                           ./ra/fsp/src/bsp/mcu/all/bsp_group_irq.o
NMI_Handler                                       ./ra/fsp/src/bsp/mcu/all/bsp_group_irq.o
                                                  ./ra/fsp/src/bsp/cmsis/Device/RENESAS/Source/startup.o
bsp_irq_cfg                                       ./ra/fsp/src/bsp/mcu/all/bsp_irq.o
                                                  ./ra/fsp/src/bsp/cmsis/Device/RENESAS/Source/system.o
R_BSP_RegisterProtectDisable                      ./ra/fsp/src/bsp/mcu/all/bsp_register_protection.o
                                                  ./ra/fsp/src/bsp/mcu/all/bsp_irq.o
                                                  ./ra/fsp/src/bsp/cmsis/Device/RENESAS/Source/system.o
R_BSP_RegisterProtectEnable                       ./ra/fsp/src/bsp/mcu/all/bsp_register_protection.o
                                                  ./ra/fsp/src/bsp/mcu/all/bsp_irq.o
                                                  ./ra/fsp/src/bsp/cmsis/Device/RENESAS/Source/system.o
g_protect_counters                                ./ra/fsp/src/bsp/mcu/all/bsp_register_protection.o
Reset_Handler                                     ./ra/fsp/src/bsp/cmsis/Device/RENESAS/Source/startup.o
SystemInit                                        ./ra/fsp/src/bsp/cmsis/Device/RENESAS/Source/system.o
                                                  ./ra/fsp/src/bsp/cmsis/Device/RENESAS/Source/startup.o
Default_Handler                                   ./ra/fsp/src/bsp/cmsis/Device/RENESAS/Source/startup.o
g_main_stack                                      ./ra/fsp/src/bsp/cmsis/Device/RENESAS/Source/startup.o
                                                  ./ra/fsp/src/bsp/cmsis/Device/RENESAS/Source/system.o
__Vectors                                         ./ra/fsp/src/bsp/cmsis/Device/RENESAS/Source/startup.o
                                                  ./ra/fsp/src/bsp/cmsis/Device/RENESAS/Source/system.o
HardFault_Handler                                 ./ra/fsp/src/bsp/cmsis/Device/RENESAS/Source/startup.o
MemManage_Handler                                 ./ra/fsp/src/bsp/cmsis/Device/RENESAS/Source/startup.o
BusFault_Handler                                  ./ra/fsp/src/bsp/cmsis/Device/RENESAS/Source/startup.o
UsageFault_Handler                                ./ra/fsp/src/bsp/cmsis/Device/RENESAS/Source/startup.o
SecureFault_Handler                               ./ra/fsp/src/bsp/cmsis/Device/RENESAS/Source/startup.o
DebugMon_Handler                                  ./ra/fsp/src/bsp/cmsis/Device/RENESAS/Source/startup.o
_init_tls                                         C:\Renesas\e2_studio\toolchains\llvm_arm\ATfE-21.1.1-Windows-x86_64\bin\..\lib\clang-runtimes/arm-none-eabi/armv8m.main_hard_fp_exn_rtti_unaligned_size\lib\libc.a(libc_picolib_inittls.c.o)
                                                  ./ra/fsp/src/bsp/cmsis/Device/RENESAS/Source/system.o
__init_array_start                                fsp_gen.lld:261
                                                  ./ra/fsp/src/bsp/cmsis/Device/RENESAS/Source/system.o
__init_array_end                                  fsp_gen.lld:264
                                                  ./ra/fsp/src/bsp/cmsis/Device/RENESAS/Source/system.o
__aeabi_memclr4                                   C:\Renesas\e2_studio\toolchains\llvm_arm\ATfE-21.1.1-Windows-x86_64\bin\..\lib\clang-runtimes/arm-none-eabi/armv8m.main_hard_fp_exn_rtti_unaligned_size\lib\libc.a(bzero.c.o)
                                                  ./ra/fsp/src/bsp/cmsis/Device/RENESAS/Source/system.o
                                                  ./ra/aws/FreeRTOS/FreeRTOS/Source/stream_buffer.o
__aeabi_memcpy4                                   C:\Renesas\e2_studio\toolchains\llvm_arm\ATfE-21.1.1-Windows-x86_64\bin\..\lib\clang-runtimes/arm-none-eabi/armv8m.main_hard_fp_exn_rtti_unaligned_size\lib\libc.a(memcpy.c.o)
                                                  ./ra/fsp/src/bsp/cmsis/Device/RENESAS/Source/system.o
vListInitialise                                   ./ra/aws/FreeRTOS/FreeRTOS/Source/list.o
                                                  ./ra/aws/FreeRTOS/FreeRTOS/Source/event_groups.o
                                                  ./ra/aws/FreeRTOS/FreeRTOS/Source/queue.o
                                                  ./ra/aws/FreeRTOS/FreeRTOS/Source/tasks.o
                                                  ./ra/aws/FreeRTOS/FreeRTOS/Source/timers.o
xTaskGetSchedulerState                            ./ra/aws/FreeRTOS/FreeRTOS/Source/tasks.o
                                                  ./ra/aws/FreeRTOS/FreeRTOS/Source/event_groups.o
                                                  ./ra/aws/FreeRTOS/FreeRTOS/Source/queue.o
                                                  ./ra/aws/FreeRTOS/FreeRTOS/Source/timers.o
vListInitialiseItem                               ./ra/aws/FreeRTOS/FreeRTOS/Source/list.o
                                                  ./ra/aws/FreeRTOS/FreeRTOS/Source/tasks.o
                                                  ./ra/aws/FreeRTOS/FreeRTOS/Source/timers.o
vListInsert                                       ./ra/aws/FreeRTOS/FreeRTOS/Source/list.o
                                                  ./ra/aws/FreeRTOS/FreeRTOS/Source/tasks.o
                                                  ./ra/aws/FreeRTOS/FreeRTOS/Source/timers.o
uxListRemove                                      ./ra/aws/FreeRTOS/FreeRTOS/Source/list.o
                                                  ./ra/aws/FreeRTOS/FreeRTOS/Source/tasks.o
                                                  ./ra/aws/FreeRTOS/FreeRTOS/Source/timers.o
xQueueGenericReset                                ./ra/aws/FreeRTOS/FreeRTOS/Source/queue.o
xTaskRemoveFromEventList                          ./ra/aws/FreeRTOS/FreeRTOS/Source/tasks.o
                                                  ./ra/aws/FreeRTOS/FreeRTOS/Source/queue.o
xQueueGenericCreateStatic                         ./ra/aws/FreeRTOS/FreeRTOS/Source/queue.o
                                                  ./ra/aws/FreeRTOS/FreeRTOS/Source/timers.o
vTaskInternalSetTimeOutState                      ./ra/aws/FreeRTOS/FreeRTOS/Source/tasks.o
                                                  ./ra/aws/FreeRTOS/FreeRTOS/Source/queue.o
xTaskCheckForTimeOut                              ./ra/aws/FreeRTOS/FreeRTOS/Source/tasks.o
                                                  ./ra/aws/FreeRTOS/FreeRTOS/Source/queue.o
                                                  ./ra/aws/FreeRTOS/FreeRTOS/Source/stream_buffer.o
vTaskPlaceOnEventList                             ./ra/aws/FreeRTOS/FreeRTOS/Source/tasks.o
                                                  ./ra/aws/FreeRTOS/FreeRTOS/Source/queue.o
__aeabi_memcpy                                    C:\Renesas\e2_studio\toolchains\llvm_arm\ATfE-21.1.1-Windows-x86_64\bin\..\lib\clang-runtimes/arm-none-eabi/armv8m.main_hard_fp_exn_rtti_unaligned_size\lib\libc.a(memcpy.c.o)
                                                  ./ra/aws/FreeRTOS/FreeRTOS/Source/queue.o
                                                  ./ra/aws/FreeRTOS/FreeRTOS/Source/stream_buffer.o
                                                  C:\Renesas\e2_studio\toolchains\llvm_arm\ATfE-21.1.1-Windows-x86_64\bin\..\lib\clang-runtimes/arm-none-eabi/armv8m.main_hard_fp_exn_rtti_unaligned_size\lib\libc.a(libc_picolib_inittls.c.o)
vTaskMissedYield                                  ./ra/aws/FreeRTOS/FreeRTOS/Source/tasks.o
                                                  ./ra/aws/FreeRTOS/FreeRTOS/Source/queue.o
xQueueReceive                                     ./ra/aws/FreeRTOS/FreeRTOS/Source/queue.o
                                                  ./ra/aws/FreeRTOS/FreeRTOS/Source/timers.o
xQueueRegistry                                    ./ra/aws/FreeRTOS/FreeRTOS/Source/queue.o
vQueueAddToRegistry                               ./ra/aws/FreeRTOS/FreeRTOS/Source/queue.o
                                                  ./ra/aws/FreeRTOS/FreeRTOS/Source/timers.o
vQueueWaitForMessageRestricted                    ./ra/aws/FreeRTOS/FreeRTOS/Source/queue.o
                                                  ./ra/aws/FreeRTOS/FreeRTOS/Source/timers.o
vTaskPlaceOnEventListRestricted                   ./ra/aws/FreeRTOS/FreeRTOS/Source/tasks.o
                                                  ./ra/aws/FreeRTOS/FreeRTOS/Source/queue.o
__aeabi_memclr                                    C:\Renesas\e2_studio\toolchains\llvm_arm\ATfE-21.1.1-Windows-x86_64\bin\..\lib\clang-runtimes/arm-none-eabi/armv8m.main_hard_fp_exn_rtti_unaligned_size\lib\libc.a(bzero.c.o)
                                                  ./ra/aws/FreeRTOS/FreeRTOS/Source/stream_buffer.o
                                                  ./ra/aws/FreeRTOS/FreeRTOS/Source/tasks.o
                                                  C:\Renesas\e2_studio\toolchains\llvm_arm\ATfE-21.1.1-Windows-x86_64\bin\..\lib\clang-runtimes/arm-none-eabi/armv8m.main_hard_fp_exn_rtti_unaligned_size\lib\libc.a(libc_picolib_inittls.c.o)
xTimerCreateTimerTask                             ./ra/aws/FreeRTOS/FreeRTOS/Source/timers.o
                                                  ./ra/aws/FreeRTOS/FreeRTOS/Source/tasks.o
xTaskGetTickCount                                 ./ra/aws/FreeRTOS/FreeRTOS/Source/tasks.o
                                                  ./ra/aws/FreeRTOS/FreeRTOS/Source/timers.o
bzero                                             C:\Renesas\e2_studio\toolchains\llvm_arm\ATfE-21.1.1-Windows-x86_64\bin\..\lib\clang-runtimes/arm-none-eabi/armv8m.main_hard_fp_exn_rtti_unaligned_size\lib\libc.a(bzero.c.o)
__aeabi_memclr8                                   C:\Renesas\e2_studio\toolchains\llvm_arm\ATfE-21.1.1-Windows-x86_64\bin\..\lib\clang-runtimes/arm-none-eabi/armv8m.main_hard_fp_exn_rtti_unaligned_size\lib\libc.a(bzero.c.o)
__aeabi_memcpy8                                   C:\Renesas\e2_studio\toolchains\llvm_arm\ATfE-21.1.1-Windows-x86_64\bin\..\lib\clang-runtimes/arm-none-eabi/armv8m.main_hard_fp_exn_rtti_unaligned_size\lib\libc.a(memcpy.c.o)
__tdata_source                                    fsp_gen.lld:398
                                                  C:\Renesas\e2_studio\toolchains\llvm_arm\ATfE-21.1.1-Windows-x86_64\bin\..\lib\clang-runtimes/arm-none-eabi/armv8m.main_hard_fp_exn_rtti_unaligned_size\lib\libc.a(libc_picolib_inittls.c.o)
__tdata_size                                      fsp_gen.lld:399
                                                  C:\Renesas\e2_studio\toolchains\llvm_arm\ATfE-21.1.1-Windows-x86_64\bin\..\lib\clang-runtimes/arm-none-eabi/armv8m.main_hard_fp_exn_rtti_unaligned_size\lib\libc.a(libc_picolib_inittls.c.o)
__tbss_offset                                     fsp_gen.lld:400
                                                  C:\Renesas\e2_studio\toolchains\llvm_arm\ATfE-21.1.1-Windows-x86_64\bin\..\lib\clang-runtimes/arm-none-eabi/armv8m.main_hard_fp_exn_rtti_unaligned_size\lib\libc.a(libc_picolib_inittls.c.o)
__tbss_size                                       fsp_gen.lld:401
                                                  C:\Renesas\e2_studio\toolchains\llvm_arm\ATfE-21.1.1-Windows-x86_64\bin\..\lib\clang-runtimes/arm-none-eabi/armv8m.main_hard_fp_exn_rtti_unaligned_size\lib\libc.a(libc_picolib_inittls.c.o)
__arm32_tls_tcb_offset                            fsp_gen.lld:402
                                                  C:\Renesas\e2_studio\toolchains\llvm_arm\ATfE-21.1.1-Windows-x86_64\bin\..\lib\clang-runtimes/arm-none-eabi/armv8m.main_hard_fp_exn_rtti_unaligned_size\lib\libc.a(libc_picolib_machine_arm_set_tls.c.o)
__tls                                             C:\Renesas\e2_studio\toolchains\llvm_arm\ATfE-21.1.1-Windows-x86_64\bin\..\lib\clang-runtimes/arm-none-eabi/armv8m.main_hard_fp_exn_rtti_unaligned_size\lib\libc.a(libc_picolib_machine_arm_tls.c.o)
                                                  C:\Renesas\e2_studio\toolchains\llvm_arm\ATfE-21.1.1-Windows-x86_64\bin\..\lib\clang-runtimes/arm-none-eabi/armv8m.main_hard_fp_exn_rtti_unaligned_size\lib\libc.a(libc_picolib_machine_arm_set_tls.c.o)
                                                  C:\Renesas\e2_studio\toolchains\llvm_arm\ATfE-21.1.1-Windows-x86_64\bin\..\lib\clang-runtimes/arm-none-eabi/armv8m.main_hard_fp_exn_rtti_unaligned_size\lib\libc.a(libc_picolib_machine_arm_read_tp.S.o)
