     VMA      LMA     Size Align Out     In      Symbol
       0        0        0     1 RAM_START = 0x20000000
       0        0        0     1 RAM_LENGTH = 0x0000a000
       0        0        0     1 FLASH_START = 0x00000000
       0        0        0     1 FLASH_LENGTH = 0x00040000
       0        0        0     1 DATA_FLASH_START = 0x08000000
       0        0        0     1 DATA_FLASH_LENGTH = 0x00001000
       0        0        0     1 QSPI_FLASH_START = 0x60000000
       0        0        0     1 QSPI_FLASH_LENGTH = 0x04000000
       0        0        0     1 OPTION_SETTING_OFS0_START = 0x0100a100
       0        0        0     1 OPTION_SETTING_OFS0_LENGTH = 0x00000004
       0        0        0     1 OPTION_SETTING_OSIS_START = 0x0100a120
       0        0        0     1 OPTION_SETTING_OSIS_LENGTH = 0x00000010
       0        0        0     1 OPTION_SETTING_OFS1_SEC_START = 0x0100a200
       0        0        0     1 OPTION_SETTING_OFS1_SEC_LENGTH = 0x00000004
       0        0        0     1 OPTION_SETTING_BPS_SEC_START = 0x0100a240
       0        0        0     1 OPTION_SETTING_BPS_SEC_LENGTH = 0x00000004
       0        0        0     1 OPTION_SETTING_PBPS_SEC_START = 0x0100a260
       0        0        0     1 OPTION_SETTING_PBPS_SEC_LENGTH = 0x00000004
60000000 60000000        0     1 .qspi_flash.startof
60000000 60000000        0     1         __ddsc_QSPI_FLASH_START = .
20000000 20000000        0     1 .ram.startof
20000000 20000000        0     1         __ddsc_RAM_START = .
20000000 20000000        0     1 __ram_dtc_vector$$
20000000 20000000        0     1         __ram_dtc_vector$$Base = .
20000000 20000000        0     1         __ram_dtc_vector$$Limit = .
20000000 20000000        0     1 __ram_from_qspi_flash$$
20000000 20000000        0     1         __ram_from_qspi_flash$$Base = .
20000000 20000000        0     1         __ram_from_qspi_flash$$Load = LOADADDR(__ram_from_qspi_flash$$)
20000000 20000000        0     1         __ram_from_qspi_flash$$Limit = .
60000000 60000000        0     1 __qspi_flash_readonly$$
60000000 60000000        0     1         __qspi_flash_readonly$$Base = .
60000000 60000000        0     1         __qspi_flash_readonly$$Limit = .
60000000 60000000        0     1 __qspi_flash_noinit$$
60000000 60000000        0     1         __qspi_flash_noinit$$Base = .
60000000 60000000        0     1         __qspi_flash_noinit$$Limit = .
60000000 60000000        0     1 .qspi_flash.endof
60000000 60000000        0     1         __ddsc_QSPI_FLASH_END = .
 8000000  8000000        0     1 .data_flash.startof
 8000000  8000000        0     1         __ddsc_DATA_FLASH_START = .
20000000 20000000        0     1 __ram_from_data_flash$$
20000000 20000000        0     1         __ram_from_data_flash$$Base = .
20000000 20000000        0     1         __ram_from_data_flash$$Load = LOADADDR(__ram_from_data_flash$$)
20000000 20000000        0     1         __ram_from_data_flash$$Limit = .
 8000000  8000000        0     1 __data_flash_readonly$$
 8000000  8000000        0     1         __data_flash_readonly$$Base = .
 8000000  8000000        0     1         __data_flash_readonly$$Limit = .
 8000000  8000000        0     1 __data_flash_noinit$$
 8000000  8000000        0     1         __data_flash_noinit$$Base = .
 8000000  8000000        0     1         __data_flash_noinit$$Limit = .
 8000000  8000000        0     1 .data_flash.endof
 8000000  8000000        0     1         __ddsc_DATA_FLASH_END = .
       0        0        0     1 .flash.startof
       0        0        0     1         __ddsc_FLASH_START = .
       0        0       58     4 __flash_vectors$$
       0        0        0     1         __flash_vectors$$Base = .
       0        0        0     1         _VECTORS = .
       0        0       40     4         ./ra/fsp/src/bsp/cmsis/Device/RENESAS/Source/startup.o:(.fixed_vectors)
       0        0       40     1                 __Vectors
      40       40       18     4         ./ra_gen/vector_data.o:(.application_vectors)
      40       40       18     1                 g_vector_table
      58       58        0     1         __flash_vectors$$Limit = .
      58       58        0     1 __flash_noinit$$
      58       58        0     1         __flash_noinit$$Base = .
      58       58        0     1         __flash_noinit$$Limit = .
20000000 20000000        0     1 __ram_from_flash$$
20000000 20000000        0     1         __ram_from_flash$$Base = .
20000000 20000000        0     1         __ram_from_flash$$Load = LOADADDR(__ram_from_flash$$)
20000000 20000000        0     1         __ram_from_flash$$Limit = .
20000000 20000000        0     1 __ram_noinit_nocache$$
20000000 20000000        0     1         __ram_noinit_nocache$$Base = .
20000000 20000000        0     1         __ram_noinit_nocache$$Limit = .
20000000 20000000        0     1 __ram_zero_nocache$$
20000000 20000000        0     1         __ram_zero_nocache$$Base = .
20000000 20000000        0     1         . = ALIGN(32)
20000000 20000000        0     1         __ram_zero_nocache$$Limit = .
20000000 20000000      418     8 __ram_noinit$$
20000000 20000000        0     1         __ram_noinit$$Base = .
20000000 20000000      400     8         ./ra/fsp/src/bsp/cmsis/Device/RENESAS/Source/startup.o:(.bss.g_main_stack)
20000000 20000000      400     1                 g_main_stack
20000400 20000400       18     4         ./ra/fsp/src/bsp/mcu/all/bsp_clocks.o:(.ram_noinit)
20000400 20000400       18     1                 g_clock_freq
20000418 20000418        0     1         __ram_noinit$$Limit = .
20000418 20000418      d98     4 __ram_zero$$
20000418 20000418        0     1         __ram_zero$$Base = .
20000418 20000418        1     1         ./src/spi_slv_thread_entry.o:(.bss.count)
20000418 20000418        1     1                 count
20000419 20000419        1     1         ./src/spi_slv_thread_entry.o:(.bss.last_count)
20000419 20000419        1     1                 last_count
2000041a 2000041a       ff     1         ./src/spi_slv_thread_entry.o:(.bss.tx_buf)
2000041a 2000041a       ff     1                 tx_buf
20000519 20000519       ff     1         ./src/spi_slv_thread_entry.o:(.bss.rx_buf)
20000519 20000519       ff     1                 rx_buf
20000618 20000618       ff     4         ./src/spi_slv_thread_entry.o:(.bss.received_buf)
20000618 20000618       ff     1                 received_buf
20000718 20000718       ff     4         ./src/spi_slv_thread_entry.o:(.bss.return_buf)
20000718 20000718       ff     1                 return_buf
20000818 20000818       10     4         ./ra_gen/common_data.o:(.bss.g_external_irq9_ctrl)
20000818 20000818       10     1                 g_external_irq9_ctrl
20000828 20000828        8     4         ./ra_gen/common_data.o:(.bss.g_ioport_ctrl)
20000828 20000828        8     1                 g_ioport_ctrl
20000830 20000830       20     4         ./ra_gen/hal_data.o:(.bss.g_timer1_ctrl)
20000830 20000830       20     1                 g_timer1_ctrl
20000850 20000850       30     4         ./ra_gen/hal_data.o:(.bss.g_spi1_ctrl)
20000850 20000850       30     1                 g_spi1_ctrl
20000880 20000880       20     4         ./ra_gen/hal_data.o:(.bss.g_timer0_ctrl)
20000880 20000880       20     1                 g_timer0_ctrl
200008a0 200008a0       60     4         ./ra_gen/led1_thread.o:(.bss.led1_thread_memory)
200008a0 200008a0       60     1                 led1_thread_memory
20000900 20000900        4     4         ./ra_gen/led1_thread.o:(.bss.led1_thread)
20000900 20000900        4     1                 led1_thread
20000904 20000904       60     4         ./ra_gen/led2_thread.o:(.bss.led2_thread_memory)
20000904 20000904       60     1                 led2_thread_memory
20000964 20000964        4     4         ./ra_gen/led2_thread.o:(.bss.led2_thread)
20000964 20000964        4     1                 led2_thread
20000968 20000968        4     4         ./ra_gen/main.o:(.bss.g_fsp_common_initialized_semaphore)
20000968 20000968        4     1                 g_fsp_common_initialized_semaphore
2000096c 2000096c        1     1         ./ra_gen/main.o:(.bss.g_fsp_common_initialized)
2000096c 2000096c        1     1                 g_fsp_common_initialized
20000970 20000970        4     4         ./ra_gen/main.o:(.bss.g_fsp_common_thread_count)
20000970 20000970        4     1                 g_fsp_common_thread_count
20000974 20000974       48     4         ./ra_gen/main.o:(.bss.g_fsp_common_initialized_semaphore_memory)
20000974 20000974       48     1                 g_fsp_common_initialized_semaphore_memory
200009bc 200009bc       60     4         ./ra_gen/main.o:(.bss.vApplicationGetIdleTaskMemory.xIdleTaskTCB)
200009bc 200009bc       60     1                 vApplicationGetIdleTaskMemory.xIdleTaskTCB
20000a1c 20000a1c      200     4         ./ra_gen/main.o:(.bss.vApplicationGetIdleTaskMemory.uxIdleTaskStack)
20000a1c 20000a1c      200     1                 vApplicationGetIdleTaskMemory.uxIdleTaskStack
20000c1c 20000c1c       60     4         ./ra_gen/main.o:(.bss.vApplicationGetTimerTaskMemory.xTimerTaskTCB)
20000c1c 20000c1c       60     1                 vApplicationGetTimerTaskMemory.xTimerTaskTCB
20000c7c 20000c7c      200     4         ./ra_gen/main.o:(.bss.vApplicationGetTimerTaskMemory.uxTimerTaskStack)
20000c7c 20000c7c      200     1                 vApplicationGetTimerTaskMemory.uxTimerTaskStack
20000e7c 20000e7c       60     4         ./ra_gen/spi_slv_thread.o:(.bss.spi_slv_thread_memory)
20000e7c 20000e7c       60     1                 spi_slv_thread_memory
20000edc 20000edc        4     4         ./ra_gen/spi_slv_thread.o:(.bss.spi_slv_thread)
20000edc 20000edc        4     1                 spi_slv_thread
20000ee0 20000ee0        4     4         ./ra/fsp/src/rm_freertos_port/port.o:(.bss.uxCriticalNesting)
20000ee0 20000ee0        4     1                 uxCriticalNesting
20000ee4 20000ee4        4     4         ./ra/fsp/src/rm_freertos_port/port.o:(.bss.g_mask_level_before_disable)
20000ee4 20000ee4        4     1                 g_mask_level_before_disable
20000ee8 20000ee8        4     4         ./ra/fsp/src/r_spi/r_spi.o:(.bss.r_spi_write_read_common.dummy_rx)
20000ee8 20000ee8        4     1                 r_spi_write_read_common.dummy_rx
20000eec 20000eec        4     4         ./ra/fsp/src/r_spi/r_spi.o:(.bss.r_spi_write_read_common.dummy_tx)
20000eec 20000eec        4     1                 r_spi_write_read_common.dummy_tx
20000ef0 20000ef0       40     4         ./ra/fsp/src/bsp/mcu/all/bsp_group_irq.o:(.bss.g_bsp_group_irq_sources)
20000ef0 20000ef0       40     1                 g_bsp_group_irq_sources
20000f30 20000f30        4     4         ./ra/fsp/src/bsp/mcu/all/bsp_io.o:(.bss.g_protect_pfswe_counter)
20000f30 20000f30        4     1                 g_protect_pfswe_counter
20000f34 20000f34       18     4         ./ra/fsp/src/bsp/mcu/all/bsp_irq.o:(.bss.gp_renesas_isr_context)
20000f34 20000f34       18     1                 gp_renesas_isr_context
20000f4c 20000f4c        a     2         ./ra/fsp/src/bsp/mcu/all/bsp_register_protection.o:(.bss.g_protect_counters)
20000f4c 20000f4c        a     1                 g_protect_counters
20000f58 20000f58        4     4         ./ra/fsp/src/bsp/cmsis/Device/RENESAS/Source/system.o:(.bss.SystemCoreClock)
20000f58 20000f58        4     1                 SystemCoreClock
20000f5c 20000f5c       50     4         ./ra/aws/FreeRTOS/FreeRTOS/Source/queue.o:(.bss.xQueueRegistry)
20000f5c 20000f5c       50     1                 xQueueRegistry
20000fac 20000fac        4     4         ./ra/aws/FreeRTOS/FreeRTOS/Source/tasks.o:(.bss.pxCurrentTCB)
20000fac 20000fac        4     1                 pxCurrentTCB
20000fb0 20000fb0        4     4         ./ra/aws/FreeRTOS/FreeRTOS/Source/tasks.o:(.bss.uxTaskNumber)
20000fb0 20000fb0        4     1                 uxTaskNumber
20000fb4 20000fb4        4     4         ./ra/aws/FreeRTOS/FreeRTOS/Source/tasks.o:(.bss.xSchedulerRunning)
20000fb4 20000fb4        4     1                 xSchedulerRunning
20000fb8 20000fb8       14     4         ./ra/aws/FreeRTOS/FreeRTOS/Source/tasks.o:(.bss.xTasksWaitingTermination)
20000fb8 20000fb8       14     1                 xTasksWaitingTermination
20000fcc 20000fcc        4     4         ./ra/aws/FreeRTOS/FreeRTOS/Source/tasks.o:(.bss.uxDeletedTasksWaitingCleanUp)
20000fcc 20000fcc        4     1                 uxDeletedTasksWaitingCleanUp
20000fd0 20000fd0        4     4         ./ra/aws/FreeRTOS/FreeRTOS/Source/tasks.o:(.bss.uxCurrentNumberOfTasks)
20000fd0 20000fd0        4     1                 uxCurrentNumberOfTasks
20000fd4 20000fd4        4     4         ./ra/aws/FreeRTOS/FreeRTOS/Source/tasks.o:(.bss.uxSchedulerSuspended)
20000fd4 20000fd4        4     1                 uxSchedulerSuspended
20000fd8 20000fd8        4     4         ./ra/aws/FreeRTOS/FreeRTOS/Source/tasks.o:(.bss.xTickCount)
20000fd8 20000fd8        4     1                 xTickCount
20000fdc 20000fdc       64     4         ./ra/aws/FreeRTOS/FreeRTOS/Source/tasks.o:(.bss.pxReadyTasksLists)
20000fdc 20000fdc       64     1                 pxReadyTasksLists
20001040 20001040        4     4         ./ra/aws/FreeRTOS/FreeRTOS/Source/tasks.o:(.bss.uxTopReadyPriority)
20001040 20001040        4     1                 uxTopReadyPriority
20001044 20001044       14     4         ./ra/aws/FreeRTOS/FreeRTOS/Source/tasks.o:(.bss.xSuspendedTaskList)
20001044 20001044       14     1                 xSuspendedTaskList
20001058 20001058        4     4         ./ra/aws/FreeRTOS/FreeRTOS/Source/tasks.o:(.bss.xYieldPendings)
20001058 20001058        4     1                 xYieldPendings
2000105c 2000105c       14     4         ./ra/aws/FreeRTOS/FreeRTOS/Source/tasks.o:(.bss.xPendingReadyList)
2000105c 2000105c       14     1                 xPendingReadyList
20001070 20001070        4     4         ./ra/aws/FreeRTOS/FreeRTOS/Source/tasks.o:(.bss.xNextTaskUnblockTime)
20001070 20001070        4     1                 xNextTaskUnblockTime
20001074 20001074        4     4         ./ra/aws/FreeRTOS/FreeRTOS/Source/tasks.o:(.bss.xIdleTaskHandles.0)
20001074 20001074        4     1                 xIdleTaskHandles.0
20001078 20001078        4     4         ./ra/aws/FreeRTOS/FreeRTOS/Source/tasks.o:(.bss.xPendedTicks)
20001078 20001078        4     1                 xPendedTicks
2000107c 2000107c        4     4         ./ra/aws/FreeRTOS/FreeRTOS/Source/tasks.o:(.bss.pxDelayedTaskList)
2000107c 2000107c        4     1                 pxDelayedTaskList
20001080 20001080        4     4         ./ra/aws/FreeRTOS/FreeRTOS/Source/tasks.o:(.bss.pxOverflowDelayedTaskList)
20001080 20001080        4     1                 pxOverflowDelayedTaskList
20001084 20001084        4     4         ./ra/aws/FreeRTOS/FreeRTOS/Source/tasks.o:(.bss.xNumOfOverflows)
20001084 20001084        4     1                 xNumOfOverflows
20001088 20001088       14     4         ./ra/aws/FreeRTOS/FreeRTOS/Source/tasks.o:(.bss.xDelayedTaskList1)
20001088 20001088       14     1                 xDelayedTaskList1
2000109c 2000109c       14     4         ./ra/aws/FreeRTOS/FreeRTOS/Source/tasks.o:(.bss.xDelayedTaskList2)
2000109c 2000109c       14     1                 xDelayedTaskList2
200010b0 200010b0        4     4         ./ra/aws/FreeRTOS/FreeRTOS/Source/timers.o:(.bss.xTimerQueue)
200010b0 200010b0        4     1                 xTimerQueue
200010b4 200010b4        4     4         ./ra/aws/FreeRTOS/FreeRTOS/Source/timers.o:(.bss.xTimerTaskHandle)
200010b4 200010b4        4     1                 xTimerTaskHandle
200010b8 200010b8        4     4         ./ra/aws/FreeRTOS/FreeRTOS/Source/timers.o:(.bss.pxCurrentTimerList)
200010b8 200010b8        4     1                 pxCurrentTimerList
200010bc 200010bc        4     4         ./ra/aws/FreeRTOS/FreeRTOS/Source/timers.o:(.bss.pxOverflowTimerList)
200010bc 200010bc        4     1                 pxOverflowTimerList
200010c0 200010c0        4     4         ./ra/aws/FreeRTOS/FreeRTOS/Source/timers.o:(.bss.prvSampleTimeNow.xLastTime)
200010c0 200010c0        4     1                 prvSampleTimeNow.xLastTime
200010c4 200010c4       14     4         ./ra/aws/FreeRTOS/FreeRTOS/Source/timers.o:(.bss.xActiveTimerList1)
200010c4 200010c4       14     1                 xActiveTimerList1
200010d8 200010d8       14     4         ./ra/aws/FreeRTOS/FreeRTOS/Source/timers.o:(.bss.xActiveTimerList2)
200010d8 200010d8       14     1                 xActiveTimerList2
200010ec 200010ec       48     4         ./ra/aws/FreeRTOS/FreeRTOS/Source/timers.o:(.bss.prvCheckForValidListAndQueue.xStaticTimerQueue)
200010ec 200010ec       48     1                 prvCheckForValidListAndQueue.xStaticTimerQueue
20001134 20001134       78     1         ./ra/aws/FreeRTOS/FreeRTOS/Source/timers.o:(.bss.prvCheckForValidListAndQueue.ucStaticTimerQueueStorage)
20001134 20001134       78     1                 prvCheckForValidListAndQueue.ucStaticTimerQueueStorage
200011ac 200011ac        4     4         C:\Renesas\e2_studio\toolchains\llvm_arm\ATfE-21.1.1-Windows-x86_64\bin\..\lib\clang-runtimes/arm-none-eabi/armv8m.main_hard_fp_exn_rtti_unaligned_size\lib\libc.a(libc_picolib_machine_arm_tls.c.o):(.bss.__tls)
200011ac 200011ac        4     1                 __tls
200011b0 200011b0        0     1         __ram_zero$$Limit = .
200011b0 200011b0        0     1 __ram_tdata$$
200011b0 200011b0        0     1         __ram_tdata$$Base = .
200011b0 200011b0        0     1         __ram_tdata$$Load = LOADADDR(__ram_tdata$$)
200011b0 200011b0        0     1         __ram_tdata$$Limit = .
200011b0 200011b0        0     1 __ram_tbss$$
200011b0 200011b0        0     1         __ram_tbss$$Base = .
200011b0 200011b0        0     1         __ram_tbss$$Limit = .
200011b0 200011b0      c00     8 __ram_thread_stack$$
200011b0 200011b0        0     1         __ram_thread_stack$$Base = .
200011b0 200011b0      400     8         ./ra_gen/led1_thread.o:(.stack.led1_thread)
200011b0 200011b0      400     1                 led1_thread_stack
200015b0 200015b0      400     8         ./ra_gen/led2_thread.o:(.stack.led2_thread)
200015b0 200015b0      400     1                 led2_thread_stack
200019b0 200019b0      400     8         ./ra_gen/spi_slv_thread.o:(.stack.spi_slv_thread)
200019b0 200019b0      400     1                 spi_slv_thread_stack
20001db0 20001db0        0     1         __ram_thread_stack$$Limit = .
20002000 20002000        0     1 .ram.endof
20002000 20002000        0     1         __ddsc_RAM_END = .
20002000 20002000        0     1 .ram.flat_nsc
20002000 20002000        0     1         __ddsc_RAM_NSC = .
      58       58     43a2     4 __flash_readonly$$
      58       58        0     1         __flash_readonly$$Base = .
      58       58       1c     2         ./src/ext_irq.o:(.text.g_irq9_callback)
      58       58        0     1                 $t
      59       59       1c     1                 g_irq9_callback
      74       74       1a     2         ./src/hal_warmstart.o:(.text.R_BSP_WarmStart)
      74       74        0     1                 $t
      75       75       1a     1                 R_BSP_WarmStart
      90       90       ba     4         ./src/led1_thread_entry.o:(.text.led1_thread_entry)
      90       90        0     1                 $t
      91       91       ba     1                 led1_thread_entry
     14c      14c       e6     4         ./src/led2_thread_entry.o:(.text.led2_thread_entry)
     14c      14c        0     1                 $t
     14d      14d       e6     1                 led2_thread_entry
     234      234       80     4         ./src/spi_slv_thread_entry.o:(.text.spi_slv_thread_entry)
     234      234        0     1                 $t
     235      235       80     1                 spi_slv_thread_entry
     2b4      2b4       82     2         ./src/spi_slv_thread_entry.o:(.text.spi1_callback)
     2b4      2b4        0     1                 $t
     2b5      2b5       82     1                 spi1_callback
     336      336       8c     2         ./src/spi_slv_thread_entry.o:(.text.g_timer1_callback)
     336      336        0     1                 $t
     337      337       8c     1                 g_timer1_callback
     3c2      3c2       20     2         ./src/timer.o:(.text.g_timer0_callback)
     3c2      3c2        0     1                 $t
     3c3      3c3       20     1                 g_timer0_callback
     3e2      3e2        2     2         ./ra_gen/common_data.o:(.text.g_common_init)
     3e2      3e2        0     1                 $t
     3e3      3e3        2     1                 g_common_init
     3e4      3e4        4     2         ./ra_gen/hal_data.o:(.text.g_hal_init)
     3e4      3e4        0     1                 $t
     3e5      3e5        4     1                 g_hal_init
     3e8      3e8       6a     2         ./ra_gen/led1_thread.o:(.text.led1_thread_create)
     3e8      3e8        0     1                 $t
     3e9      3e9       6a     1                 led1_thread_create
     452      452       12     2         ./ra_gen/led1_thread.o:(.text.led1_thread_func)
     452      452        0     1                 $t
     453      453       12     1                 led1_thread_func
     464      464       6a     2         ./ra_gen/led2_thread.o:(.text.led2_thread_create)
     464      464        0     1                 $t
     465      465       6a     1                 led2_thread_create
     4ce      4ce       12     2         ./ra_gen/led2_thread.o:(.text.led2_thread_func)
     4ce      4ce        0     1                 $t
     4cf      4cf       12     1                 led2_thread_func
     4e0      4e0        4     2         ./ra_gen/main.o:(.text.rtos_startup_err_callback_internal)
     4e0      4e0        0     1                 $t
     4e1      4e1        4     1                 rtos_startup_err_callback_internal
     4e1      4e1        4     1                 rtos_startup_err_callback
     4e4      4e4       62     4         ./ra_gen/main.o:(.text.rtos_startup_common_init)
     4e4      4e4        0     1                 $t
     4e5      4e5       62     1                 rtos_startup_common_init
     546      546       52     2         ./ra_gen/main.o:(.text.main)
     546      546        0     1                 $t
     547      547       52     1                 main
     598      598       1a     2         ./ra_gen/main.o:(.text.vApplicationGetIdleTaskMemory)
     598      598        0     1                 $t
     599      599       1a     1                 vApplicationGetIdleTaskMemory
     5b2      5b2       1a     2         ./ra_gen/main.o:(.text.vApplicationGetTimerTaskMemory)
     5b2      5b2        0     1                 $t
     5b3      5b3       1a     1                 vApplicationGetTimerTaskMemory
     5cc      5cc       6a     2         ./ra_gen/spi_slv_thread.o:(.text.spi_slv_thread_create)
     5cc      5cc        0     1                 $t
     5cd      5cd       6a     1                 spi_slv_thread_create
     636      636       12     2         ./ra_gen/spi_slv_thread.o:(.text.spi_slv_thread_func)
     636      636        0     1                 $t
     637      637       12     1                 spi_slv_thread_func
     648      648       18     4         ./ra/fsp/src/rm_freertos_port/port.o:(.text.SVC_Handler)
     648      648        0     1                 $t
     649      649       12     1                 SVC_Handler
     65c      65c        0     1                 $d
     660      660       44     4         ./ra/fsp/src/rm_freertos_port/port.o:(.text.PendSV_Handler)
     660      660        0     1                 $t
     661      661       40     1                 PendSV_Handler
     6a0      6a0        0     1                 $d
     6a4      6a4       24     4         ./ra/fsp/src/rm_freertos_port/port.o:(.text.rm_freertos_port_restore_task_stackless)
     6a4      6a4        0     1                 $t
     6a5      6a5       20     1                 rm_freertos_port_restore_task_stackless
     6be      6be        0     1                 _skip_restore_ns_context
     6c4      6c4        0     1                 $d
     6c8      6c8       26     2         ./ra/fsp/src/rm_freertos_port/port.o:(.text.SysTick_Handler)
     6c8      6c8        0     1                 $t
     6c9      6c9       26     1                 SysTick_Handler
     6ee      6ee       36     2         ./ra/fsp/src/rm_freertos_port/port.o:(.text.vPortSVCHandler_C)
     6ee      6ee        0     1                 $t
     6ef      6ef       36     1                 vPortSVCHandler_C
     724      724       28     2         ./ra/fsp/src/rm_freertos_port/port.o:(.text.pxPortInitialiseStack)
     724      724        0     1                 $t
     725      725       28     1                 pxPortInitialiseStack
     74c      74c        6     4         ./ra/fsp/src/rm_freertos_port/port.o:(.text.prvTaskExitError)
     74c      74c        0     1                 $t
     74d      74d        6     1                 prvTaskExitError
     754      754       3c     4         ./ra/fsp/src/rm_freertos_port/port.o:(.text.xPortStartScheduler)
     754      754        0     1                 $t
     755      755       3c     1                 xPortStartScheduler
     790      790       46     2         ./ra/fsp/src/rm_freertos_port/port.o:(.text.vPortSetupTimerInterrupt)
     790      790        0     1                 $t
     791      791       46     1                 vPortSetupTimerInterrupt
     7d6      7d6       56     2         ./ra/fsp/src/rm_freertos_port/port.o:(.text.vPortEnterCritical)
     7d6      7d6        0     1                 $t
     7d7      7d7       56     1                 vPortEnterCritical
     82c      82c       46     2         ./ra/fsp/src/rm_freertos_port/port.o:(.text.vPortExitCritical)
     82c      82c        0     1                 $t
     82d      82d       46     1                 vPortExitCritical
     872      872       6e     2         ./ra/fsp/src/rm_freertos_port/port.o:(.text.rm_freertos_port_sleep_preserving_lpm)
     872      872        0     1                 $t
     873      873       6e     1                 rm_freertos_port_sleep_preserving_lpm
     8e0      8e0       18     2         ./ra/fsp/src/rm_freertos_port/port.o:(.text.vApplicationIdleHook)
     8e0      8e0        0     1                 $t
     8e1      8e1       18     1                 vApplicationIdleHook
     8f8      8f8       6c     2         ./ra/fsp/src/rm_freertos_port/port.o:(.text.vPortValidateInterruptPriority)
     8f8      8f8        0     1                 $t
     8f9      8f9       6c     1                 vPortValidateInterruptPriority
     964      964      2fc     2         ./ra/fsp/src/r_spi/r_spi.o:(.text.R_SPI_Open)
     964      964        0     1                 $t
     965      965      2fc     1                 R_SPI_Open
     c60      c60        c     2         ./ra/fsp/src/r_spi/r_spi.o:(.text.R_SPI_WriteRead)
     c60      c60        0     1                 $t
     c61      c61        c     1                 R_SPI_WriteRead
     c6c      c6c       c0     2         ./ra/fsp/src/r_spi/r_spi.o:(.text.R_SPI_Close)
     c6c      c6c        0     1                 $t
     c6d      c6d       c0     1                 R_SPI_Close
     d2c      d2c      1dc     2         ./ra/fsp/src/r_spi/r_spi.o:(.text.r_spi_write_read_common)
     d2c      d2c        0     1                 $t
     d2d      d2d      1dc     1                 r_spi_write_read_common
     f08      f08       92     2         ./ra/fsp/src/r_spi/r_spi.o:(.text.spi_rxi_isr)
     f08      f08        0     1                 $t
     f09      f09       92     1                 spi_rxi_isr
     f9a      f9a       70     2         ./ra/fsp/src/r_spi/r_spi.o:(.text.r_spi_transmit)
     f9a      f9a        0     1                 $t
     f9b      f9b       70     1                 r_spi_transmit
    100a     100a       a2     2         ./ra/fsp/src/r_spi/r_spi.o:(.text.spi_txi_isr)
    100a     100a        0     1                 $t
    100b     100b       a2     1                 spi_txi_isr
    10ac     10ac       d4     2         ./ra/fsp/src/r_spi/r_spi.o:(.text.spi_tei_isr)
    10ac     10ac        0     1                 $t
    10ad     10ad       d4     1                 spi_tei_isr
    1180     1180       3e     2         ./ra/fsp/src/r_spi/r_spi.o:(.text.r_spi_call_callback)
    1180     1180        0     1                 $t
    1181     1181       3e     1                 r_spi_call_callback
    11be     11be       da     2         ./ra/fsp/src/r_spi/r_spi.o:(.text.spi_eri_isr)
    11be     11be        0     1                 $t
    11bf     11bf       da     1                 spi_eri_isr
    1298     1298       16     2         ./ra/fsp/src/r_ioport/r_ioport.o:(.text.R_IOPORT_Open)
    1298     1298        0     1                 $t
    1299     1299       16     1                 R_IOPORT_Open
    12b0     12b0       be     4         ./ra/fsp/src/r_ioport/r_ioport.o:(.text.r_ioport_pins_config)
    12b0     12b0        0     1                 $t
    12b1     12b1       be     1                 r_ioport_pins_config
    1370     1370       7c     4         ./ra/fsp/src/r_ioport/r_ioport.o:(.text.bsp_vbatt_init)
    1370     1370        0     1                 $t
    1371     1371       7c     1                 bsp_vbatt_init
    13ec     13ec       80     2         ./ra/fsp/src/r_icu/r_icu.o:(.text.R_ICU_ExternalIrqOpen)
    13ec     13ec        0     1                 $t
    13ed     13ed       80     1                 R_ICU_ExternalIrqOpen
    146c     146c       44     2         ./ra/fsp/src/r_icu/r_icu.o:(.text.R_ICU_ExternalIrqEnable)
    146c     146c        0     1                 $t
    146d     146d       44     1                 R_ICU_ExternalIrqEnable
    14b0     14b0       74     2         ./ra/fsp/src/r_icu/r_icu.o:(.text.r_icu_isr)
    14b0     14b0        0     1                 $t
    14b1     14b1       74     1                 r_icu_isr
    1524     1524      358     4         ./ra/fsp/src/r_gpt/r_gpt.o:(.text.R_GPT_Open)
    1524     1524        0     1                 $t
    1525     1525      358     1                 R_GPT_Open
    187c     187c        a     2         ./ra/fsp/src/r_gpt/r_gpt.o:(.text.R_GPT_Start)
    187c     187c        0     1                 $t
    187d     187d        a     1                 R_GPT_Start
    1886     1886        a     2         ./ra/fsp/src/r_gpt/r_gpt.o:(.text.R_GPT_Stop)
    1886     1886        0     1                 $t
    1887     1887        a     1                 R_GPT_Stop
    1890     1890       1a     2         ./ra/fsp/src/r_gpt/r_gpt.o:(.text.R_GPT_PeriodSet)
    1890     1890        0     1                 $t
    1891     1891       1a     1                 R_GPT_PeriodSet
    18aa     18aa      1c8     2         ./ra/fsp/src/r_gpt/r_gpt.o:(.text.gpt_counter_overflow_isr)
    18aa     18aa        0     1                 $t
    18ab     18ab      1c8     1                 gpt_counter_overflow_isr
    1a72     1a72       2c     2         ./ra/fsp/src/bsp/mcu/all/bsp_clocks.o:(.text.SystemCoreClockUpdate)
    1a72     1a72        0     1                 $t
    1a73     1a73       2c     1                 SystemCoreClockUpdate
    1aa0     1aa0      114     4         ./ra/fsp/src/bsp/mcu/all/bsp_clocks.o:(.text.bsp_clock_init)
    1aa0     1aa0        0     1                 $t
    1aa1     1aa1      114     1                 bsp_clock_init
    1bb4     1bb4        2     2         ./ra/fsp/src/bsp/mcu/all/bsp_clocks.o:(.text.R_BSP_SubClockStabilizeWaitAfterReset)
    1bb4     1bb4        0     1                 $t
    1bb5     1bb5        2     1                 R_BSP_SubClockStabilizeWaitAfterReset
    1bb8     1bb8       68     4         ./ra/fsp/src/bsp/mcu/all/bsp_clocks.o:(.text.R_BSP_Init_RTC)
    1bb8     1bb8        0     1                 $t
    1bb9     1bb9       68     1                 R_BSP_Init_RTC
    1c20     1c20        6     4         ./ra/fsp/src/bsp/mcu/all/bsp_common.o:(.text.__assert_func)
    1c20     1c20        0     1                 $t
    1c21     1c21        6     1                 __assert_func
    1c26     1c26       84     2         ./ra/fsp/src/bsp/mcu/all/bsp_delay.o:(.text.R_BSP_SoftwareDelay)
    1c26     1c26        0     1                 $t
    1c27     1c27       84     1                 R_BSP_SoftwareDelay
    1caa     1caa        8     2         ./ra/fsp/src/bsp/mcu/all/bsp_delay.o:(.text.bsp_prv_software_delay_loop)
    1caa     1caa        0     1                 sw_delay_loop
    1caa     1caa        0     1                 $t
    1cab     1cab        8     1                 bsp_prv_software_delay_loop
    1cb4     1cb4       44     4         ./ra/fsp/src/bsp/mcu/all/bsp_group_irq.o:(.text.NMI_Handler)
    1cb4     1cb4        0     1                 $t
    1cb5     1cb5       44     1                 NMI_Handler
    1cf8     1cf8       88     4         ./ra/fsp/src/bsp/mcu/all/bsp_irq.o:(.text.bsp_irq_cfg)
    1cf8     1cf8        0     1                 $t
    1cf9     1cf9       88     1                 bsp_irq_cfg
    1d80     1d80       52     2         ./ra/fsp/src/bsp/mcu/all/bsp_register_protection.o:(.text.R_BSP_RegisterProtectEnable)
    1d80     1d80        0     1                 $t
    1d81     1d81       52     1                 R_BSP_RegisterProtectEnable
    1dd2     1dd2       4e     2         ./ra/fsp/src/bsp/mcu/all/bsp_register_protection.o:(.text.R_BSP_RegisterProtectDisable)
    1dd2     1dd2        0     1                 $t
    1dd3     1dd3       4e     1                 R_BSP_RegisterProtectDisable
    1e20     1e20        a     4         ./ra/fsp/src/bsp/cmsis/Device/RENESAS/Source/startup.o:(.text.Reset_Handler)
    1e20     1e20        0     1                 $t
    1e21     1e21        a     1                 Reset_Handler
    1e2a     1e2a        4     2         ./ra/fsp/src/bsp/cmsis/Device/RENESAS/Source/startup.o:(.text.Default_Handler)
    1e2a     1e2a        0     1                 $t
    1e2b     1e2b        4     1                 Default_Handler
    1e2b     1e2b        4     1                 HardFault_Handler
    1e2b     1e2b        4     1                 MemManage_Handler
    1e2b     1e2b        4     1                 BusFault_Handler
    1e2b     1e2b        4     1                 UsageFault_Handler
    1e2b     1e2b        4     1                 SecureFault_Handler
    1e2b     1e2b        4     1                 DebugMon_Handler
    1e30     1e30       e0     4         ./ra/fsp/src/bsp/cmsis/Device/RENESAS/Source/system.o:(.text.SystemInit)
    1e30     1e30        0     1                 $t
    1e31     1e31       e0     1                 SystemInit
    1f10     1f10       5a     4         ./ra/fsp/src/bsp/cmsis/Device/RENESAS/Source/system.o:(.text.SystemRuntimeInit)
    1f10     1f10        0     1                 $t
    1f11     1f11       5a     1                 SystemRuntimeInit
    1f6a     1f6a        2     2         ./ra/board/ra6e2_fpb/board_init.o:(.text.bsp_init)
    1f6a     1f6a        0     1                 $t
    1f6b     1f6b        2     1                 bsp_init
    1f6c     1f6c       16     2         ./ra/aws/FreeRTOS/FreeRTOS/Source/list.o:(.text.vListInitialise)
    1f6c     1f6c        0     1                 $t
    1f6d     1f6d       16     1                 vListInitialise
    1f82     1f82        6     2         ./ra/aws/FreeRTOS/FreeRTOS/Source/list.o:(.text.vListInitialiseItem)
    1f82     1f82        0     1                 $t
    1f83     1f83        6     1                 vListInitialiseItem
    1f88     1f88       3a     4         ./ra/aws/FreeRTOS/FreeRTOS/Source/list.o:(.text.vListInsert)
    1f88     1f88        0     1                 $t
    1f89     1f89       3a     1                 vListInsert
    1fc2     1fc2       22     2         ./ra/aws/FreeRTOS/FreeRTOS/Source/list.o:(.text.uxListRemove)
    1fc2     1fc2        0     1                 $t
    1fc3     1fc3       22     1                 uxListRemove
    1fe4     1fe4       be     2         ./ra/aws/FreeRTOS/FreeRTOS/Source/queue.o:(.text.xQueueGenericReset)
    1fe4     1fe4        0     1                 $t
    1fe5     1fe5       be     1                 xQueueGenericReset
    20a2     20a2       98     2         ./ra/aws/FreeRTOS/FreeRTOS/Source/queue.o:(.text.xQueueGenericCreateStatic)
    20a2     20a2        0     1                 $t
    20a3     20a3       98     1                 xQueueGenericCreateStatic
    213a     213a       40     2         ./ra/aws/FreeRTOS/FreeRTOS/Source/queue.o:(.text.xQueueCreateCountingSemaphoreStatic)
    213a     213a        0     1                 $t
    213b     213b       40     1                 xQueueCreateCountingSemaphoreStatic
    217c     217c      1c8     4         ./ra/aws/FreeRTOS/FreeRTOS/Source/queue.o:(.text.xQueueGenericSend)
    217c     217c        0     1                 $t
    217d     217d      1c8     1                 xQueueGenericSend
    2344     2344       62     2         ./ra/aws/FreeRTOS/FreeRTOS/Source/queue.o:(.text.prvCopyDataToQueue)
    2344     2344        0     1                 $t
    2345     2345       62     1                 prvCopyDataToQueue
    23a8     23a8       72     4         ./ra/aws/FreeRTOS/FreeRTOS/Source/queue.o:(.text.prvUnlockQueue)
    23a8     23a8        0     1                 $t
    23a9     23a9       72     1                 prvUnlockQueue
    241c     241c      1b2     4         ./ra/aws/FreeRTOS/FreeRTOS/Source/queue.o:(.text.xQueueReceive)
    241c     241c        0     1                 $t
    241d     241d      1b2     1                 xQueueReceive
    25d0     25d0      18a     4         ./ra/aws/FreeRTOS/FreeRTOS/Source/queue.o:(.text.xQueueSemaphoreTake)
    25d0     25d0        0     1                 $t
    25d1     25d1      18a     1                 xQueueSemaphoreTake
    275c     275c       66     4         ./ra/aws/FreeRTOS/FreeRTOS/Source/queue.o:(.text.vQueueAddToRegistry)
    275c     275c        0     1                 $t
    275d     275d       66     1                 vQueueAddToRegistry
    27c2     27c2       46     2         ./ra/aws/FreeRTOS/FreeRTOS/Source/queue.o:(.text.vQueueWaitForMessageRestricted)
    27c2     27c2        0     1                 $t
    27c3     27c3       46     1                 vQueueWaitForMessageRestricted
    2808     2808      246     4         ./ra/aws/FreeRTOS/FreeRTOS/Source/tasks.o:(.text.xTaskCreateStatic)
    2808     2808        0     1                 $t
    2809     2809      246     1                 xTaskCreateStatic
    2a4e     2a4e       10     2         ./ra/aws/FreeRTOS/FreeRTOS/Source/tasks.o:(.text.vTaskSuspendAll)
    2a4e     2a4e        0     1                 $t
    2a4f     2a4f       10     1                 vTaskSuspendAll
    2a5e     2a5e       a4     2         ./ra/aws/FreeRTOS/FreeRTOS/Source/tasks.o:(.text.prvAddCurrentTaskToDelayedList)
    2a5e     2a5e        0     1                 $t
    2a5f     2a5f       a4     1                 prvAddCurrentTaskToDelayedList
    2b04     2b04      190     4         ./ra/aws/FreeRTOS/FreeRTOS/Source/tasks.o:(.text.xTaskResumeAll)
    2b04     2b04        0     1                 $t
    2b05     2b05      190     1                 xTaskResumeAll
    2c94     2c94       9e     4         ./ra/aws/FreeRTOS/FreeRTOS/Source/tasks.o:(.text.vTaskSwitchContext)
    2c94     2c94        0     1                 $t
    2c95     2c95       9e     1                 vTaskSwitchContext
    2d32     2d32       b2     2         ./ra/aws/FreeRTOS/FreeRTOS/Source/tasks.o:(.text.vTaskStartScheduler)
    2d32     2d32        0     1                 $t
    2d33     2d33       b2     1                 vTaskStartScheduler
    2de4     2de4       46     4         ./ra/aws/FreeRTOS/FreeRTOS/Source/tasks.o:(.text.prvCheckTasksWaitingTermination)
    2de4     2de4        0     1                 $t
    2de5     2de5       46     1                 prvCheckTasksWaitingTermination
    2e2c     2e2c      1ac     4         ./ra/aws/FreeRTOS/FreeRTOS/Source/tasks.o:(.text.xTaskIncrementTick)
    2e2c     2e2c        0     1                 $t
    2e2d     2e2d      1ac     1                 xTaskIncrementTick
    2fd8     2fd8        c     2         ./ra/aws/FreeRTOS/FreeRTOS/Source/tasks.o:(.text.xTaskGetTickCount)
    2fd8     2fd8        0     1                 $t
    2fd9     2fd9        c     1                 xTaskGetTickCount
    2fe4     2fe4       42     2         ./ra/aws/FreeRTOS/FreeRTOS/Source/tasks.o:(.text.vTaskPlaceOnEventList)
    2fe4     2fe4        0     1                 $t
    2fe5     2fe5       42     1                 vTaskPlaceOnEventList
    3026     3026       7a     2         ./ra/aws/FreeRTOS/FreeRTOS/Source/tasks.o:(.text.vTaskPlaceOnEventListRestricted)
    3026     3026        0     1                 $t
    3027     3027       7a     1                 vTaskPlaceOnEventListRestricted
    30a0     30a0      10c     2         ./ra/aws/FreeRTOS/FreeRTOS/Source/tasks.o:(.text.xTaskRemoveFromEventList)
    30a0     30a0        0     1                 $t
    30a1     30a1      10c     1                 xTaskRemoveFromEventList
    31ac     31ac       1a     2         ./ra/aws/FreeRTOS/FreeRTOS/Source/tasks.o:(.text.vTaskInternalSetTimeOutState)
    31ac     31ac        0     1                 $t
    31ad     31ad       1a     1                 vTaskInternalSetTimeOutState
    31c6     31c6       a0     2         ./ra/aws/FreeRTOS/FreeRTOS/Source/tasks.o:(.text.xTaskCheckForTimeOut)
    31c6     31c6        0     1                 $t
    31c7     31c7       a0     1                 xTaskCheckForTimeOut
    3266     3266        e     2         ./ra/aws/FreeRTOS/FreeRTOS/Source/tasks.o:(.text.vTaskMissedYield)
    3266     3266        0     1                 $t
    3267     3267        e     1                 vTaskMissedYield
    3274     3274        c     2         ./ra/aws/FreeRTOS/FreeRTOS/Source/tasks.o:(.text.xTaskGetCurrentTaskHandle)
    3274     3274        0     1                 $t
    3275     3275        c     1                 xTaskGetCurrentTaskHandle
    3280     3280       26     2         ./ra/aws/FreeRTOS/FreeRTOS/Source/tasks.o:(.text.xTaskGetSchedulerState)
    3280     3280        0     1                 $t
    3281     3281       26     1                 xTaskGetSchedulerState
    32a6     32a6       b0     2         ./ra/aws/FreeRTOS/FreeRTOS/Source/tasks.o:(.text.ulTaskGenericNotifyTake)
    32a6     32a6        0     1                 $t
    32a7     32a7       b0     1                 ulTaskGenericNotifyTake
    3356     3356      164     2         ./ra/aws/FreeRTOS/FreeRTOS/Source/tasks.o:(.text.vTaskGenericNotifyGiveFromISR)
    3356     3356        0     1                 $t
    3357     3357      164     1                 vTaskGenericNotifyGiveFromISR
    34bc     34bc       2e     4         ./ra/aws/FreeRTOS/FreeRTOS/Source/tasks.o:(.text.prvIdleTask)
    34bc     34bc        0     1                 $t
    34bd     34bd       2e     1                 prvIdleTask
    34ea     34ea       7e     2         ./ra/aws/FreeRTOS/FreeRTOS/Source/timers.o:(.text.xTimerCreateTimerTask)
    34ea     34ea        0     1                 $t
    34eb     34eb       7e     1                 xTimerCreateTimerTask
    3568     3568       7a     2         ./ra/aws/FreeRTOS/FreeRTOS/Source/timers.o:(.text.prvCheckForValidListAndQueue)
    3568     3568        0     1                 $t
    3569     3569       7a     1                 prvCheckForValidListAndQueue
    35e4     35e4      180     4         ./ra/aws/FreeRTOS/FreeRTOS/Source/timers.o:(.text.prvTimerTask)
    35e4     35e4        0     1                 $t
    35e5     35e5      180     1                 prvTimerTask
    36c6     36c6        0     1                 $d
    36d0     36d0        0     1                 $t
    3764     3764       56     4         ./ra/aws/FreeRTOS/FreeRTOS/Source/timers.o:(.text.prvSampleTimeNow)
    3764     3764        0     1                 $t
    3765     3765       56     1                 prvSampleTimeNow
    37ba     37ba       40     2         ./ra/aws/FreeRTOS/FreeRTOS/Source/timers.o:(.text.prvProcessExpiredTimer)
    37ba     37ba        0     1                 $t
    37bb     37bb       40     1                 prvProcessExpiredTimer
    37fc     37fc       2e     4         ./ra/aws/FreeRTOS/FreeRTOS/Source/timers.o:(.text.prvReloadTimer)
    37fc     37fc        0     1                 $t
    37fd     37fd       2e     1                 prvReloadTimer
    382a     382a       40     2         ./ra/aws/FreeRTOS/FreeRTOS/Source/timers.o:(.text.prvInsertTimerInActiveList)
    382a     382a        0     1                 $t
    382b     382b       40     1                 prvInsertTimerInActiveList
    386a     386a        8     2         C:\Renesas\e2_studio\toolchains\llvm_arm\ATfE-21.1.1-Windows-x86_64\bin\..\lib\clang-runtimes/arm-none-eabi/armv8m.main_hard_fp_exn_rtti_unaligned_size\lib\libc.a(bzero.c.o):(.text.bzero)
    386a     386a        0     1                 $t
    386b     386b        8     1                 bzero
    386b     386b        8     1                 __aeabi_memclr4
    386b     386b        8     1                 __aeabi_memclr8
    386b     386b        8     1                 __aeabi_memclr
    3872     3872       12     2         C:\Renesas\e2_studio\toolchains\llvm_arm\ATfE-21.1.1-Windows-x86_64\bin\..\lib\clang-runtimes/arm-none-eabi/armv8m.main_hard_fp_exn_rtti_unaligned_size\lib\libc.a(memcpy.c.o):(.text.memcpy)
    3872     3872        0     1                 $t
    3873     3873       12     1                 memcpy
    3873     3873       12     1                 __aeabi_memcpy4
    3873     3873       12     1                 __aeabi_memcpy8
    3873     3873       12     1                 __aeabi_memcpy
    3884     3884        e     2         C:\Renesas\e2_studio\toolchains\llvm_arm\ATfE-21.1.1-Windows-x86_64\bin\..\lib\clang-runtimes/arm-none-eabi/armv8m.main_hard_fp_exn_rtti_unaligned_size\lib\libc.a(memset.c.o):(.text.memset)
    3884     3884        0     1                 $t
    3885     3885        e     1                 memset
    3894     3894       28     4         C:\Renesas\e2_studio\toolchains\llvm_arm\ATfE-21.1.1-Windows-x86_64\bin\..\lib\clang-runtimes/arm-none-eabi/armv8m.main_hard_fp_exn_rtti_unaligned_size\lib\libc.a(libc_picolib_inittls.c.o):(.text._init_tls)
    3894     3894        0     1                 $t
    3895     3895       28     1                 _init_tls
    38ac     38ac        0     1                 $d
    38bc     38bc       14     4         C:\Renesas\e2_studio\toolchains\llvm_arm\ATfE-21.1.1-Windows-x86_64\bin\..\lib\clang-runtimes/arm-none-eabi/armv8m.main_hard_fp_exn_rtti_unaligned_size\lib\libc.a(libc_picolib_machine_arm_set_tls.c.o):(.text._set_tls)
    38bc     38bc        0     1                 $t
    38bd     38bd       14     1                 _set_tls
    38c8     38c8        0     1                 $d
    38d0     38d0        1     1         ./ra_gen/common_data.o:(.rodata.g_external_irq9_ext_cfg)
    38d0     38d0        1     1                 g_external_irq9_ext_cfg
    38d4     38d4       14     4         ./ra_gen/common_data.o:(.rodata.g_external_irq9_cfg)
    38d4     38d4       14     1                 g_external_irq9_cfg
    38e8     38e8       58     4         ./ra_gen/hal_data.o:(.rodata.g_timer1_extend)
    38e8     38e8       58     1                 g_timer1_extend
    3940     3940       20     4         ./ra_gen/hal_data.o:(.rodata.g_timer1_cfg)
    3940     3940       20     1                 g_timer1_cfg
    3960     3960        d     1         ./ra_gen/hal_data.o:(.rodata.g_spi1_ext_cfg)
    3960     3960        d     1                 g_spi1_ext_cfg
    3970     3970       24     4         ./ra_gen/hal_data.o:(.rodata.g_spi1_cfg)
    3970     3970       24     1                 g_spi1_cfg
    3994     3994       58     4         ./ra_gen/hal_data.o:(.rodata.g_timer0_extend)
    3994     3994       58     1                 g_timer0_extend
    39ec     39ec       20     4         ./ra_gen/hal_data.o:(.rodata.g_timer0_cfg)
    39ec     39ec       20     1                 g_timer0_cfg
    3a0c     3a0c        4     4         ./ra_gen/led1_thread.o:(.rodata.led1_thread_parameters)
    3a0c     3a0c        4     1                 led1_thread_parameters
    3a10     3a10      7a0     1         <internal>:(.rodata.str1.1)
    41b0     41b0        4     4         ./ra_gen/led2_thread.o:(.rodata.led2_thread_parameters)
    41b0     41b0        4     1                 led2_thread_parameters
    41b4     41b4      140     4         ./ra_gen/pin_data.o:(.rodata.g_bsp_pin_cfg_data)
    41b4     41b4      140     1                 g_bsp_pin_cfg_data
    42f4     42f4        c     4         ./ra_gen/pin_data.o:(.rodata.g_bsp_pin_cfg)
    42f4     42f4        c     1                 g_bsp_pin_cfg
    4300     4300        4     4         ./ra_gen/spi_slv_thread.o:(.rodata.spi_slv_thread_parameters)
    4300     4300        4     1                 spi_slv_thread_parameters
    4304     4304        c     2         ./ra_gen/vector_data.o:(.rodata.g_interrupt_event_link_select)
    4304     4304        c     1                 g_interrupt_event_link_select
    4310     4310        6     2         ./ra/fsp/src/r_ioport/r_ioport.o:(.rodata.g_vbatt_pins_input)
    4310     4310        6     1                 g_vbatt_pins_input
    4318     4318        8     4         ./ra/fsp/src/bsp/mcu/ra6e2/bsp_linker.o:(.rodata.nocache_list)
    4318     4318        8     1                 nocache_list
    4320     4320       18     4         ./ra/fsp/src/bsp/mcu/ra6e2/bsp_linker.o:(.rodata.g_init_info)
    4320     4320       18     1                 g_init_info
    4338     4338       24     4         ./ra/fsp/src/bsp/mcu/ra6e2/bsp_linker.o:(.rodata.zero_list)
    4338     4338       24     1                 zero_list
    435c     435c       40     4         ./ra/fsp/src/bsp/mcu/ra6e2/bsp_linker.o:(.rodata.copy_list)
    435c     435c       40     1                 copy_list
    439c     439c        a     2         ./ra/fsp/src/bsp/mcu/all/bsp_register_protection.o:(.rodata.g_prcr_masks)
    439c     439c        a     1                 g_prcr_masks
    43a8     43a8        4     4         ./ra/aws/FreeRTOS/FreeRTOS/Source/tasks.o:(.rodata.uxTopUsedPriority)
    43a8     43a8        4     1                 uxTopUsedPriority
    43ac     43ac       4e     4         ./ra/fsp/src/bsp/mcu/all/bsp_common.o:(.version)
    43ac     43ac        4     1                 g_fsp_version
    43b0     43b0        6     1                 g_fsp_version_string
    43b6     43b6       44     1                 g_fsp_version_build_string
    43fa     43fa        0     1         __flash_readonly$$Limit = .
    43fa     43fa        0     1 __flash_preinit_array$$
    43fa     43fa        0     1         __preinit_array_start = .
    43fa     43fa        0     1         __preinit_array_end = .
    43fa     43fa        0     1 __flash_init_array$$
    43fa     43fa        0     1         __init_array_start = .
    43fa     43fa        0     1         __init_array_end = .
    43fa     43fa        0     1 __flash_fini_array$$
    43fa     43fa        0     1         __fini_array_start = .
    43fa     43fa        0     1         __fini_array_end = .
    43fa     43fa        0     1 __flash_arm.exidx$$
    43fa     43fa        0     1         __exidx_start = .
    43fa     43fa        0     1         __exidx_end = .
    4400     4400        0     1 .flash.endof
    4400     4400        0     1         __ddsc_FLASH_END = .
    4400     4400        0     1 .flash.flat_nsc
    4400     4400        0     1         __ddsc_FLASH_NSC = .
 100a100  100a100        0     1 .option_setting_ofs0.startof
 100a100  100a100        0     1         __ddsc_OPTION_SETTING_OFS0_START = .
 100a100  100a100        4     4 __option_setting_ofs0_reg$$
 100a100  100a100        0     1         __option_setting_ofs0_reg$$Base = .
 100a100  100a100        4     4         ./ra/fsp/src/bsp/mcu/ra6e2/bsp_linker.o:(.option_setting_ofs0)
 100a100  100a100        4     1                 g_bsp_cfg_option_setting_ofs0
 100a104  100a104        0     1         __option_setting_ofs0_reg$$Limit = .
 100a104  100a104        0     1 .option_setting_ofs0.endof
 100a104  100a104        0     1         __ddsc_OPTION_SETTING_OFS0_END = .
 100a120  100a120        0     1 .option_setting_osis.startof
 100a120  100a120        0     1         __ddsc_OPTION_SETTING_OSIS_START = .
 100a120  100a120        0     1 __option_setting_osis_reg$$
 100a120  100a120        0     1         __option_setting_osis_reg$$Base = .
 100a120  100a120        0     1         __option_setting_osis_reg$$Limit = .
 100a120  100a120        0     1 .option_setting_osis.endof
 100a120  100a120        0     1         __ddsc_OPTION_SETTING_OSIS_END = .
 100a200  100a200        0     1 .option_setting_ofs1_sec.startof
 100a200  100a200        0     1         __ddsc_OPTION_SETTING_OFS1_SEC_START = .
 100a200  100a200        4     4 __option_setting_ofs1_sec_reg$$
 100a200  100a200        0     1         __option_setting_ofs1_sec_reg$$Base = .
 100a200  100a200        4     4         ./ra/fsp/src/bsp/mcu/ra6e2/bsp_linker.o:(.option_setting_ofs1_sec)
 100a200  100a200        4     1                 g_bsp_cfg_option_setting_ofs1_sec
 100a204  100a204        0     1         __option_setting_ofs1_sec_reg$$Limit = .
 100a204  100a204        0     1 .option_setting_ofs1_sec.endof
 100a204  100a204        0     1         __ddsc_OPTION_SETTING_OFS1_SEC_END = .
 100a240  100a240        0     1 .option_setting_bps_sec.startof
 100a240  100a240        0     1         __ddsc_OPTION_SETTING_BPS_SEC_START = .
 100a240  100a240        0     1 __option_setting_bps_sec_reg$$
 100a240  100a240        0     1         __option_setting_bps_sec_reg$$Base = .
 100a240  100a240        0     1         __option_setting_bps_sec_reg$$Limit = .
 100a240  100a240        0     1 .option_setting_bps_sec.endof
 100a240  100a240        0     1         __ddsc_OPTION_SETTING_BPS_SEC_END = .
 100a260  100a260        0     1 .option_setting_pbps_sec.startof
 100a260  100a260        0     1         __ddsc_OPTION_SETTING_PBPS_SEC_START = .
 100a260  100a260        0     1 __option_setting_pbps_sec_reg$$
 100a260  100a260        0     1         __option_setting_pbps_sec_reg$$Base = .
 100a260  100a260        0     1         __option_setting_pbps_sec_reg$$Limit = .
 100a260  100a260        0     1 .option_setting_pbps_sec.endof
 100a260  100a260        0     1         __ddsc_OPTION_SETTING_PBPS_SEC_END = .
 100a260  100a260        0     1 PROVIDE( __tls_base = ADDR (__ram_tdata$$))
 100a260  100a260        0     1 PROVIDE( __tdata_source = LOADADDR (__ram_tdata$$))
 100a260  100a260        0     1 PROVIDE( __tdata_size = SIZEOF (__ram_tdata$$))
 100a260  100a260        0     1 PROVIDE( __tbss_offset = ADDR (__ram_tbss$$) - ADDR (__ram_tdata$$))
 100a260  100a260        0     1 PROVIDE( __tbss_size = SIZEOF (__ram_tbss$$))
 100a260  100a260        0     1 PROVIDE( __arm32_tls_tcb_offset = 8)
       0        0       3e     1 .ARM.attributes
       0        0       3e     1         C:\Renesas\e2_studio\toolchains\llvm_arm\ATfE-21.1.1-Windows-x86_64\bin\..\lib\clang-runtimes/arm-none-eabi/armv8m.main_hard_fp_exn_rtti_unaligned_size\lib\crt0.o:(.ARM.attributes)
       0        0     5942     1 .debug_loclists
       0        0       1e     1         ./src/ext_irq.o:(.debug_loclists)
      1e       1e       1e     1         ./src/hal_warmstart.o:(.debug_loclists)
      3c       3c       7c     1         ./src/led1_thread_entry.o:(.debug_loclists)
      b8       b8       7a     1         ./src/led2_thread_entry.o:(.debug_loclists)
     132      132       58     1         ./src/spi_slv_thread_entry.o:(.debug_loclists)
     18a      18a       1e     1         ./src/timer.o:(.debug_loclists)
     1a8      1a8       22     1         ./ra_gen/led1_thread.o:(.debug_loclists)
     1ca      1ca       22     1         ./ra_gen/led2_thread.o:(.debug_loclists)
     1ec      1ec       45     1         ./ra_gen/main.o:(.debug_loclists)
     231      231       22     1         ./ra_gen/spi_slv_thread.o:(.debug_loclists)
     253      253      164     1         ./ra/fsp/src/rm_freertos_port/port.o:(.debug_loclists)
     3b7      3b7      698     1         ./ra/fsp/src/r_spi/r_spi.o:(.debug_loclists)
     a4f      a4f      4d3     1         ./ra/fsp/src/r_ioport/r_ioport.o:(.debug_loclists)
     f22      f22      166     1         ./ra/fsp/src/r_icu/r_icu.o:(.debug_loclists)
    1088     1088      7e0     1         ./ra/fsp/src/r_gpt/r_gpt.o:(.debug_loclists)
    1868     1868      18c     1         ./ra/fsp/src/bsp/mcu/all/bsp_clocks.o:(.debug_loclists)
    19f4     19f4       1d     1         ./ra/fsp/src/bsp/mcu/all/bsp_common.o:(.debug_loclists)
    1a11     1a11      10e     1         ./ra/fsp/src/bsp/mcu/all/bsp_delay.o:(.debug_loclists)
    1b1f     1b1f       35     1         ./ra/fsp/src/bsp/mcu/all/bsp_group_irq.o:(.debug_loclists)
    1b54     1b54       48     1         ./ra/fsp/src/bsp/mcu/all/bsp_irq.o:(.debug_loclists)
    1b9c     1b9c       44     1         ./ra/fsp/src/bsp/mcu/all/bsp_register_protection.o:(.debug_loclists)
    1be0     1be0       1e     1         ./ra/fsp/src/bsp/mcu/all/bsp_sbrk.o:(.debug_loclists)
    1bfe     1bfe       60     1         ./ra/fsp/src/bsp/cmsis/Device/RENESAS/Source/system.o:(.debug_loclists)
    1c5e     1c5e      5e8     1         ./ra/aws/FreeRTOS/FreeRTOS/Source/event_groups.o:(.debug_loclists)
    2246     2246       7d     1         ./ra/aws/FreeRTOS/FreeRTOS/Source/list.o:(.debug_loclists)
    22c3     22c3      da5     1         ./ra/aws/FreeRTOS/FreeRTOS/Source/queue.o:(.debug_loclists)
    3068     3068      efb     1         ./ra/aws/FreeRTOS/FreeRTOS/Source/stream_buffer.o:(.debug_loclists)
    3f63     3f63     12c7     1         ./ra/aws/FreeRTOS/FreeRTOS/Source/tasks.o:(.debug_loclists)
    522a     522a      718     1         ./ra/aws/FreeRTOS/FreeRTOS/Source/timers.o:(.debug_loclists)
       0        0     4096     1 .debug_abbrev
       0        0       90     1         ./src/ext_irq.o:(.debug_abbrev)
      90       90       2f     1         ./src/hal_entry.o:(.debug_abbrev)
      bf       bf      106     1         ./src/hal_warmstart.o:(.debug_abbrev)
     1c5      1c5      1c6     1         ./src/led1_thread_entry.o:(.debug_abbrev)
     38b      38b      1ed     1         ./src/led2_thread_entry.o:(.debug_abbrev)
     578      578      179     1         ./src/spi_slv_thread_entry.o:(.debug_abbrev)
     6f1      6f1       a8     1         ./src/timer.o:(.debug_abbrev)
     799      799      144     1         ./ra_gen/common_data.o:(.debug_abbrev)
     8dd      8dd      27e     1         ./ra_gen/hal_data.o:(.debug_abbrev)
     b5b      b5b      159     1         ./ra_gen/led1_thread.o:(.debug_abbrev)
     cb4      cb4      159     1         ./ra_gen/led2_thread.o:(.debug_abbrev)
     e0d      e0d      123     1         ./ra_gen/main.o:(.debug_abbrev)
     f30      f30       e6     1         ./ra_gen/pin_data.o:(.debug_abbrev)
    1016     1016      159     1         ./ra_gen/spi_slv_thread.o:(.debug_abbrev)
    116f     116f       92     1         ./ra_gen/vector_data.o:(.debug_abbrev)
    1201     1201      32b     1         ./ra/fsp/src/rm_freertos_port/port.o:(.debug_abbrev)
    152c     152c      413     1         ./ra/fsp/src/r_spi/r_spi.o:(.debug_abbrev)
    193f     193f      2fc     1         ./ra/fsp/src/r_ioport/r_ioport.o:(.debug_abbrev)
    1c3b     1c3b      35f     1         ./ra/fsp/src/r_icu/r_icu.o:(.debug_abbrev)
    1f9a     1f9a      3f7     1         ./ra/fsp/src/r_gpt/r_gpt.o:(.debug_abbrev)
    2391     2391       a2     1         ./ra/fsp/src/bsp/mcu/ra6e2/bsp_linker.o:(.debug_abbrev)
    2433     2433      2de     1         ./ra/fsp/src/bsp/mcu/all/bsp_clocks.o:(.debug_abbrev)
    2711     2711      149     1         ./ra/fsp/src/bsp/mcu/all/bsp_common.o:(.debug_abbrev)
    285a     285a       ad     1         ./ra/fsp/src/bsp/mcu/all/bsp_delay.o:(.debug_abbrev)
    2907     2907      1ff     1         ./ra/fsp/src/bsp/mcu/all/bsp_group_irq.o:(.debug_abbrev)
    2b06     2b06       44     1         ./ra/fsp/src/bsp/mcu/all/bsp_io.o:(.debug_abbrev)
    2b4a     2b4a      1a3     1         ./ra/fsp/src/bsp/mcu/all/bsp_irq.o:(.debug_abbrev)
    2ced     2ced      209     1         ./ra/fsp/src/bsp/mcu/all/bsp_register_protection.o:(.debug_abbrev)
    2ef6     2ef6       67     1         ./ra/fsp/src/bsp/mcu/all/bsp_sbrk.o:(.debug_abbrev)
    2f5d     2f5d       a7     1         ./ra/fsp/src/bsp/cmsis/Device/RENESAS/Source/startup.o:(.debug_abbrev)
    3004     3004      1ff     1         ./ra/fsp/src/bsp/cmsis/Device/RENESAS/Source/system.o:(.debug_abbrev)
    3203     3203       43     1         ./ra/board/ra6e2_fpb/board_init.o:(.debug_abbrev)
    3246     3246       91     1         ./ra/board/ra6e2_fpb/board_leds.o:(.debug_abbrev)
    32d7     32d7      215     1         ./ra/aws/FreeRTOS/FreeRTOS/Source/event_groups.o:(.debug_abbrev)
    34ec     34ec       c1     1         ./ra/aws/FreeRTOS/FreeRTOS/Source/list.o:(.debug_abbrev)
    35ad     35ad      274     1         ./ra/aws/FreeRTOS/FreeRTOS/Source/queue.o:(.debug_abbrev)
    3821     3821      247     1         ./ra/aws/FreeRTOS/FreeRTOS/Source/stream_buffer.o:(.debug_abbrev)
    3a68     3a68      361     1         ./ra/aws/FreeRTOS/FreeRTOS/Source/tasks.o:(.debug_abbrev)
    3dc9     3dc9      2cd     1         ./ra/aws/FreeRTOS/FreeRTOS/Source/timers.o:(.debug_abbrev)
       0        0    2fe8c     1 .debug_info
       0        0       8e     1         ./src/ext_irq.o:(.debug_info)
      8e       8e       2f     1         ./src/hal_entry.o:(.debug_info)
      bd       bd      9fb     1         ./src/hal_warmstart.o:(.debug_info)
     ab8      ab8     1003     1         ./src/led1_thread_entry.o:(.debug_info)
    1abb     1abb      fd1     1         ./src/led2_thread_entry.o:(.debug_info)
    2a8c     2a8c      86c     1         ./src/spi_slv_thread_entry.o:(.debug_info)
    32f8     32f8       d1     1         ./src/timer.o:(.debug_info)
    33c9     33c9      ed9     1         ./ra_gen/common_data.o:(.debug_info)
    42a2     42a2     4045     1         ./ra_gen/hal_data.o:(.debug_info)
    82e7     82e7      21a     1         ./ra_gen/led1_thread.o:(.debug_info)
    8501     8501      21a     1         ./ra_gen/led2_thread.o:(.debug_info)
    871b     871b      36e     1         ./ra_gen/main.o:(.debug_info)
    8a89     8a89      49b     1         ./ra_gen/pin_data.o:(.debug_info)
    8f24     8f24      21a     1         ./ra_gen/spi_slv_thread.o:(.debug_info)
    913e     913e      34d     1         ./ra_gen/vector_data.o:(.debug_info)
    948b     948b     3786     1         ./ra/fsp/src/rm_freertos_port/port.o:(.debug_info)
    cc11     cc11     61d8     1         ./ra/fsp/src/r_spi/r_spi.o:(.debug_info)
   12de9    12de9     2ff3     1         ./ra/fsp/src/r_ioport/r_ioport.o:(.debug_info)
   15ddc    15ddc     13f3     1         ./ra/fsp/src/r_icu/r_icu.o:(.debug_info)
   171cf    171cf     82c8     1         ./ra/fsp/src/r_gpt/r_gpt.o:(.debug_info)
   1f497    1f497      1df     1         ./ra/fsp/src/bsp/mcu/ra6e2/bsp_linker.o:(.debug_info)
   1f676    1f676     4717     1         ./ra/fsp/src/bsp/mcu/all/bsp_clocks.o:(.debug_info)
   23d8d    23d8d      59c     1         ./ra/fsp/src/bsp/mcu/all/bsp_common.o:(.debug_info)
   24329    24329      104     1         ./ra/fsp/src/bsp/mcu/all/bsp_delay.o:(.debug_info)
   2442d    2442d      dba     1         ./ra/fsp/src/bsp/mcu/all/bsp_group_irq.o:(.debug_info)
   251e7    251e7       43     1         ./ra/fsp/src/bsp/mcu/all/bsp_io.o:(.debug_info)
   2522a    2522a     15ae     1         ./ra/fsp/src/bsp/mcu/all/bsp_irq.o:(.debug_info)
   267d8    267d8     2ec8     1         ./ra/fsp/src/bsp/mcu/all/bsp_register_protection.o:(.debug_info)
   296a0    296a0       5f     1         ./ra/fsp/src/bsp/mcu/all/bsp_sbrk.o:(.debug_info)
   296ff    296ff       b1     1         ./ra/fsp/src/bsp/cmsis/Device/RENESAS/Source/startup.o:(.debug_info)
   297b0    297b0      ac6     1         ./ra/fsp/src/bsp/cmsis/Device/RENESAS/Source/system.o:(.debug_info)
   2a276    2a276       3b     1         ./ra/board/ra6e2_fpb/board_init.o:(.debug_info)
   2a2b1    2a2b1       88     1         ./ra/board/ra6e2_fpb/board_leds.o:(.debug_info)
   2a339    2a339      9dd     1         ./ra/aws/FreeRTOS/FreeRTOS/Source/event_groups.o:(.debug_info)
   2ad16    2ad16      1ac     1         ./ra/aws/FreeRTOS/FreeRTOS/Source/list.o:(.debug_info)
   2aec2    2aec2     130f     1         ./ra/aws/FreeRTOS/FreeRTOS/Source/queue.o:(.debug_info)
   2c1d1    2c1d1     1067     1         ./ra/aws/FreeRTOS/FreeRTOS/Source/stream_buffer.o:(.debug_info)
   2d238    2d238     1d11     1         ./ra/aws/FreeRTOS/FreeRTOS/Source/tasks.o:(.debug_info)
   2ef49    2ef49      f43     1         ./ra/aws/FreeRTOS/FreeRTOS/Source/timers.o:(.debug_info)
       0        0     f578     1 .debug_str_offsets
       0        0       44     1         ./src/ext_irq.o:(.debug_str_offsets)
      44       44       18     1         ./src/hal_entry.o:(.debug_str_offsets)
      5c       5c      820     1         ./src/hal_warmstart.o:(.debug_str_offsets)
     87c      87c      9a8     1         ./src/led1_thread_entry.o:(.debug_str_offsets)
    1224     1224      968     1         ./src/led2_thread_entry.o:(.debug_str_offsets)
    1b8c     1b8c      678     1         ./src/spi_slv_thread_entry.o:(.debug_str_offsets)
    2204     2204       84     1         ./src/timer.o:(.debug_str_offsets)
    2288     2288      9cc     1         ./ra_gen/common_data.o:(.debug_str_offsets)
    2c54     2c54     1754     1         ./ra_gen/hal_data.o:(.debug_str_offsets)
    43a8     43a8       b4     1         ./ra_gen/led1_thread.o:(.debug_str_offsets)
    445c     445c       b4     1         ./ra_gen/led2_thread.o:(.debug_str_offsets)
    4510     4510      124     1         ./ra_gen/main.o:(.debug_str_offsets)
    4634     4634      428     1         ./ra_gen/pin_data.o:(.debug_str_offsets)
    4a5c     4a5c       b4     1         ./ra_gen/spi_slv_thread.o:(.debug_str_offsets)
    4b10     4b10      330     1         ./ra_gen/vector_data.o:(.debug_str_offsets)
    4e40     4e40      db8     1         ./ra/fsp/src/rm_freertos_port/port.o:(.debug_str_offsets)
    5bf8     5bf8     1a98     1         ./ra/fsp/src/r_spi/r_spi.o:(.debug_str_offsets)
    7690     7690      ff0     1         ./ra/fsp/src/r_ioport/r_ioport.o:(.debug_str_offsets)
    8680     8680      7f4     1         ./ra/fsp/src/r_icu/r_icu.o:(.debug_str_offsets)
    8e74     8e74     23ec     1         ./ra/fsp/src/r_gpt/r_gpt.o:(.debug_str_offsets)
    b260     b260       9c     1         ./ra/fsp/src/bsp/mcu/ra6e2/bsp_linker.o:(.debug_str_offsets)
    b2fc     b2fc     1010     1         ./ra/fsp/src/bsp/mcu/all/bsp_clocks.o:(.debug_str_offsets)
    c30c     c30c      468     1         ./ra/fsp/src/bsp/mcu/all/bsp_common.o:(.debug_str_offsets)
    c774     c774       74     1         ./ra/fsp/src/bsp/mcu/all/bsp_delay.o:(.debug_str_offsets)
    c7e8     c7e8      698     1         ./ra/fsp/src/bsp/mcu/all/bsp_group_irq.o:(.debug_str_offsets)
    ce80     ce80       24     1         ./ra/fsp/src/bsp/mcu/all/bsp_io.o:(.debug_str_offsets)
    cea4     cea4      78c     1         ./ra/fsp/src/bsp/mcu/all/bsp_irq.o:(.debug_str_offsets)
    d630     d630      bac     1         ./ra/fsp/src/bsp/mcu/all/bsp_register_protection.o:(.debug_str_offsets)
    e1dc     e1dc       2c     1         ./ra/fsp/src/bsp/mcu/all/bsp_sbrk.o:(.debug_str_offsets)
    e208     e208       3c     1         ./ra/fsp/src/bsp/cmsis/Device/RENESAS/Source/startup.o:(.debug_str_offsets)
    e244     e244      344     1         ./ra/fsp/src/bsp/cmsis/Device/RENESAS/Source/system.o:(.debug_str_offsets)
    e588     e588       1c     1         ./ra/board/ra6e2_fpb/board_init.o:(.debug_str_offsets)
    e5a4     e5a4       3c     1         ./ra/board/ra6e2_fpb/board_leds.o:(.debug_str_offsets)
    e5e0     e5e0      240     1         ./ra/aws/FreeRTOS/FreeRTOS/Source/event_groups.o:(.debug_str_offsets)
    e820     e820       90     1         ./ra/aws/FreeRTOS/FreeRTOS/Source/list.o:(.debug_str_offsets)
    e8b0     e8b0      324     1         ./ra/aws/FreeRTOS/FreeRTOS/Source/queue.o:(.debug_str_offsets)
    ebd4     ebd4      1d8     1         ./ra/aws/FreeRTOS/FreeRTOS/Source/stream_buffer.o:(.debug_str_offsets)
    edac     edac      494     1         ./ra/aws/FreeRTOS/FreeRTOS/Source/tasks.o:(.debug_str_offsets)
    f240     f240      338     1         ./ra/aws/FreeRTOS/FreeRTOS/Source/timers.o:(.debug_str_offsets)
       0        0    10ba0     1 .debug_str
       0        0    10ba0     1         <internal>:(.debug_str)
       0        0     101c     1 .debug_addr
       0        0        c     1         ./src/ext_irq.o:(.debug_addr)
       c        c        c     1         ./src/hal_entry.o:(.debug_addr)
      18       18       10     1         ./src/hal_warmstart.o:(.debug_addr)
      28       28       28     1         ./src/led1_thread_entry.o:(.debug_addr)
      50       50       30     1         ./src/led2_thread_entry.o:(.debug_addr)
      80       80       34     1         ./src/spi_slv_thread_entry.o:(.debug_addr)
      b4       b4        c     1         ./src/timer.o:(.debug_addr)
      c0       c0       24     1         ./ra_gen/common_data.o:(.debug_addr)
      e4       e4       3c     1         ./ra_gen/hal_data.o:(.debug_addr)
     120      120       2c     1         ./ra_gen/led1_thread.o:(.debug_addr)
     14c      14c       2c     1         ./ra_gen/led2_thread.o:(.debug_addr)
     178      178       3c     1         ./ra_gen/main.o:(.debug_addr)
     1b4      1b4       10     1         ./ra_gen/pin_data.o:(.debug_addr)
     1c4      1c4       2c     1         ./ra_gen/spi_slv_thread.o:(.debug_addr)
     1f0      1f0       10     1         ./ra_gen/vector_data.o:(.debug_addr)
     200      200       bc     1         ./ra/fsp/src/rm_freertos_port/port.o:(.debug_addr)
     2bc      2bc      130     1         ./ra/fsp/src/r_spi/r_spi.o:(.debug_addr)
     3ec      3ec       94     1         ./ra/fsp/src/r_ioport/r_ioport.o:(.debug_addr)
     480      480       4c     1         ./ra/fsp/src/r_icu/r_icu.o:(.debug_addr)
     4cc      4cc      1c8     1         ./ra/fsp/src/r_gpt/r_gpt.o:(.debug_addr)
     694      694       20     1         ./ra/fsp/src/bsp/mcu/ra6e2/bsp_linker.o:(.debug_addr)
     6b4      6b4       64     1         ./ra/fsp/src/bsp/mcu/all/bsp_clocks.o:(.debug_addr)
     718      718       20     1         ./ra/fsp/src/bsp/mcu/all/bsp_common.o:(.debug_addr)
     738      738       20     1         ./ra/fsp/src/bsp/mcu/all/bsp_delay.o:(.debug_addr)
     758      758       1c     1         ./ra/fsp/src/bsp/mcu/all/bsp_group_irq.o:(.debug_addr)
     774      774        c     1         ./ra/fsp/src/bsp/mcu/all/bsp_io.o:(.debug_addr)
     780      780       24     1         ./ra/fsp/src/bsp/mcu/all/bsp_irq.o:(.debug_addr)
     7a4      7a4       30     1         ./ra/fsp/src/bsp/mcu/all/bsp_register_protection.o:(.debug_addr)
     7d4      7d4        c     1         ./ra/fsp/src/bsp/mcu/all/bsp_sbrk.o:(.debug_addr)
     7e0      7e0       1c     1         ./ra/fsp/src/bsp/cmsis/Device/RENESAS/Source/startup.o:(.debug_addr)
     7fc      7fc       30     1         ./ra/fsp/src/bsp/cmsis/Device/RENESAS/Source/system.o:(.debug_addr)
     82c      82c        c     1         ./ra/board/ra6e2_fpb/board_init.o:(.debug_addr)
     838      838       10     1         ./ra/board/ra6e2_fpb/board_leds.o:(.debug_addr)
     848      848       90     1         ./ra/aws/FreeRTOS/FreeRTOS/Source/event_groups.o:(.debug_addr)
     8d8      8d8       1c     1         ./ra/aws/FreeRTOS/FreeRTOS/Source/list.o:(.debug_addr)
     8f4      8f4      17c     1         ./ra/aws/FreeRTOS/FreeRTOS/Source/queue.o:(.debug_addr)
     a70      a70      17c     1         ./ra/aws/FreeRTOS/FreeRTOS/Source/stream_buffer.o:(.debug_addr)
     bec      bec      318     1         ./ra/aws/FreeRTOS/FreeRTOS/Source/tasks.o:(.debug_addr)
     f04      f04      118     1         ./ra/aws/FreeRTOS/FreeRTOS/Source/timers.o:(.debug_addr)
       0        0       29     1 .comment
       0        0       29     1         <internal>:(.comment)
       0        0     1b34     4 .debug_frame
       0        0       30     4         ./src/ext_irq.o:(.debug_frame)
      30       30       24     4         ./src/hal_entry.o:(.debug_frame)
      54       54       24     4         ./src/hal_warmstart.o:(.debug_frame)
      78       78       24     4         ./src/led1_thread_entry.o:(.debug_frame)
      9c       9c       24     4         ./src/led2_thread_entry.o:(.debug_frame)
      c0       c0       74     4         ./src/spi_slv_thread_entry.o:(.debug_frame)
     134      134       30     4         ./src/timer.o:(.debug_frame)
     164      164       24     4         ./ra_gen/common_data.o:(.debug_frame)
     188      188       24     4         ./ra_gen/hal_data.o:(.debug_frame)
     1ac      1ac       48     4         ./ra_gen/led1_thread.o:(.debug_frame)
     1f4      1f4       48     4         ./ra_gen/led2_thread.o:(.debug_frame)
     23c      23c       78     4         ./ra_gen/main.o:(.debug_frame)
     2b4      2b4       48     4         ./ra_gen/spi_slv_thread.o:(.debug_frame)
     2fc      2fc      13c     4         ./ra/fsp/src/rm_freertos_port/port.o:(.debug_frame)
     438      438      190     4         ./ra/fsp/src/r_spi/r_spi.o:(.debug_frame)
     5c8      5c8      150     4         ./ra/fsp/src/r_ioport/r_ioport.o:(.debug_frame)
     718      718       94     4         ./ra/fsp/src/r_icu/r_icu.o:(.debug_frame)
     7ac      7ac      208     4         ./ra/fsp/src/r_gpt/r_gpt.o:(.debug_frame)
     9b4      9b4       f0     4         ./ra/fsp/src/bsp/mcu/all/bsp_clocks.o:(.debug_frame)
     aa4      aa4       44     4         ./ra/fsp/src/bsp/mcu/all/bsp_common.o:(.debug_frame)
     ae8      ae8       34     4         ./ra/fsp/src/bsp/mcu/all/bsp_delay.o:(.debug_frame)
     b1c      b1c       44     4         ./ra/fsp/src/bsp/mcu/all/bsp_group_irq.o:(.debug_frame)
     b60      b60       34     4         ./ra/fsp/src/bsp/mcu/all/bsp_irq.o:(.debug_frame)
     b94      b94       3c     4         ./ra/fsp/src/bsp/mcu/all/bsp_register_protection.o:(.debug_frame)
     bd0      bd0       2c     4         ./ra/fsp/src/bsp/mcu/all/bsp_sbrk.o:(.debug_frame)
     bfc      bfc       34     4         ./ra/fsp/src/bsp/cmsis/Device/RENESAS/Source/startup.o:(.debug_frame)
     c30      c30       60     4         ./ra/fsp/src/bsp/cmsis/Device/RENESAS/Source/system.o:(.debug_frame)
     c90      c90       24     4         ./ra/board/ra6e2_fpb/board_init.o:(.debug_frame)
     cb4      cb4      114     4         ./ra/aws/FreeRTOS/FreeRTOS/Source/event_groups.o:(.debug_frame)
     dc8      dc8       6c     4         ./ra/aws/FreeRTOS/FreeRTOS/Source/list.o:(.debug_frame)
     e34      e34      300     4         ./ra/aws/FreeRTOS/FreeRTOS/Source/queue.o:(.debug_frame)
    1134     1134      2c8     4         ./ra/aws/FreeRTOS/FreeRTOS/Source/stream_buffer.o:(.debug_frame)
    13fc     13fc      4c8     4         ./ra/aws/FreeRTOS/FreeRTOS/Source/tasks.o:(.debug_frame)
    18c4     18c4      24c     4         ./ra/aws/FreeRTOS/FreeRTOS/Source/timers.o:(.debug_frame)
    1b10     1b10       24     4         C:\Renesas\e2_studio\toolchains\llvm_arm\ATfE-21.1.1-Windows-x86_64\bin\..\lib\clang-runtimes/arm-none-eabi/armv8m.main_hard_fp_exn_rtti_unaligned_size\lib\libc.a(libc_picolib_machine_arm_read_tp.S.o):(.debug_frame)
       0        0     7cda     1 .debug_line
       0        0       d9     1         ./src/ext_irq.o:(.debug_line)
      d9       d9       6e     1         ./src/hal_entry.o:(.debug_line)
     147      147      119     1         ./src/hal_warmstart.o:(.debug_line)
     260      260      116     1         ./src/led1_thread_entry.o:(.debug_line)
     376      376      126     1         ./src/led2_thread_entry.o:(.debug_line)
     49c      49c      271     1         ./src/spi_slv_thread_entry.o:(.debug_line)
     70d      70d       e1     1         ./src/timer.o:(.debug_line)
     7ee      7ee      139     1         ./ra_gen/common_data.o:(.debug_line)
     927      927      164     1         ./ra_gen/hal_data.o:(.debug_line)
     a8b      a8b      139     1         ./ra_gen/led1_thread.o:(.debug_line)
     bc4      bc4      139     1         ./ra_gen/led2_thread.o:(.debug_line)
     cfd      cfd      1cc     1         ./ra_gen/main.o:(.debug_line)
     ec9      ec9       bc     1         ./ra_gen/pin_data.o:(.debug_line)
     f85      f85      139     1         ./ra_gen/spi_slv_thread.o:(.debug_line)
    10be     10be       9f     1         ./ra_gen/vector_data.o:(.debug_line)
    115d     115d      3c5     1         ./ra/fsp/src/rm_freertos_port/port.o:(.debug_line)
    1522     1522      d30     1         ./ra/fsp/src/r_spi/r_spi.o:(.debug_line)
    2252     2252      570     1         ./ra/fsp/src/r_ioport/r_ioport.o:(.debug_line)
    27c2     27c2      2c1     1         ./ra/fsp/src/r_icu/r_icu.o:(.debug_line)
    2a83     2a83      c7c     1         ./ra/fsp/src/r_gpt/r_gpt.o:(.debug_line)
    36ff     36ff       a7     1         ./ra/fsp/src/bsp/mcu/ra6e2/bsp_linker.o:(.debug_line)
    37a6     37a6      4b3     1         ./ra/fsp/src/bsp/mcu/all/bsp_clocks.o:(.debug_line)
    3c59     3c59      10e     1         ./ra/fsp/src/bsp/mcu/all/bsp_common.o:(.debug_line)
    3d67     3d67      14c     1         ./ra/fsp/src/bsp/mcu/all/bsp_delay.o:(.debug_line)
    3eb3     3eb3      135     1         ./ra/fsp/src/bsp/mcu/all/bsp_group_irq.o:(.debug_line)
    3fe8     3fe8       8e     1         ./ra/fsp/src/bsp/mcu/all/bsp_io.o:(.debug_line)
    4076     4076       fc     1         ./ra/fsp/src/bsp/mcu/all/bsp_irq.o:(.debug_line)
    4172     4172      116     1         ./ra/fsp/src/bsp/mcu/all/bsp_register_protection.o:(.debug_line)
    4288     4288       b3     1         ./ra/fsp/src/bsp/mcu/all/bsp_sbrk.o:(.debug_line)
    433b     433b       bf     1         ./ra/fsp/src/bsp/cmsis/Device/RENESAS/Source/startup.o:(.debug_line)
    43fa     43fa      18f     1         ./ra/fsp/src/bsp/cmsis/Device/RENESAS/Source/system.o:(.debug_line)
    4589     4589       6e     1         ./ra/board/ra6e2_fpb/board_init.o:(.debug_line)
    45f7     45f7       a7     1         ./ra/board/ra6e2_fpb/board_leds.o:(.debug_line)
    469e     469e      3e0     1         ./ra/aws/FreeRTOS/FreeRTOS/Source/event_groups.o:(.debug_line)
    4a7e     4a7e      1d6     1         ./ra/aws/FreeRTOS/FreeRTOS/Source/list.o:(.debug_line)
    4c54     4c54      d1f     1         ./ra/aws/FreeRTOS/FreeRTOS/Source/queue.o:(.debug_line)
    5973     5973      9b2     1         ./ra/aws/FreeRTOS/FreeRTOS/Source/stream_buffer.o:(.debug_line)
    6325     6325     1372     1         ./ra/aws/FreeRTOS/FreeRTOS/Source/tasks.o:(.debug_line)
    7697     7697      643     1         ./ra/aws/FreeRTOS/FreeRTOS/Source/timers.o:(.debug_line)
       0        0     118d     1 .debug_line_str
       0        0     118d     1         <internal>:(.debug_line_str)
       0        0      919     1 .debug_rnglists
       0        0       2d     1         ./src/spi_slv_thread_entry.o:(.debug_rnglists)
      2d       2d       17     1         ./ra_gen/led1_thread.o:(.debug_rnglists)
[...]
                                                  ./ra/fsp/src/bsp/mcu/all/bsp_delay.o
vPortEnterCritical                                ./ra/fsp/src/rm_freertos_port/port.o
                                                  ./ra/aws/FreeRTOS/FreeRTOS/Source/event_groups.o
                                                  ./ra/aws/FreeRTOS/FreeRTOS/Source/queue.o
                                                  ./ra/aws/FreeRTOS/FreeRTOS/Source/stream_buffer.o
                                                  ./ra/aws/FreeRTOS/FreeRTOS/Source/tasks.o
                                                  ./ra/aws/FreeRTOS/FreeRTOS/Source/timers.o
vPortExitCritical                                 ./ra/fsp/src/rm_freertos_port/port.o
                                                  ./ra/aws/FreeRTOS/FreeRTOS/Source/event_groups.o
                                                  ./ra/aws/FreeRTOS/FreeRTOS/Source/queue.o
                                                  ./ra/aws/FreeRTOS/FreeRTOS/Source/stream_buffer.o
                                                  ./ra/aws/FreeRTOS/FreeRTOS/Source/tasks.o
                                                  ./ra/aws/FreeRTOS/FreeRTOS/Source/timers.o
rm_freertos_port_sleep_preserving_lpm             ./ra/fsp/src/rm_freertos_port/port.o
vApplicationIdleHook                              ./ra/fsp/src/rm_freertos_port/port.o
                                                  ./ra/aws/FreeRTOS/FreeRTOS/Source/tasks.o
vTaskSuspendAll                                   ./ra/aws/FreeRTOS/FreeRTOS/Source/tasks.o
                                                  ./ra/fsp/src/rm_freertos_port/port.o
                                                  ./ra/aws/FreeRTOS/FreeRTOS/Source/event_groups.o
                                                  ./ra/aws/FreeRTOS/FreeRTOS/Source/queue.o
                                                  ./ra/aws/FreeRTOS/FreeRTOS/Source/stream_buffer.o
                                                  ./ra/aws/FreeRTOS/FreeRTOS/Source/timers.o
xTaskResumeAll                                    ./ra/aws/FreeRTOS/FreeRTOS/Source/tasks.o
                                                  ./ra/fsp/src/rm_freertos_port/port.o
                                                  ./ra/aws/FreeRTOS/FreeRTOS/Source/event_groups.o
                                                  ./ra/aws/FreeRTOS/FreeRTOS/Source/queue.o
                                                  ./ra/aws/FreeRTOS/FreeRTOS/Source/stream_buffer.o
                                                  ./ra/aws/FreeRTOS/FreeRTOS/Source/timers.o
vPortValidateInterruptPriority                    ./ra/fsp/src/rm_freertos_port/port.o
                                                  ./ra/aws/FreeRTOS/FreeRTOS/Source/queue.o
                                                  ./ra/aws/FreeRTOS/FreeRTOS/Source/tasks.o
pxCurrentTCB                                      ./ra/aws/FreeRTOS/FreeRTOS/Source/tasks.o
                                                  ./ra/fsp/src/rm_freertos_port/port.o
gp_renesas_isr_context                            ./ra/fsp/src/bsp/mcu/all/bsp_irq.o
                                                  ./ra/fsp/src/r_spi/r_spi.o
                                                  ./ra/fsp/src/r_icu/r_icu.o
                                                  ./ra/fsp/src/r_gpt/r_gpt.o
R_BSP_SoftwareDelay                               ./ra/fsp/src/bsp/mcu/all/bsp_delay.o
                                                  ./ra/fsp/src/r_ioport/r_ioport.o
                                                  ./ra/fsp/src/bsp/mcu/all/bsp_clocks.o
__ram_noinit_nocache$$Base                        fsp_gen.lld:147
                                                  ./ra/fsp/src/bsp/mcu/ra6e2/bsp_linker.o
__ram_zero_nocache$$Limit                         fsp_gen.lld:159
                                                  ./ra/fsp/src/bsp/mcu/ra6e2/bsp_linker.o
g_init_info                                       ./ra/fsp/src/bsp/mcu/ra6e2/bsp_linker.o
                                                  ./ra/fsp/src/bsp/cmsis/Device/RENESAS/Source/system.o
__ram_zero_nocache$$Base                          fsp_gen.lld:155
                                                  ./ra/fsp/src/bsp/mcu/ra6e2/bsp_linker.o
__ram_zero$$Base                                  fsp_gen.lld:175
                                                  ./ra/fsp/src/bsp/mcu/ra6e2/bsp_linker.o
__ram_zero$$Limit                                 fsp_gen.lld:179
                                                  ./ra/fsp/src/bsp/mcu/ra6e2/bsp_linker.o
__ram_tbss$$Base                                  fsp_gen.lld:193
                                                  ./ra/fsp/src/bsp/mcu/ra6e2/bsp_linker.o
__ram_tbss$$Limit                                 fsp_gen.lld:198
                                                  ./ra/fsp/src/bsp/mcu/ra6e2/bsp_linker.o
__ram_from_qspi_flash$$Base                       fsp_gen.lld:40
                                                  ./ra/fsp/src/bsp/mcu/ra6e2/bsp_linker.o
__ram_from_qspi_flash$$Limit                      fsp_gen.lld:45
                                                  ./ra/fsp/src/bsp/mcu/ra6e2/bsp_linker.o
__ram_from_qspi_flash$$Load                       fsp_gen.lld:40
                                                  ./ra/fsp/src/bsp/mcu/ra6e2/bsp_linker.o
__ram_from_data_flash$$Base                       fsp_gen.lld:80
                                                  ./ra/fsp/src/bsp/mcu/ra6e2/bsp_linker.o
__ram_from_data_flash$$Limit                      fsp_gen.lld:85
                                                  ./ra/fsp/src/bsp/mcu/ra6e2/bsp_linker.o
__ram_from_data_flash$$Load                       fsp_gen.lld:80
                                                  ./ra/fsp/src/bsp/mcu/ra6e2/bsp_linker.o
__ram_from_flash$$Base                            fsp_gen.lld:135
                                                  ./ra/fsp/src/bsp/mcu/ra6e2/bsp_linker.o
__ram_from_flash$$Limit                           fsp_gen.lld:142
                                                  ./ra/fsp/src/bsp/mcu/ra6e2/bsp_linker.o
__ram_from_flash$$Load                            fsp_gen.lld:135
                                                  ./ra/fsp/src/bsp/mcu/ra6e2/bsp_linker.o
__ram_tdata$$Base                                 fsp_gen.lld:184
                                                  ./ra/fsp/src/bsp/mcu/ra6e2/bsp_linker.o
__ram_tdata$$Limit                                fsp_gen.lld:188
                                                  ./ra/fsp/src/bsp/mcu/ra6e2/bsp_linker.o
__ram_tdata$$Load                                 fsp_gen.lld:184
                                                  ./ra/fsp/src/bsp/mcu/ra6e2/bsp_linker.o
SystemCoreClockUpdate                             ./ra/fsp/src/bsp/mcu/all/bsp_clocks.o
                                                  ./ra/fsp/src/bsp/cmsis/Device/RENESAS/Source/system.o
bsp_clock_init                                    ./ra/fsp/src/bsp/mcu/all/bsp_clocks.o
                                                  ./ra/fsp/src/bsp/cmsis/Device/RENESAS/Source/system.o
R_BSP_SubClockStabilizeWaitAfterReset             ./ra/fsp/src/bsp/mcu/all/bsp_clocks.o
R_BSP_Init_RTC                                    ./ra/fsp/src/bsp/mcu/all/bsp_clocks.o
                                                  ./ra/fsp/src/bsp/cmsis/Device/RENESAS/Source/system.o
bsp_init                                          ./ra/board/ra6e2_fpb/board_init.o
                                                  ./ra/fsp/src/bsp/mcu/all/bsp_common.o
                                                  ./ra/fsp/src/bsp/cmsis/Device/RENESAS/Source/system.o
bsp_prv_software_delay_loop                       ./ra/fsp/src/bsp/mcu/all/bsp_delay.o
g_bsp_group_irq_sources                           ./ra/fsp/src/bsp/mcu/all/bsp_group_irq.o
NMI_Handler                                       ./ra/fsp/src/bsp/mcu/all/bsp_group_irq.o
                                                  ./ra/fsp/src/bsp/cmsis/Device/RENESAS/Source/startup.o
bsp_irq_cfg                                       ./ra/fsp/src/bsp/mcu/all/bsp_irq.o
                                                  ./ra/fsp/src/bsp/cmsis/Device/RENESAS/Source/system.o
R_BSP_RegisterProtectDisable                      ./ra/fsp/src/bsp/mcu/all/bsp_register_protection.o
                                                  ./ra/fsp/src/bsp/mcu/all/bsp_irq.o
                                                  ./ra/fsp/src/bsp/cmsis/Device/RENESAS/Source/system.o
R_BSP_RegisterProtectEnable                       ./ra/fsp/src/bsp/mcu/all/bsp_register_protection.o
                                                  ./ra/fsp/src/bsp/mcu/all/bsp_irq.o
                                                  ./ra/fsp/src/bsp/cmsis/Device/RENESAS/Source/system.o
g_protect_counters                                ./ra/fsp/src/bsp/mcu/all/bsp_register_protection.o
Reset_Handler                                     ./ra/fsp/src/bsp/cmsis/Device/RENESAS/Source/startup.o
SystemInit                                        ./ra/fsp/src/bsp/cmsis/Device/RENESAS/Source/system.o
                                                  ./ra/fsp/src/bsp/cmsis/Device/RENESAS/Source/startup.o
Default_Handler                                   ./ra/fsp/src/bsp/cmsis/Device/RENESAS/Source/startup.o
g_main_stack                                      ./ra/fsp/src/bsp/cmsis/Device/RENESAS/Source/startup.o
                                                  ./ra/fsp/src/bsp/cmsis/Device/RENESAS/Source/system.o
__Vectors                                         ./ra/fsp/src/bsp/cmsis/Device/RENESAS/Source/startup.o
                                                  ./ra/fsp/src/bsp/cmsis/Device/RENESAS/Source/system.o
HardFault_Handler                                 ./ra/fsp/src/bsp/cmsis/Device/RENESAS/Source/startup.o
MemManage_Handler                                 ./ra/fsp/src/bsp/cmsis/Device/RENESAS/Source/startup.o
BusFault_Handler                                  ./ra/fsp/src/bsp/cmsis/Device/RENESAS/Source/startup.o
UsageFault_Handler                                ./ra/fsp/src/bsp/cmsis/Device/RENESAS/Source/startup.o
SecureFault_Handler                               ./ra/fsp/src/bsp/cmsis/Device/RENESAS/Source/startup.o
DebugMon_Handler                                  ./ra/fsp/src/bsp/cmsis/Device/RENESAS/Source/startup.o
_init_tls                                         C:\Renesas\e2_studio\toolchains\llvm_arm\ATfE-21.1.1-Windows-x86_64\bin\..\lib\clang-runtimes/arm-none-eabi/armv8m.main_hard_fp_exn_rtti_unaligned_size\lib\libc.a(libc_picolib_inittls.c.o)
                                                  ./ra/fsp/src/bsp/cmsis/Device/RENESAS/Source/system.o
__init_array_start                                fsp_gen.lld:261
                                                  ./ra/fsp/src/bsp/cmsis/Device/RENESAS/Source/system.o
__init_array_end                                  fsp_gen.lld:264
                                                  ./ra/fsp/src/bsp/cmsis/Device/RENESAS/Source/system.o
__aeabi_memclr4                                   C:\Renesas\e2_studio\toolchains\llvm_arm\ATfE-21.1.1-Windows-x86_64\bin\..\lib\clang-runtimes/arm-none-eabi/armv8m.main_hard_fp_exn_rtti_unaligned_size\lib\libc.a(bzero.c.o)
                                                  ./ra/fsp/src/bsp/cmsis/Device/RENESAS/Source/system.o
                                                  ./ra/aws/FreeRTOS/FreeRTOS/Source/stream_buffer.o
vListInitialise                                   ./ra/aws/FreeRTOS/FreeRTOS/Source/list.o
                                                  ./ra/aws/FreeRTOS/FreeRTOS/Source/event_groups.o
                                                  ./ra/aws/FreeRTOS/FreeRTOS/Source/queue.o
                                                  ./ra/aws/FreeRTOS/FreeRTOS/Source/tasks.o
                                                  ./ra/aws/FreeRTOS/FreeRTOS/Source/timers.o
xTaskGetSchedulerState                            ./ra/aws/FreeRTOS/FreeRTOS/Source/tasks.o
                                                  ./ra/aws/FreeRTOS/FreeRTOS/Source/event_groups.o
                                                  ./ra/aws/FreeRTOS/FreeRTOS/Source/queue.o
                                                  ./ra/aws/FreeRTOS/FreeRTOS/Source/timers.o
vListInitialiseItem                               ./ra/aws/FreeRTOS/FreeRTOS/Source/list.o
                                                  ./ra/aws/FreeRTOS/FreeRTOS/Source/tasks.o
                                                  ./ra/aws/FreeRTOS/FreeRTOS/Source/timers.o
vListInsert                                       ./ra/aws/FreeRTOS/FreeRTOS/Source/list.o
                                                  ./ra/aws/FreeRTOS/FreeRTOS/Source/tasks.o
                                                  ./ra/aws/FreeRTOS/FreeRTOS/Source/timers.o
uxListRemove                                      ./ra/aws/FreeRTOS/FreeRTOS/Source/list.o
                                                  ./ra/aws/FreeRTOS/FreeRTOS/Source/tasks.o
                                                  ./ra/aws/FreeRTOS/FreeRTOS/Source/timers.o
xQueueGenericReset                                ./ra/aws/FreeRTOS/FreeRTOS/Source/queue.o
xTaskRemoveFromEventList                          ./ra/aws/FreeRTOS/FreeRTOS/Source/tasks.o
                                                  ./ra/aws/FreeRTOS/FreeRTOS/Source/queue.o
xQueueGenericCreateStatic                         ./ra/aws/FreeRTOS/FreeRTOS/Source/queue.o
                                                  ./ra/aws/FreeRTOS/FreeRTOS/Source/timers.o
vTaskInternalSetTimeOutState                      ./ra/aws/FreeRTOS/FreeRTOS/Source/tasks.o
                                                  ./ra/aws/FreeRTOS/FreeRTOS/Source/queue.o
xTaskCheckForTimeOut                              ./ra/aws/FreeRTOS/FreeRTOS/Source/tasks.o
                                                  ./ra/aws/FreeRTOS/FreeRTOS/Source/queue.o
                                                  ./ra/aws/FreeRTOS/FreeRTOS/Source/stream_buffer.o
vTaskPlaceOnEventList                             ./ra/aws/FreeRTOS/FreeRTOS/Source/tasks.o
                                                  ./ra/aws/FreeRTOS/FreeRTOS/Source/queue.o
__aeabi_memcpy                                    C:\Renesas\e2_studio\toolchains\llvm_arm\ATfE-21.1.1-Windows-x86_64\bin\..\lib\clang-runtimes/arm-none-eabi/armv8m.main_hard_fp_exn_rtti_unaligned_size\lib\libc.a(memcpy.c.o)
                                                  ./ra/aws/FreeRTOS/FreeRTOS/Source/queue.o
                                                  ./ra/aws/FreeRTOS/FreeRTOS/Source/stream_buffer.o
                                                  C:\Renesas\e2_studio\toolchains\llvm_arm\ATfE-21.1.1-Windows-x86_64\bin\..\lib\clang-runtimes/arm-none-eabi/armv8m.main_hard_fp_exn_rtti_unaligned_size\lib\libc.a(libc_picolib_inittls.c.o)
vTaskMissedYield                                  ./ra/aws/FreeRTOS/FreeRTOS/Source/tasks.o
                                                  ./ra/aws/FreeRTOS/FreeRTOS/Source/queue.o
xQueueReceive                                     ./ra/aws/FreeRTOS/FreeRTOS/Source/queue.o
                                                  ./ra/aws/FreeRTOS/FreeRTOS/Source/timers.o
xQueueRegistry                                    ./ra/aws/FreeRTOS/FreeRTOS/Source/queue.o
vQueueAddToRegistry                               ./ra/aws/FreeRTOS/FreeRTOS/Source/queue.o
                                                  ./ra/aws/FreeRTOS/FreeRTOS/Source/timers.o
vQueueWaitForMessageRestricted                    ./ra/aws/FreeRTOS/FreeRTOS/Source/queue.o
                                                  ./ra/aws/FreeRTOS/FreeRTOS/Source/timers.o
vTaskPlaceOnEventListRestricted                   ./ra/aws/FreeRTOS/FreeRTOS/Source/tasks.o
                                                  ./ra/aws/FreeRTOS/FreeRTOS/Source/queue.o
__aeabi_memclr                                    C:\Renesas\e2_studio\toolchains\llvm_arm\ATfE-21.1.1-Windows-x86_64\bin\..\lib\clang-runtimes/arm-none-eabi/armv8m.main_hard_fp_exn_rtti_unaligned_size\lib\libc.a(bzero.c.o)
                                                  ./ra/aws/FreeRTOS/FreeRTOS/Source/stream_buffer.o
                                                  ./ra/aws/FreeRTOS/FreeRTOS/Source/tasks.o
                                                  C:\Renesas\e2_studio\toolchains\llvm_arm\ATfE-21.1.1-Windows-x86_64\bin\..\lib\clang-runtimes/arm-none-eabi/armv8m.main_hard_fp_exn_rtti_unaligned_size\lib\libc.a(libc_picolib_inittls.c.o)
xTimerCreateTimerTask                             ./ra/aws/FreeRTOS/FreeRTOS/Source/timers.o
                                                  ./ra/aws/FreeRTOS/FreeRTOS/Source/tasks.o
xTaskGetTickCount                                 ./ra/aws/FreeRTOS/FreeRTOS/Source/tasks.o
                                                  ./ra/aws/FreeRTOS/FreeRTOS/Source/timers.o
bzero                                             C:\Renesas\e2_studio\toolchains\llvm_arm\ATfE-21.1.1-Windows-x86_64\bin\..\lib\clang-runtimes/arm-none-eabi/armv8m.main_hard_fp_exn_rtti_unaligned_size\lib\libc.a(bzero.c.o)
__aeabi_memclr8                                   C:\Renesas\e2_studio\toolchains\llvm_arm\ATfE-21.1.1-Windows-x86_64\bin\..\lib\clang-runtimes/arm-none-eabi/armv8m.main_hard_fp_exn_rtti_unaligned_size\lib\libc.a(bzero.c.o)
__aeabi_memcpy8                                   C:\Renesas\e2_studio\toolchains\llvm_arm\ATfE-21.1.1-Windows-x86_64\bin\..\lib\clang-runtimes/arm-none-eabi/armv8m.main_hard_fp_exn_rtti_unaligned_size\lib\libc.a(memcpy.c.o)
__tdata_source                                    fsp_gen.lld:398
                                                  C:\Renesas\e2_studio\toolchains\llvm_arm\ATfE-21.1.1-Windows-x86_64\bin\..\lib\clang-runtimes/arm-none-eabi/armv8m.main_hard_fp_exn_rtti_unaligned_size\lib\libc.a(libc_picolib_inittls.c.o)
__tdata_size                                      fsp_gen.lld:399
                                                  C:\Renesas\e2_studio\toolchains\llvm_arm\ATfE-21.1.1-Windows-x86_64\bin\..\lib\clang-runtimes/arm-none-eabi/armv8m.main_hard_fp_exn_rtti_unaligned_size\lib\libc.a(libc_picolib_inittls.c.o)
__tbss_offset                                     fsp_gen.lld:400
                                                  C:\Renesas\e2_studio\toolchains\llvm_arm\ATfE-21.1.1-Windows-x86_64\bin\..\lib\clang-runtimes/arm-none-eabi/armv8m.main_hard_fp_exn_rtti_unaligned_size\lib\libc.a(libc_picolib_inittls.c.o)
__tbss_size                                       fsp_gen.lld:401
                                                  C:\Renesas\e2_studio\toolchains\llvm_arm\ATfE-21.1.1-Windows-x86_64\bin\..\lib\clang-runtimes/arm-none-eabi/armv8m.main_hard_fp_exn_rtti_unaligned_size\lib\libc.a(libc_picolib_inittls.c.o)
__arm32_tls_tcb_offset                            fsp_gen.lld:402
                                                  C:\Renesas\e2_studio\toolchains\llvm_arm\ATfE-21.1.1-Windows-x86_64\bin\..\lib\clang-runtimes/arm-none-eabi/armv8m.main_hard_fp_exn_rtti_unaligned_size\lib\libc.a(libc_picolib_machine_arm_set_tls.c.o)
__tls                                             C:\Renesas\e2_studio\toolchains\llvm_arm\ATfE-21.1.1-Windows-x86_64\bin\..\lib\clang-runtimes/arm-none-eabi/armv8m.main_hard_fp_exn_rtti_unaligned_size\lib\libc.a(libc_picolib_machine_arm_tls.c.o)
                                                  C:\Renesas\e2_studio\toolchains\llvm_arm\ATfE-21.1.1-Windows-x86_64\bin\..\lib\clang-runtimes/arm-none-eabi/armv8m.main_hard_fp_exn_rtti_unaligned_size\lib\libc.a(libc_picolib_machine_arm_set_tls.c.o)
                                                  C:\Renesas\e2_studio\toolchains\llvm_arm\ATfE-21.1.1-Windows-x86_64\bin\..\lib\clang-runtimes/arm-none-eabi/armv8m.main_hard_fp_exn_rtti_unaligned_size\lib\libc.a(libc_picolib_machine_arm_read_tp.S.o)
