     VMA      LMA     Size Align Out     In      Symbol
       0        0        0     1 RAM_START = 0x20000000
       0        0        0     1 RAM_LENGTH = 0x0000a000
       0        0        0     1 FLASH_START = 0x00000000
       0        0        0     1 FLASH_LENGTH = 0x00040000
       0        0        0     1 DATA_FLASH_START = 0x08000000
       0        0        0     1 DATA_FLASH_LENGTH = 0x00001000
       0        0        0     1 QSPI_FLASH_START = 0x60000000
       0        0        0     1 QSPI_FLASH_LENGTH = 0x04000000
       0        0        0     1 OPTION_SETTING_OFS0_START = 0x0100a100
       0        0        0     1 OPTION_SETTING_OFS0_LENGTH = 0x00000004
       0        0        0     1 OPTION_SETTING_OSIS_START = 0x0100a120
       0        0        0     1 OPTION_SETTING_OSIS_LENGTH = 0x00000010
       0        0        0     1 OPTION_SETTING_OFS1_SEC_START = 0x0100a200
       0        0        0     1 OPTION_SETTING_OFS1_SEC_LENGTH = 0x00000004
       0        0        0     1 OPTION_SETTING_BPS_SEC_START = 0x0100a240
       0        0        0     1 OPTION_SETTING_BPS_SEC_LENGTH = 0x00000004
       0        0        0     1 OPTION_SETTING_PBPS_SEC_START = 0x0100a260
       0        0        0     1 OPTION_SETTING_PBPS_SEC_LENGTH = 0x00000004
60000000 60000000        0     1 .qspi_flash.startof
60000000 60000000        0     1         __ddsc_QSPI_FLASH_START = .
20000000 20000000        0     1 .ram.startof
20000000 20000000        0     1         __ddsc_RAM_START = .
20000000 20000000        0     1 __ram_dtc_vector$$
20000000 20000000        0     1         __ram_dtc_vector$$Base = .
20000000 20000000        0     1         __ram_dtc_vector$$Limit = .
20000000 20000000        0     1 __ram_from_qspi_flash$$
20000000 20000000        0     1         __ram_from_qspi_flash$$Base = .
20000000 20000000        0     1         __ram_from_qspi_flash$$Load = LOADADDR(__ram_from_qspi_flash$$)
20000000 20000000        0     1         __ram_from_qspi_flash$$Limit = .
60000000 60000000        0     1 __qspi_flash_readonly$$
60000000 60000000        0     1         __qspi_flash_readonly$$Base = .
60000000 60000000        0     1         __qspi_flash_readonly$$Limit = .
60000000 60000000        0     1 __qspi_flash_noinit$$
60000000 60000000        0     1         __qspi_flash_noinit$$Base = .
60000000 60000000        0     1         __qspi_flash_noinit$$Limit = .
60000000 60000000        0     1 .qspi_flash.endof
60000000 60000000        0     1         __ddsc_QSPI_FLASH_END = .
 8000000  8000000        0     1 .data_flash.startof
 8000000  8000000        0     1         __ddsc_DATA_FLASH_START = .
20000000 20000000        0     1 __ram_from_data_flash$$
20000000 20000000        0     1         __ram_from_data_flash$$Base = .
20000000 20000000        0     1         __ram_from_data_flash$$Load = LOADADDR(__ram_from_data_flash$$)
20000000 20000000        0     1         __ram_from_data_flash$$Limit = .
 8000000  8000000        0     1 __data_flash_readonly$$
 8000000  8000000        0     1         __data_flash_readonly$$Base = .
 8000000  8000000        0     1         __data_flash_readonly$$Limit = .
 8000000  8000000        0     1 __data_flash_noinit$$
 8000000  8000000        0     1         __data_flash_noinit$$Base = .
 8000000  8000000        0     1         __data_flash_noinit$$Limit = .
 8000000  8000000        0     1 .data_flash.endof
 8000000  8000000        0     1         __ddsc_DATA_FLASH_END = .
       0        0        0     1 .flash.startof
       0        0        0     1         __ddsc_FLASH_START = .
       0        0       48     4 __flash_vectors$$
       0        0        0     1         __flash_vectors$$Base = .
       0        0        0     1         _VECTORS = .
       0        0       40     4         ./ra/fsp/src/bsp/cmsis/Device/RENESAS/Source/startup.o:(.fixed_vectors)
       0        0       40     1                 __Vectors
      40       40        8     4         ./ra_gen/vector_data.o:(.application_vectors)
      40       40        8     1                 g_vector_table
      48       48        0     1         __flash_vectors$$Limit = .
      48       48        0     1 __flash_noinit$$
      48       48        0     1         __flash_noinit$$Base = .
      48       48        0     1         __flash_noinit$$Limit = .
20000000 20000000        0     1 __ram_from_flash$$
20000000 20000000        0     1         __ram_from_flash$$Base = .
20000000 20000000        0     1         __ram_from_flash$$Load = LOADADDR(__ram_from_flash$$)
20000000 20000000        0     1         __ram_from_flash$$Limit = .
20000000 20000000        0     1 __ram_noinit_nocache$$
20000000 20000000        0     1         __ram_noinit_nocache$$Base = .
20000000 20000000        0     1         __ram_noinit_nocache$$Limit = .
20000000 20000000        0     1 __ram_zero_nocache$$
20000000 20000000        0     1         __ram_zero_nocache$$Base = .
20000000 20000000        0     1         . = ALIGN(32)
20000000 20000000        0     1         __ram_zero_nocache$$Limit = .
20000000 20000000      418     8 __ram_noinit$$
20000000 20000000        0     1         __ram_noinit$$Base = .
20000000 20000000      400     8         ./ra/fsp/src/bsp/cmsis/Device/RENESAS/Source/startup.o:(.bss.g_main_stack)
20000000 20000000      400     1                 g_main_stack
20000400 20000400       18     4         ./ra/fsp/src/bsp/mcu/all/bsp_clocks.o:(.ram_noinit)
20000400 20000400       18     1                 g_clock_freq
20000418 20000418        0     1         __ram_noinit$$Limit = .
20000418 20000418      8cc     4 __ram_zero$$
20000418 20000418        0     1         __ram_zero$$Base = .
20000418 20000418       10     4         ./ra_gen/common_data.o:(.bss.g_external_irq9_ctrl)
20000418 20000418       10     1                 g_external_irq9_ctrl
20000428 20000428        8     4         ./ra_gen/common_data.o:(.bss.g_ioport_ctrl)
20000428 20000428        8     1                 g_ioport_ctrl
20000430 20000430       20     4         ./ra_gen/hal_data.o:(.bss.g_timer0_ctrl)
20000430 20000430       20     1                 g_timer0_ctrl
20000450 20000450       60     4         ./ra_gen/led1_thread.o:(.bss.led1_thread_memory)
20000450 20000450       60     1                 led1_thread_memory
200004b0 200004b0        4     4         ./ra_gen/led1_thread.o:(.bss.led1_thread)
200004b0 200004b0        4     1                 led1_thread
200004b4 200004b4       60     4         ./ra_gen/led2_thread.o:(.bss.led2_thread_memory)
200004b4 200004b4       60     1                 led2_thread_memory
20000514 20000514        4     4         ./ra_gen/led2_thread.o:(.bss.led2_thread)
20000514 20000514        4     1                 led2_thread
20000518 20000518        4     4         ./ra_gen/main.o:(.bss.g_fsp_common_initialized_semaphore)
20000518 20000518        4     1                 g_fsp_common_initialized_semaphore
2000051c 2000051c        1     1         ./ra_gen/main.o:(.bss.g_fsp_common_initialized)
2000051c 2000051c        1     1                 g_fsp_common_initialized
20000520 20000520        4     4         ./ra_gen/main.o:(.bss.g_fsp_common_thread_count)
20000520 20000520        4     1                 g_fsp_common_thread_count
20000524 20000524       48     4         ./ra_gen/main.o:(.bss.g_fsp_common_initialized_semaphore_memory)
20000524 20000524       48     1                 g_fsp_common_initialized_semaphore_memory
2000056c 2000056c       60     4         ./ra_gen/main.o:(.bss.vApplicationGetIdleTaskMemory.xIdleTaskTCB)
2000056c 2000056c       60     1                 vApplicationGetIdleTaskMemory.xIdleTaskTCB
200005cc 200005cc      200     4         ./ra_gen/main.o:(.bss.vApplicationGetIdleTaskMemory.uxIdleTaskStack)
200005cc 200005cc      200     1                 vApplicationGetIdleTaskMemory.uxIdleTaskStack
200007cc 200007cc       60     4         ./ra_gen/main.o:(.bss.vApplicationGetTimerTaskMemory.xTimerTaskTCB)
200007cc 200007cc       60     1                 vApplicationGetTimerTaskMemory.xTimerTaskTCB
2000082c 2000082c      200     4         ./ra_gen/main.o:(.bss.vApplicationGetTimerTaskMemory.uxTimerTaskStack)
2000082c 2000082c      200     1                 vApplicationGetTimerTaskMemory.uxTimerTaskStack
20000a2c 20000a2c        4     4         ./ra/fsp/src/rm_freertos_port/port.o:(.bss.uxCriticalNesting)
20000a2c 20000a2c        4     1                 uxCriticalNesting
20000a30 20000a30        4     4         ./ra/fsp/src/rm_freertos_port/port.o:(.bss.g_mask_level_before_disable)
20000a30 20000a30        4     1                 g_mask_level_before_disable
20000a34 20000a34       40     4         ./ra/fsp/src/bsp/mcu/all/bsp_group_irq.o:(.bss.g_bsp_group_irq_sources)
20000a34 20000a34       40     1                 g_bsp_group_irq_sources
20000a74 20000a74        4     4         ./ra/fsp/src/bsp/mcu/all/bsp_io.o:(.bss.g_protect_pfswe_counter)
20000a74 20000a74        4     1                 g_protect_pfswe_counter
20000a78 20000a78        8     4         ./ra/fsp/src/bsp/mcu/all/bsp_irq.o:(.bss.gp_renesas_isr_context)
20000a78 20000a78        8     1                 gp_renesas_isr_context
20000a80 20000a80        a     2         ./ra/fsp/src/bsp/mcu/all/bsp_register_protection.o:(.bss.g_protect_counters)
20000a80 20000a80        a     1                 g_protect_counters
20000a8c 20000a8c        4     4         ./ra/fsp/src/bsp/cmsis/Device/RENESAS/Source/system.o:(.bss.SystemCoreClock)
20000a8c 20000a8c        4     1                 SystemCoreClock
20000a90 20000a90       50     4         ./ra/aws/FreeRTOS/FreeRTOS/Source/queue.o:(.bss.xQueueRegistry)
20000a90 20000a90       50     1                 xQueueRegistry
20000ae0 20000ae0        4     4         ./ra/aws/FreeRTOS/FreeRTOS/Source/tasks.o:(.bss.pxCurrentTCB)
20000ae0 20000ae0        4     1                 pxCurrentTCB
20000ae4 20000ae4        4     4         ./ra/aws/FreeRTOS/FreeRTOS/Source/tasks.o:(.bss.uxTaskNumber)
20000ae4 20000ae4        4     1                 uxTaskNumber
20000ae8 20000ae8        4     4         ./ra/aws/FreeRTOS/FreeRTOS/Source/tasks.o:(.bss.xSchedulerRunning)
20000ae8 20000ae8        4     1                 xSchedulerRunning
20000aec 20000aec       14     4         ./ra/aws/FreeRTOS/FreeRTOS/Source/tasks.o:(.bss.xTasksWaitingTermination)
20000aec 20000aec       14     1                 xTasksWaitingTermination
20000b00 20000b00        4     4         ./ra/aws/FreeRTOS/FreeRTOS/Source/tasks.o:(.bss.uxDeletedTasksWaitingCleanUp)
20000b00 20000b00        4     1                 uxDeletedTasksWaitingCleanUp
20000b04 20000b04        4     4         ./ra/aws/FreeRTOS/FreeRTOS/Source/tasks.o:(.bss.uxCurrentNumberOfTasks)
20000b04 20000b04        4     1                 uxCurrentNumberOfTasks
20000b08 20000b08        4     4         ./ra/aws/FreeRTOS/FreeRTOS/Source/tasks.o:(.bss.uxSchedulerSuspended)
20000b08 20000b08        4     1                 uxSchedulerSuspended
20000b0c 20000b0c        4     4         ./ra/aws/FreeRTOS/FreeRTOS/Source/tasks.o:(.bss.xTickCount)
20000b0c 20000b0c        4     1                 xTickCount
20000b10 20000b10       64     4         ./ra/aws/FreeRTOS/FreeRTOS/Source/tasks.o:(.bss.pxReadyTasksLists)
20000b10 20000b10       64     1                 pxReadyTasksLists
20000b74 20000b74        4     4         ./ra/aws/FreeRTOS/FreeRTOS/Source/tasks.o:(.bss.uxTopReadyPriority)
20000b74 20000b74        4     1                 uxTopReadyPriority
20000b78 20000b78       14     4         ./ra/aws/FreeRTOS/FreeRTOS/Source/tasks.o:(.bss.xSuspendedTaskList)
20000b78 20000b78       14     1                 xSuspendedTaskList
20000b8c 20000b8c        4     4         ./ra/aws/FreeRTOS/FreeRTOS/Source/tasks.o:(.bss.xYieldPendings)
20000b8c 20000b8c        4     1                 xYieldPendings
20000b90 20000b90       14     4         ./ra/aws/FreeRTOS/FreeRTOS/Source/tasks.o:(.bss.xPendingReadyList)
20000b90 20000b90       14     1                 xPendingReadyList
20000ba4 20000ba4        4     4         ./ra/aws/FreeRTOS/FreeRTOS/Source/tasks.o:(.bss.xNextTaskUnblockTime)
20000ba4 20000ba4        4     1                 xNextTaskUnblockTime
20000ba8 20000ba8        4     4         ./ra/aws/FreeRTOS/FreeRTOS/Source/tasks.o:(.bss.xIdleTaskHandles.0)
20000ba8 20000ba8        4     1                 xIdleTaskHandles.0
20000bac 20000bac        4     4         ./ra/aws/FreeRTOS/FreeRTOS/Source/tasks.o:(.bss.xPendedTicks)
20000bac 20000bac        4     1                 xPendedTicks
20000bb0 20000bb0        4     4         ./ra/aws/FreeRTOS/FreeRTOS/Source/tasks.o:(.bss.pxDelayedTaskList)
20000bb0 20000bb0        4     1                 pxDelayedTaskList
20000bb4 20000bb4        4     4         ./ra/aws/FreeRTOS/FreeRTOS/Source/tasks.o:(.bss.pxOverflowDelayedTaskList)
20000bb4 20000bb4        4     1                 pxOverflowDelayedTaskList
20000bb8 20000bb8        4     4         ./ra/aws/FreeRTOS/FreeRTOS/Source/tasks.o:(.bss.xNumOfOverflows)
20000bb8 20000bb8        4     1                 xNumOfOverflows
20000bbc 20000bbc       14     4         ./ra/aws/FreeRTOS/FreeRTOS/Source/tasks.o:(.bss.xDelayedTaskList1)
20000bbc 20000bbc       14     1                 xDelayedTaskList1
20000bd0 20000bd0       14     4         ./ra/aws/FreeRTOS/FreeRTOS/Source/tasks.o:(.bss.xDelayedTaskList2)
20000bd0 20000bd0       14     1                 xDelayedTaskList2
20000be4 20000be4        4     4         ./ra/aws/FreeRTOS/FreeRTOS/Source/timers.o:(.bss.xTimerQueue)
20000be4 20000be4        4     1                 xTimerQueue
20000be8 20000be8        4     4         ./ra/aws/FreeRTOS/FreeRTOS/Source/timers.o:(.bss.xTimerTaskHandle)
20000be8 20000be8        4     1                 xTimerTaskHandle
20000bec 20000bec        4     4         ./ra/aws/FreeRTOS/FreeRTOS/Source/timers.o:(.bss.pxCurrentTimerList)
20000bec 20000bec        4     1                 pxCurrentTimerList
20000bf0 20000bf0        4     4         ./ra/aws/FreeRTOS/FreeRTOS/Source/timers.o:(.bss.pxOverflowTimerList)
20000bf0 20000bf0        4     1                 pxOverflowTimerList
20000bf4 20000bf4        4     4         ./ra/aws/FreeRTOS/FreeRTOS/Source/timers.o:(.bss.prvSampleTimeNow.xLastTime)
20000bf4 20000bf4        4     1                 prvSampleTimeNow.xLastTime
20000bf8 20000bf8       14     4         ./ra/aws/FreeRTOS/FreeRTOS/Source/timers.o:(.bss.xActiveTimerList1)
20000bf8 20000bf8       14     1                 xActiveTimerList1
20000c0c 20000c0c       14     4         ./ra/aws/FreeRTOS/FreeRTOS/Source/timers.o:(.bss.xActiveTimerList2)
20000c0c 20000c0c       14     1                 xActiveTimerList2
20000c20 20000c20       48     4         ./ra/aws/FreeRTOS/FreeRTOS/Source/timers.o:(.bss.prvCheckForValidListAndQueue.xStaticTimerQueue)
20000c20 20000c20       48     1                 prvCheckForValidListAndQueue.xStaticTimerQueue
20000c68 20000c68       78     1         ./ra/aws/FreeRTOS/FreeRTOS/Source/timers.o:(.bss.prvCheckForValidListAndQueue.ucStaticTimerQueueStorage)
20000c68 20000c68       78     1                 prvCheckForValidListAndQueue.ucStaticTimerQueueStorage
20000ce0 20000ce0        4     4         C:\Renesas\e2_studio\toolchains\llvm_arm\ATfE-21.1.1-Windows-x86_64\bin\..\lib\clang-runtimes/arm-none-eabi/armv8m.main_hard_fp_exn_rtti_unaligned_size\lib\libc.a(libc_picolib_machine_arm_tls.c.o):(.bss.__tls)
20000ce0 20000ce0        4     1                 __tls
20000ce4 20000ce4        0     1         __ram_zero$$Limit = .
20000ce4 20000ce4        0     1 __ram_tdata$$
20000ce4 20000ce4        0     1         __ram_tdata$$Base = .
20000ce4 20000ce4        0     1         __ram_tdata$$Load = LOADADDR(__ram_tdata$$)
20000ce4 20000ce4        0     1         __ram_tdata$$Limit = .
20000ce4 20000ce4        0     1 __ram_tbss$$
20000ce4 20000ce4        0     1         __ram_tbss$$Base = .
20000ce4 20000ce4        0     1         __ram_tbss$$Limit = .
20000ce8 20000ce8      800     8 __ram_thread_stack$$
20000ce8 20000ce8        0     1         __ram_thread_stack$$Base = .
20000ce8 20000ce8      400     8         ./ra_gen/led1_thread.o:(.stack.led1_thread)
20000ce8 20000ce8      400     1                 led1_thread_stack
200010e8 200010e8      400     8         ./ra_gen/led2_thread.o:(.stack.led2_thread)
200010e8 200010e8      400     1                 led2_thread_stack
200014e8 200014e8        0     1         __ram_thread_stack$$Limit = .
20001800 20001800        0     1 .ram.endof
20001800 20001800        0     1         __ddsc_RAM_END = .
20001800 20001800        0     1 .ram.flat_nsc
20001800 20001800        0     1         __ddsc_RAM_NSC = .
      48       48     37a6     4 __flash_readonly$$
      48       48        0     1         __flash_readonly$$Base = .
      48       48       1c     2         ./src/ext_irq.o:(.text.g_irq9_callback)
      48       48        0     1                 $t
      49       49       1c     1                 g_irq9_callback
      64       64       1a     2         ./src/hal_warmstart.o:(.text.R_BSP_WarmStart)
      64       64        0     1                 $t
      65       65       1a     1                 R_BSP_WarmStart
      80       80       ba     4         ./src/led1_thread_entry.o:(.text.led1_thread_entry)
      80       80        0     1                 $t
      81       81       ba     1                 led1_thread_entry
     13c      13c       e6     4         ./src/led2_thread_entry.o:(.text.led2_thread_entry)
     13c      13c        0     1                 $t
     13d      13d       e6     1                 led2_thread_entry
     222      222       20     2         ./src/timer.o:(.text.g_timer0_callback)
     222      222        0     1                 $t
     223      223       20     1                 g_timer0_callback
     242      242        2     2         ./ra_gen/common_data.o:(.text.g_common_init)
     242      242        0     1                 $t
     243      243        2     1                 g_common_init
     244      244        4     2         ./ra_gen/hal_data.o:(.text.g_hal_init)
     244      244        0     1                 $t
     245      245        4     1                 g_hal_init
     248      248       6a     2         ./ra_gen/led1_thread.o:(.text.led1_thread_create)
     248      248        0     1                 $t
     249      249       6a     1                 led1_thread_create
     2b2      2b2       12     2         ./ra_gen/led1_thread.o:(.text.led1_thread_func)
     2b2      2b2        0     1                 $t
     2b3      2b3       12     1                 led1_thread_func
     2c4      2c4       6a     2         ./ra_gen/led2_thread.o:(.text.led2_thread_create)
     2c4      2c4        0     1                 $t
     2c5      2c5       6a     1                 led2_thread_create
     32e      32e       12     2         ./ra_gen/led2_thread.o:(.text.led2_thread_func)
     32e      32e        0     1                 $t
     32f      32f       12     1                 led2_thread_func
     340      340        4     2         ./ra_gen/main.o:(.text.rtos_startup_err_callback_internal)
     340      340        0     1                 $t
     341      341        4     1                 rtos_startup_err_callback_internal
     341      341        4     1                 rtos_startup_err_callback
     344      344       62     4         ./ra_gen/main.o:(.text.rtos_startup_common_init)
     344      344        0     1                 $t
     345      345       62     1                 rtos_startup_common_init
     3a6      3a6       4e     2         ./ra_gen/main.o:(.text.main)
     3a6      3a6        0     1                 $t
     3a7      3a7       4e     1                 main
     3f4      3f4       1a     2         ./ra_gen/main.o:(.text.vApplicationGetIdleTaskMemory)
     3f4      3f4        0     1                 $t
     3f5      3f5       1a     1                 vApplicationGetIdleTaskMemory
     40e      40e       1a     2         ./ra_gen/main.o:(.text.vApplicationGetTimerTaskMemory)
     40e      40e        0     1                 $t
     40f      40f       1a     1                 vApplicationGetTimerTaskMemory
     428      428       18     4         ./ra/fsp/src/rm_freertos_port/port.o:(.text.SVC_Handler)
     428      428        0     1                 $t
     429      429       12     1                 SVC_Handler
     43c      43c        0     1                 $d
     440      440       44     4         ./ra/fsp/src/rm_freertos_port/port.o:(.text.PendSV_Handler)
     440      440        0     1                 $t
     441      441       40     1                 PendSV_Handler
     480      480        0     1                 $d
     484      484       24     4         ./ra/fsp/src/rm_freertos_port/port.o:(.text.rm_freertos_port_restore_task_stackless)
     484      484        0     1                 $t
     485      485       20     1                 rm_freertos_port_restore_task_stackless
     49e      49e        0     1                 _skip_restore_ns_context
     4a4      4a4        0     1                 $d
     4a8      4a8       26     2         ./ra/fsp/src/rm_freertos_port/port.o:(.text.SysTick_Handler)
     4a8      4a8        0     1                 $t
     4a9      4a9       26     1                 SysTick_Handler
     4ce      4ce       36     2         ./ra/fsp/src/rm_freertos_port/port.o:(.text.vPortSVCHandler_C)
     4ce      4ce        0     1                 $t
     4cf      4cf       36     1                 vPortSVCHandler_C
     504      504       28     2         ./ra/fsp/src/rm_freertos_port/port.o:(.text.pxPortInitialiseStack)
     504      504        0     1                 $t
     505      505       28     1                 pxPortInitialiseStack
     52c      52c        6     4         ./ra/fsp/src/rm_freertos_port/port.o:(.text.prvTaskExitError)
     52c      52c        0     1                 $t
     52d      52d        6     1                 prvTaskExitError
     534      534       3c     4         ./ra/fsp/src/rm_freertos_port/port.o:(.text.xPortStartScheduler)
     534      534        0     1                 $t
     535      535       3c     1                 xPortStartScheduler
     570      570       46     2         ./ra/fsp/src/rm_freertos_port/port.o:(.text.vPortSetupTimerInterrupt)
     570      570        0     1                 $t
     571      571       46     1                 vPortSetupTimerInterrupt
     5b6      5b6       56     2         ./ra/fsp/src/rm_freertos_port/port.o:(.text.vPortEnterCritical)
     5b6      5b6        0     1                 $t
     5b7      5b7       56     1                 vPortEnterCritical
     60c      60c       46     2         ./ra/fsp/src/rm_freertos_port/port.o:(.text.vPortExitCritical)
     60c      60c        0     1                 $t
     60d      60d       46     1                 vPortExitCritical
     652      652       6e     2         ./ra/fsp/src/rm_freertos_port/port.o:(.text.rm_freertos_port_sleep_preserving_lpm)
     652      652        0     1                 $t
     653      653       6e     1                 rm_freertos_port_sleep_preserving_lpm
     6c0      6c0       18     2         ./ra/fsp/src/rm_freertos_port/port.o:(.text.vApplicationIdleHook)
     6c0      6c0        0     1                 $t
     6c1      6c1       18     1                 vApplicationIdleHook
     6d8      6d8       6c     2         ./ra/fsp/src/rm_freertos_port/port.o:(.text.vPortValidateInterruptPriority)
     6d8      6d8        0     1                 $t
     6d9      6d9       6c     1                 vPortValidateInterruptPriority
     744      744       16     2         ./ra/fsp/src/r_ioport/r_ioport.o:(.text.R_IOPORT_Open)
     744      744        0     1                 $t
     745      745       16     1                 R_IOPORT_Open
     75c      75c       be     4         ./ra/fsp/src/r_ioport/r_ioport.o:(.text.r_ioport_pins_config)
     75c      75c        0     1                 $t
     75d      75d       be     1                 r_ioport_pins_config
     81c      81c       7c     4         ./ra/fsp/src/r_ioport/r_ioport.o:(.text.bsp_vbatt_init)
     81c      81c        0     1                 $t
     81d      81d       7c     1                 bsp_vbatt_init
     898      898       80     2         ./ra/fsp/src/r_icu/r_icu.o:(.text.R_ICU_ExternalIrqOpen)
     898      898        0     1                 $t
     899      899       80     1                 R_ICU_ExternalIrqOpen
     918      918       44     2         ./ra/fsp/src/r_icu/r_icu.o:(.text.R_ICU_ExternalIrqEnable)
     918      918        0     1                 $t
     919      919       44     1                 R_ICU_ExternalIrqEnable
     95c      95c       74     2         ./ra/fsp/src/r_icu/r_icu.o:(.text.r_icu_isr)
     95c      95c        0     1                 $t
     95d      95d       74     1                 r_icu_isr
     9d0      9d0      358     4         ./ra/fsp/src/r_gpt/r_gpt.o:(.text.R_GPT_Open)
     9d0      9d0        0     1                 $t
     9d1      9d1      358     1                 R_GPT_Open
     d28      d28        a     2         ./ra/fsp/src/r_gpt/r_gpt.o:(.text.R_GPT_Start)
     d28      d28        0     1                 $t
     d29      d29        a     1                 R_GPT_Start
     d32      d32        a     2         ./ra/fsp/src/r_gpt/r_gpt.o:(.text.R_GPT_Stop)
     d32      d32        0     1                 $t
     d33      d33        a     1                 R_GPT_Stop
     d3c      d3c       1a     2         ./ra/fsp/src/r_gpt/r_gpt.o:(.text.R_GPT_PeriodSet)
     d3c      d3c        0     1                 $t
     d3d      d3d       1a     1                 R_GPT_PeriodSet
     d56      d56      1c8     2         ./ra/fsp/src/r_gpt/r_gpt.o:(.text.gpt_counter_overflow_isr)
     d56      d56        0     1                 $t
     d57      d57      1c8     1                 gpt_counter_overflow_isr
     f1e      f1e       2c     2         ./ra/fsp/src/bsp/mcu/all/bsp_clocks.o:(.text.SystemCoreClockUpdate)
     f1e      f1e        0     1                 $t
     f1f      f1f       2c     1                 SystemCoreClockUpdate
     f4c      f4c      114     4         ./ra/fsp/src/bsp/mcu/all/bsp_clocks.o:(.text.bsp_clock_init)
     f4c      f4c        0     1                 $t
     f4d      f4d      114     1                 bsp_clock_init
    1060     1060        2     2         ./ra/fsp/src/bsp/mcu/all/bsp_clocks.o:(.text.R_BSP_SubClockStabilizeWaitAfterReset)
    1060     1060        0     1                 $t
    1061     1061        2     1                 R_BSP_SubClockStabilizeWaitAfterReset
    1064     1064       68     4         ./ra/fsp/src/bsp/mcu/all/bsp_clocks.o:(.text.R_BSP_Init_RTC)
    1064     1064        0     1                 $t
    1065     1065       68     1                 R_BSP_Init_RTC
    10cc     10cc        6     4         ./ra/fsp/src/bsp/mcu/all/bsp_common.o:(.text.__assert_func)
    10cc     10cc        0     1                 $t
    10cd     10cd        6     1                 __assert_func
    10d2     10d2       84     2         ./ra/fsp/src/bsp/mcu/all/bsp_delay.o:(.text.R_BSP_SoftwareDelay)
    10d2     10d2        0     1                 $t
    10d3     10d3       84     1                 R_BSP_SoftwareDelay
    1156     1156        8     2         ./ra/fsp/src/bsp/mcu/all/bsp_delay.o:(.text.bsp_prv_software_delay_loop)
    1156     1156        0     1                 sw_delay_loop
    1156     1156        0     1                 $t
    1157     1157        8     1                 bsp_prv_software_delay_loop
    1160     1160       44     4         ./ra/fsp/src/bsp/mcu/all/bsp_group_irq.o:(.text.NMI_Handler)
    1160     1160        0     1                 $t
    1161     1161       44     1                 NMI_Handler
    11a4     11a4       9a     4         ./ra/fsp/src/bsp/mcu/all/bsp_irq.o:(.text.bsp_irq_cfg)
    11a4     11a4        0     1                 $t
    11a5     11a5       9a     1                 bsp_irq_cfg
    123e     123e       52     2         ./ra/fsp/src/bsp/mcu/all/bsp_register_protection.o:(.text.R_BSP_RegisterProtectEnable)
    123e     123e        0     1                 $t
    123f     123f       52     1                 R_BSP_RegisterProtectEnable
    1290     1290       4e     2         ./ra/fsp/src/bsp/mcu/all/bsp_register_protection.o:(.text.R_BSP_RegisterProtectDisable)
    1290     1290        0     1                 $t
    1291     1291       4e     1                 R_BSP_RegisterProtectDisable
    12e0     12e0        a     4         ./ra/fsp/src/bsp/cmsis/Device/RENESAS/Source/startup.o:(.text.Reset_Handler)
    12e0     12e0        0     1                 $t
    12e1     12e1        a     1                 Reset_Handler
    12ea     12ea        4     2         ./ra/fsp/src/bsp/cmsis/Device/RENESAS/Source/startup.o:(.text.Default_Handler)
    12ea     12ea        0     1                 $t
    12eb     12eb        4     1                 Default_Handler
    12eb     12eb        4     1                 HardFault_Handler
    12eb     12eb        4     1                 MemManage_Handler
    12eb     12eb        4     1                 BusFault_Handler
    12eb     12eb        4     1                 UsageFault_Handler
    12eb     12eb        4     1                 SecureFault_Handler
    12eb     12eb        4     1                 DebugMon_Handler
    12f0     12f0       e0     4         ./ra/fsp/src/bsp/cmsis/Device/RENESAS/Source/system.o:(.text.SystemInit)
    12f0     12f0        0     1                 $t
    12f1     12f1       e0     1                 SystemInit
    13d0     13d0       5a     4         ./ra/fsp/src/bsp/cmsis/Device/RENESAS/Source/system.o:(.text.SystemRuntimeInit)
    13d0     13d0        0     1                 $t
    13d1     13d1       5a     1                 SystemRuntimeInit
    142a     142a        2     2         ./ra/board/ra6e2_fpb/board_init.o:(.text.bsp_init)
    142a     142a        0     1                 $t
    142b     142b        2     1                 bsp_init
    142c     142c       16     2         ./ra/aws/FreeRTOS/FreeRTOS/Source/list.o:(.text.vListInitialise)
    142c     142c        0     1                 $t
    142d     142d       16     1                 vListInitialise
    1442     1442        6     2         ./ra/aws/FreeRTOS/FreeRTOS/Source/list.o:(.text.vListInitialiseItem)
    1442     1442        0     1                 $t
    1443     1443        6     1                 vListInitialiseItem
    1448     1448       3a     4         ./ra/aws/FreeRTOS/FreeRTOS/Source/list.o:(.text.vListInsert)
    1448     1448        0     1                 $t
    1449     1449       3a     1                 vListInsert
    1482     1482       22     2         ./ra/aws/FreeRTOS/FreeRTOS/Source/list.o:(.text.uxListRemove)
    1482     1482        0     1                 $t
    1483     1483       22     1                 uxListRemove
    14a4     14a4       be     2         ./ra/aws/FreeRTOS/FreeRTOS/Source/queue.o:(.text.xQueueGenericReset)
    14a4     14a4        0     1                 $t
    14a5     14a5       be     1                 xQueueGenericReset
    1562     1562       98     2         ./ra/aws/FreeRTOS/FreeRTOS/Source/queue.o:(.text.xQueueGenericCreateStatic)
    1562     1562        0     1                 $t
    1563     1563       98     1                 xQueueGenericCreateStatic
    15fa     15fa       40     2         ./ra/aws/FreeRTOS/FreeRTOS/Source/queue.o:(.text.xQueueCreateCountingSemaphoreStatic)
    15fa     15fa        0     1                 $t
    15fb     15fb       40     1                 xQueueCreateCountingSemaphoreStatic
    163c     163c      1c8     4         ./ra/aws/FreeRTOS/FreeRTOS/Source/queue.o:(.text.xQueueGenericSend)
    163c     163c        0     1                 $t
    163d     163d      1c8     1                 xQueueGenericSend
    1804     1804       62     2         ./ra/aws/FreeRTOS/FreeRTOS/Source/queue.o:(.text.prvCopyDataToQueue)
    1804     1804        0     1                 $t
    1805     1805       62     1                 prvCopyDataToQueue
    1868     1868       72     4         ./ra/aws/FreeRTOS/FreeRTOS/Source/queue.o:(.text.prvUnlockQueue)
    1868     1868        0     1                 $t
    1869     1869       72     1                 prvUnlockQueue
    18dc     18dc      1b2     4         ./ra/aws/FreeRTOS/FreeRTOS/Source/queue.o:(.text.xQueueReceive)
    18dc     18dc        0     1                 $t
    18dd     18dd      1b2     1                 xQueueReceive
    1a90     1a90      18a     4         ./ra/aws/FreeRTOS/FreeRTOS/Source/queue.o:(.text.xQueueSemaphoreTake)
    1a90     1a90        0     1                 $t
    1a91     1a91      18a     1                 xQueueSemaphoreTake
    1c1c     1c1c       66     4         ./ra/aws/FreeRTOS/FreeRTOS/Source/queue.o:(.text.vQueueAddToRegistry)
    1c1c     1c1c        0     1                 $t
    1c1d     1c1d       66     1                 vQueueAddToRegistry
    1c82     1c82       46     2         ./ra/aws/FreeRTOS/FreeRTOS/Source/queue.o:(.text.vQueueWaitForMessageRestricted)
    1c82     1c82        0     1                 $t
    1c83     1c83       46     1                 vQueueWaitForMessageRestricted
    1cc8     1cc8      246     4         ./ra/aws/FreeRTOS/FreeRTOS/Source/tasks.o:(.text.xTaskCreateStatic)
    1cc8     1cc8        0     1                 $t
    1cc9     1cc9      246     1                 xTaskCreateStatic
    1f0e     1f0e       10     2         ./ra/aws/FreeRTOS/FreeRTOS/Source/tasks.o:(.text.vTaskSuspendAll)
    1f0e     1f0e        0     1                 $t
    1f0f     1f0f       10     1                 vTaskSuspendAll
    1f1e     1f1e       a4     2         ./ra/aws/FreeRTOS/FreeRTOS/Source/tasks.o:(.text.prvAddCurrentTaskToDelayedList)
    1f1e     1f1e        0     1                 $t
    1f1f     1f1f       a4     1                 prvAddCurrentTaskToDelayedList
    1fc4     1fc4      190     4         ./ra/aws/FreeRTOS/FreeRTOS/Source/tasks.o:(.text.xTaskResumeAll)
    1fc4     1fc4        0     1                 $t
    1fc5     1fc5      190     1                 xTaskResumeAll
    2154     2154       9e     4         ./ra/aws/FreeRTOS/FreeRTOS/Source/tasks.o:(.text.vTaskSwitchContext)
    2154     2154        0     1                 $t
    2155     2155       9e     1                 vTaskSwitchContext
    21f2     21f2       b2     2         ./ra/aws/FreeRTOS/FreeRTOS/Source/tasks.o:(.text.vTaskStartScheduler)
    21f2     21f2        0     1                 $t
    21f3     21f3       b2     1                 vTaskStartScheduler
    22a4     22a4       46     4         ./ra/aws/FreeRTOS/FreeRTOS/Source/tasks.o:(.text.prvCheckTasksWaitingTermination)
    22a4     22a4        0     1                 $t
    22a5     22a5       46     1                 prvCheckTasksWaitingTermination
    22ec     22ec      1ac     4         ./ra/aws/FreeRTOS/FreeRTOS/Source/tasks.o:(.text.xTaskIncrementTick)
    22ec     22ec        0     1                 $t
    22ed     22ed      1ac     1                 xTaskIncrementTick
    2498     2498        c     2         ./ra/aws/FreeRTOS/FreeRTOS/Source/tasks.o:(.text.xTaskGetTickCount)
    2498     2498        0     1                 $t
    2499     2499        c     1                 xTaskGetTickCount
    24a4     24a4       42     2         ./ra/aws/FreeRTOS/FreeRTOS/Source/tasks.o:(.text.vTaskPlaceOnEventList)
    24a4     24a4        0     1                 $t
    24a5     24a5       42     1                 vTaskPlaceOnEventList
    24e6     24e6       7a     2         ./ra/aws/FreeRTOS/FreeRTOS/Source/tasks.o:(.text.vTaskPlaceOnEventListRestricted)
    24e6     24e6        0     1                 $t
    24e7     24e7       7a     1                 vTaskPlaceOnEventListRestricted
    2560     2560      10c     2         ./ra/aws/FreeRTOS/FreeRTOS/Source/tasks.o:(.text.xTaskRemoveFromEventList)
    2560     2560        0     1                 $t
    2561     2561      10c     1                 xTaskRemoveFromEventList
    266c     266c       1a     2         ./ra/aws/FreeRTOS/FreeRTOS/Source/tasks.o:(.text.vTaskInternalSetTimeOutState)
    266c     266c        0     1                 $t
    266d     266d       1a     1                 vTaskInternalSetTimeOutState
    2686     2686       a0     2         ./ra/aws/FreeRTOS/FreeRTOS/Source/tasks.o:(.text.xTaskCheckForTimeOut)
    2686     2686        0     1                 $t
    2687     2687       a0     1                 xTaskCheckForTimeOut
    2726     2726        e     2         ./ra/aws/FreeRTOS/FreeRTOS/Source/tasks.o:(.text.vTaskMissedYield)
    2726     2726        0     1                 $t
    2727     2727        e     1                 vTaskMissedYield
    2734     2734        c     2         ./ra/aws/FreeRTOS/FreeRTOS/Source/tasks.o:(.text.xTaskGetCurrentTaskHandle)
    2734     2734        0     1                 $t
    2735     2735        c     1                 xTaskGetCurrentTaskHandle
    2740     2740       26     2         ./ra/aws/FreeRTOS/FreeRTOS/Source/tasks.o:(.text.xTaskGetSchedulerState)
    2740     2740        0     1                 $t
    2741     2741       26     1                 xTaskGetSchedulerState
    2766     2766       b0     2         ./ra/aws/FreeRTOS/FreeRTOS/Source/tasks.o:(.text.ulTaskGenericNotifyTake)
    2766     2766        0     1                 $t
    2767     2767       b0     1                 ulTaskGenericNotifyTake
    2816     2816      164     2         ./ra/aws/FreeRTOS/FreeRTOS/Source/tasks.o:(.text.vTaskGenericNotifyGiveFromISR)
    2816     2816        0     1                 $t
    2817     2817      164     1                 vTaskGenericNotifyGiveFromISR
    297c     297c       2e     4         ./ra/aws/FreeRTOS/FreeRTOS/Source/tasks.o:(.text.prvIdleTask)
    297c     297c        0     1                 $t
    297d     297d       2e     1                 prvIdleTask
    29aa     29aa       7e     2         ./ra/aws/FreeRTOS/FreeRTOS/Source/timers.o:(.text.xTimerCreateTimerTask)
    29aa     29aa        0     1                 $t
    29ab     29ab       7e     1                 xTimerCreateTimerTask
    2a28     2a28       7a     2         ./ra/aws/FreeRTOS/FreeRTOS/Source/timers.o:(.text.prvCheckForValidListAndQueue)
    2a28     2a28        0     1                 $t
    2a29     2a29       7a     1                 prvCheckForValidListAndQueue
    2aa4     2aa4      180     4         ./ra/aws/FreeRTOS/FreeRTOS/Source/timers.o:(.text.prvTimerTask)
    2aa4     2aa4        0     1                 $t
    2aa5     2aa5      180     1                 prvTimerTask
    2b86     2b86        0     1                 $d
    2b90     2b90        0     1                 $t
    2c24     2c24       56     4         ./ra/aws/FreeRTOS/FreeRTOS/Source/timers.o:(.text.prvSampleTimeNow)
    2c24     2c24        0     1                 $t
    2c25     2c25       56     1                 prvSampleTimeNow
    2c7a     2c7a       40     2         ./ra/aws/FreeRTOS/FreeRTOS/Source/timers.o:(.text.prvProcessExpiredTimer)
    2c7a     2c7a        0     1                 $t
    2c7b     2c7b       40     1                 prvProcessExpiredTimer
    2cbc     2cbc       2e     4         ./ra/aws/FreeRTOS/FreeRTOS/Source/timers.o:(.text.prvReloadTimer)
    2cbc     2cbc        0     1                 $t
    2cbd     2cbd       2e     1                 prvReloadTimer
    2cea     2cea       40     2         ./ra/aws/FreeRTOS/FreeRTOS/Source/timers.o:(.text.prvInsertTimerInActiveList)
    2cea     2cea        0     1                 $t
    2ceb     2ceb       40     1                 prvInsertTimerInActiveList
    2d2a     2d2a        8     2         C:\Renesas\e2_studio\toolchains\llvm_arm\ATfE-21.1.1-Windows-x86_64\bin\..\lib\clang-runtimes/arm-none-eabi/armv8m.main_hard_fp_exn_rtti_unaligned_size\lib\libc.a(bzero.c.o):(.text.bzero)
    2d2a     2d2a        0     1                 $t
    2d2b     2d2b        8     1                 bzero
    2d2b     2d2b        8     1                 __aeabi_memclr4
    2d2b     2d2b        8     1                 __aeabi_memclr8
    2d2b     2d2b        8     1                 __aeabi_memclr
    2d32     2d32       12     2         C:\Renesas\e2_studio\toolchains\llvm_arm\ATfE-21.1.1-Windows-x86_64\bin\..\lib\clang-runtimes/arm-none-eabi/armv8m.main_hard_fp_exn_rtti_unaligned_size\lib\libc.a(memcpy.c.o):(.text.memcpy)
    2d32     2d32        0     1                 $t
    2d33     2d33       12     1                 memcpy
    2d33     2d33       12     1                 __aeabi_memcpy4
    2d33     2d33       12     1                 __aeabi_memcpy8
    2d33     2d33       12     1                 __aeabi_memcpy
    2d44     2d44        e     2         C:\Renesas\e2_studio\toolchains\llvm_arm\ATfE-21.1.1-Windows-x86_64\bin\..\lib\clang-runtimes/arm-none-eabi/armv8m.main_hard_fp_exn_rtti_unaligned_size\lib\libc.a(memset.c.o):(.text.memset)
    2d44     2d44        0     1                 $t
    2d45     2d45        e     1                 memset
    2d54     2d54       28     4         C:\Renesas\e2_studio\toolchains\llvm_arm\ATfE-21.1.1-Windows-x86_64\bin\..\lib\clang-runtimes/arm-none-eabi/armv8m.main_hard_fp_exn_rtti_unaligned_size\lib\libc.a(libc_picolib_inittls.c.o):(.text._init_tls)
    2d54     2d54        0     1                 $t
    2d55     2d55       28     1                 _init_tls
    2d6c     2d6c        0     1                 $d
    2d7c     2d7c       14     4         C:\Renesas\e2_studio\toolchains\llvm_arm\ATfE-21.1.1-Windows-x86_64\bin\..\lib\clang-runtimes/arm-none-eabi/armv8m.main_hard_fp_exn_rtti_unaligned_size\lib\libc.a(libc_picolib_machine_arm_set_tls.c.o):(.text._set_tls)
    2d7c     2d7c        0     1                 $t
    2d7d     2d7d       14     1                 _set_tls
    2d88     2d88        0     1                 $d
    2d90     2d90        1     1         ./ra_gen/common_data.o:(.rodata.g_external_irq9_ext_cfg)
    2d90     2d90        1     1                 g_external_irq9_ext_cfg
    2d94     2d94       14     4         ./ra_gen/common_data.o:(.rodata.g_external_irq9_cfg)
    2d94     2d94       14     1                 g_external_irq9_cfg
    2da8     2da8       58     4         ./ra_gen/hal_data.o:(.rodata.g_timer0_extend)
    2da8     2da8       58     1                 g_timer0_extend
    2e00     2e00       20     4         ./ra_gen/hal_data.o:(.rodata.g_timer0_cfg)
    2e00     2e00       20     1                 g_timer0_cfg
    2e20     2e20        4     4         ./ra_gen/led1_thread.o:(.rodata.led1_thread_parameters)
    2e20     2e20        4     1                 led1_thread_parameters
    2e24     2e24      791     1         <internal>:(.rodata.str1.1)
    35b8     35b8        4     4         ./ra_gen/led2_thread.o:(.rodata.led2_thread_parameters)
    35b8     35b8        4     1                 led2_thread_parameters
    35bc     35bc      138     4         ./ra_gen/pin_data.o:(.rodata.g_bsp_pin_cfg_data)
    35bc     35bc      138     1                 g_bsp_pin_cfg_data
    36f4     36f4        c     4         ./ra_gen/pin_data.o:(.rodata.g_bsp_pin_cfg)
    36f4     36f4        c     1                 g_bsp_pin_cfg
    3700     3700        4     2         ./ra_gen/vector_data.o:(.rodata.g_interrupt_event_link_select)
    3700     3700        4     1                 g_interrupt_event_link_select
    3704     3704        6     2         ./ra/fsp/src/r_ioport/r_ioport.o:(.rodata.g_vbatt_pins_input)
    3704     3704        6     1                 g_vbatt_pins_input
    370c     370c        8     4         ./ra/fsp/src/bsp/mcu/ra6e2/bsp_linker.o:(.rodata.nocache_list)
    370c     370c        8     1                 nocache_list
    3714     3714       18     4         ./ra/fsp/src/bsp/mcu/ra6e2/bsp_linker.o:(.rodata.g_init_info)
    3714     3714       18     1                 g_init_info
    372c     372c       24     4         ./ra/fsp/src/bsp/mcu/ra6e2/bsp_linker.o:(.rodata.zero_list)
    372c     372c       24     1                 zero_list
    3750     3750       40     4         ./ra/fsp/src/bsp/mcu/ra6e2/bsp_linker.o:(.rodata.copy_list)
    3750     3750       40     1                 copy_list
    3790     3790        a     2         ./ra/fsp/src/bsp/mcu/all/bsp_register_protection.o:(.rodata.g_prcr_masks)
    3790     3790        a     1                 g_prcr_masks
    379c     379c        4     4         ./ra/aws/FreeRTOS/FreeRTOS/Source/tasks.o:(.rodata.uxTopUsedPriority)
    379c     379c        4     1                 uxTopUsedPriority
    37a0     37a0       4e     4         ./ra/fsp/src/bsp/mcu/all/bsp_common.o:(.version)
    37a0     37a0        4     1                 g_fsp_version
    37a4     37a4        6     1                 g_fsp_version_string
    37aa     37aa       44     1                 g_fsp_version_build_string
    37ee     37ee        0     1         __flash_readonly$$Limit = .
    37ee     37ee        0     1 __flash_preinit_array$$
    37ee     37ee        0     1         __preinit_array_start = .
    37ee     37ee        0     1         __preinit_array_end = .
    37ee     37ee        0     1 __flash_init_array$$
    37ee     37ee        0     1         __init_array_start = .
    37ee     37ee        0     1         __init_array_end = .
    37ee     37ee        0     1 __flash_fini_array$$
    37ee     37ee        0     1         __fini_array_start = .
    37ee     37ee        0     1         __fini_array_end = .
    37ee     37ee        0     1 __flash_arm.exidx$$
    37ee     37ee        0     1         __exidx_start = .
    37ee     37ee        0     1         __exidx_end = .
    3800     3800        0     1 .flash.endof
    3800     3800        0     1         __ddsc_FLASH_END = .
    3800     3800        0     1 .flash.flat_nsc
    3800     3800        0     1         __ddsc_FLASH_NSC = .
 100a100  100a100        0     1 .option_setting_ofs0.startof
 100a100  100a100        0     1         __ddsc_OPTION_SETTING_OFS0_START = .
 100a100  100a100        4     4 __option_setting_ofs0_reg$$
 100a100  100a100        0     1         __option_setting_ofs0_reg$$Base = .
 100a100  100a100        4     4         ./ra/fsp/src/bsp/mcu/ra6e2/bsp_linker.o:(.option_setting_ofs0)
 100a100  100a100        4     1                 g_bsp_cfg_option_setting_ofs0
 100a104  100a104        0     1         __option_setting_ofs0_reg$$Limit = .
 100a104  100a104        0     1 .option_setting_ofs0.endof
 100a104  100a104        0     1         __ddsc_OPTION_SETTING_OFS0_END = .
 100a120  100a120        0     1 .option_setting_osis.startof
 100a120  100a120        0     1         __ddsc_OPTION_SETTING_OSIS_START = .
 100a120  100a120        0     1 __option_setting_osis_reg$$
 100a120  100a120        0     1         __option_setting_osis_reg$$Base = .
 100a120  100a120        0     1         __option_setting_osis_reg$$Limit = .
 100a120  100a120        0     1 .option_setting_osis.endof
 100a120  100a120        0     1         __ddsc_OPTION_SETTING_OSIS_END = .
 100a200  100a200        0     1 .option_setting_ofs1_sec.startof
 100a200  100a200        0     1         __ddsc_OPTION_SETTING_OFS1_SEC_START = .
 100a200  100a200        4     4 __option_setting_ofs1_sec_reg$$
 100a200  100a200        0     1         __option_setting_ofs1_sec_reg$$Base = .
 100a200  100a200        4     4         ./ra/fsp/src/bsp/mcu/ra6e2/bsp_linker.o:(.option_setting_ofs1_sec)
 100a200  100a200        4     1                 g_bsp_cfg_option_setting_ofs1_sec
 100a204  100a204        0     1         __option_setting_ofs1_sec_reg$$Limit = .
 100a204  100a204        0     1 .option_setting_ofs1_sec.endof
 100a204  100a204        0     1         __ddsc_OPTION_SETTING_OFS1_SEC_END = .
 100a240  100a240        0     1 .option_setting_bps_sec.startof
 100a240  100a240        0     1         __ddsc_OPTION_SETTING_BPS_SEC_START = .
 100a240  100a240        0     1 __option_setting_bps_sec_reg$$
 100a240  100a240        0     1         __option_setting_bps_sec_reg$$Base = .
 100a240  100a240        0     1         __option_setting_bps_sec_reg$$Limit = .
 100a240  100a240        0     1 .option_setting_bps_sec.endof
 100a240  100a240        0     1         __ddsc_OPTION_SETTING_BPS_SEC_END = .
 100a260  100a260        0     1 .option_setting_pbps_sec.startof
 100a260  100a260        0     1         __ddsc_OPTION_SETTING_PBPS_SEC_START = .
 100a260  100a260        0     1 __option_setting_pbps_sec_reg$$
 100a260  100a260        0     1         __option_setting_pbps_sec_reg$$Base = .
 100a260  100a260        0     1         __option_setting_pbps_sec_reg$$Limit = .
 100a260  100a260        0     1 .option_setting_pbps_sec.endof
 100a260  100a260        0     1         __ddsc_OPTION_SETTING_PBPS_SEC_END = .
 100a260  100a260        0     1 PROVIDE( __tls_base = ADDR (__ram_tdata$$))
 100a260  100a260        0     1 PROVIDE( __tdata_source = LOADADDR (__ram_tdata$$))
 100a260  100a260        0     1 PROVIDE( __tdata_size = SIZEOF (__ram_tdata$$))
 100a260  100a260        0     1 PROVIDE( __tbss_offset = ADDR (__ram_tbss$$) - ADDR (__ram_tdata$$))
 100a260  100a260        0     1 PROVIDE( __tbss_size = SIZEOF (__ram_tbss$$))
 100a260  100a260        0     1 PROVIDE( __arm32_tls_tcb_offset = 8)
       0        0       3e     1 .ARM.attributes
       0        0       3e     1         C:\Renesas\e2_studio\toolchains\llvm_arm\ATfE-21.1.1-Windows-x86_64\bin\..\lib\clang-runtimes/arm-none-eabi/armv8m.main_hard_fp_exn_rtti_unaligned_size\lib\crt0.o:(.ARM.attributes)
       0        0     5246     1 .debug_loclists
       0        0       1e     1         ./src/ext_irq.o:(.debug_loclists)
      1e       1e       1e     1         ./src/hal_warmstart.o:(.debug_loclists)
      3c       3c       7c     1         ./src/led1_thread_entry.o:(.debug_loclists)
      b8       b8       7c     1         ./src/led2_thread_entry.o:(.debug_loclists)
     134      134       1e     1         ./src/timer.o:(.debug_loclists)
     152      152       22     1         ./ra_gen/led1_thread.o:(.debug_loclists)
     174      174       22     1         ./ra_gen/led2_thread.o:(.debug_loclists)
     196      196       45     1         ./ra_gen/main.o:(.debug_loclists)
     1db      1db      164     1         ./ra/fsp/src/rm_freertos_port/port.o:(.debug_loclists)
     33f      33f      4d3     1         ./ra/fsp/src/r_ioport/r_ioport.o:(.debug_loclists)
     812      812      166     1         ./ra/fsp/src/r_icu/r_icu.o:(.debug_loclists)
     978      978      7e0     1         ./ra/fsp/src/r_gpt/r_gpt.o:(.debug_loclists)
    1158     1158      18c     1         ./ra/fsp/src/bsp/mcu/all/bsp_clocks.o:(.debug_loclists)
    12e4     12e4       1d     1         ./ra/fsp/src/bsp/mcu/all/bsp_common.o:(.debug_loclists)
    1301     1301      10e     1         ./ra/fsp/src/bsp/mcu/all/bsp_delay.o:(.debug_loclists)
    140f     140f       35     1         ./ra/fsp/src/bsp/mcu/all/bsp_group_irq.o:(.debug_loclists)
    1444     1444       5c     1         ./ra/fsp/src/bsp/mcu/all/bsp_irq.o:(.debug_loclists)
    14a0     14a0       44     1         ./ra/fsp/src/bsp/mcu/all/bsp_register_protection.o:(.debug_loclists)
    14e4     14e4       1e     1         ./ra/fsp/src/bsp/mcu/all/bsp_sbrk.o:(.debug_loclists)
    1502     1502       60     1         ./ra/fsp/src/bsp/cmsis/Device/RENESAS/Source/system.o:(.debug_loclists)
    1562     1562      5e8     1         ./ra/aws/FreeRTOS/FreeRTOS/Source/event_groups.o:(.debug_loclists)
    1b4a     1b4a       7d     1         ./ra/aws/FreeRTOS/FreeRTOS/Source/list.o:(.debug_loclists)
    1bc7     1bc7      da5     1         ./ra/aws/FreeRTOS/FreeRTOS/Source/queue.o:(.debug_loclists)
    296c     296c      efb     1         ./ra/aws/FreeRTOS/FreeRTOS/Source/stream_buffer.o:(.debug_loclists)
    3867     3867     12c7     1         ./ra/aws/FreeRTOS/FreeRTOS/Source/tasks.o:(.debug_loclists)
    4b2e     4b2e      718     1         ./ra/aws/FreeRTOS/FreeRTOS/Source/timers.o:(.debug_loclists)
       0        0     395d     1 .debug_abbrev
       0        0       90     1         ./src/ext_irq.o:(.debug_abbrev)
      90       90       2f     1         ./src/hal_entry.o:(.debug_abbrev)
      bf       bf      106     1         ./src/hal_warmstart.o:(.debug_abbrev)
     1c5      1c5      1c6     1         ./src/led1_thread_entry.o:(.debug_abbrev)
     38b      38b      1ed     1         ./src/led2_thread_entry.o:(.debug_abbrev)
     578      578       a8     1         ./src/timer.o:(.debug_abbrev)
     620      620      144     1         ./ra_gen/common_data.o:(.debug_abbrev)
     764      764      22a     1         ./ra_gen/hal_data.o:(.debug_abbrev)
     98e      98e      159     1         ./ra_gen/led1_thread.o:(.debug_abbrev)
     ae7      ae7      159     1         ./ra_gen/led2_thread.o:(.debug_abbrev)
     c40      c40      123     1         ./ra_gen/main.o:(.debug_abbrev)
     d63      d63       e6     1         ./ra_gen/pin_data.o:(.debug_abbrev)
     e49      e49       92     1         ./ra_gen/vector_data.o:(.debug_abbrev)
     edb      edb      32b     1         ./ra/fsp/src/rm_freertos_port/port.o:(.debug_abbrev)
    1206     1206      2fc     1         ./ra/fsp/src/r_ioport/r_ioport.o:(.debug_abbrev)
    1502     1502      35f     1         ./ra/fsp/src/r_icu/r_icu.o:(.debug_abbrev)
    1861     1861      3f7     1         ./ra/fsp/src/r_gpt/r_gpt.o:(.debug_abbrev)
    1c58     1c58       a2     1         ./ra/fsp/src/bsp/mcu/ra6e2/bsp_linker.o:(.debug_abbrev)
    1cfa     1cfa      2de     1         ./ra/fsp/src/bsp/mcu/all/bsp_clocks.o:(.debug_abbrev)
    1fd8     1fd8      149     1         ./ra/fsp/src/bsp/mcu/all/bsp_common.o:(.debug_abbrev)
    2121     2121       ad     1         ./ra/fsp/src/bsp/mcu/all/bsp_delay.o:(.debug_abbrev)
    21ce     21ce      1ff     1         ./ra/fsp/src/bsp/mcu/all/bsp_group_irq.o:(.debug_abbrev)
    23cd     23cd       44     1         ./ra/fsp/src/bsp/mcu/all/bsp_io.o:(.debug_abbrev)
    2411     2411      1a3     1         ./ra/fsp/src/bsp/mcu/all/bsp_irq.o:(.debug_abbrev)
    25b4     25b4      209     1         ./ra/fsp/src/bsp/mcu/all/bsp_register_protection.o:(.debug_abbrev)
    27bd     27bd       67     1         ./ra/fsp/src/bsp/mcu/all/bsp_sbrk.o:(.debug_abbrev)
    2824     2824       a7     1         ./ra/fsp/src/bsp/cmsis/Device/RENESAS/Source/startup.o:(.debug_abbrev)
    28cb     28cb      1ff     1         ./ra/fsp/src/bsp/cmsis/Device/RENESAS/Source/system.o:(.debug_abbrev)
    2aca     2aca       43     1         ./ra/board/ra6e2_fpb/board_init.o:(.debug_abbrev)
    2b0d     2b0d       91     1         ./ra/board/ra6e2_fpb/board_leds.o:(.debug_abbrev)
    2b9e     2b9e      215     1         ./ra/aws/FreeRTOS/FreeRTOS/Source/event_groups.o:(.debug_abbrev)
    2db3     2db3       c1     1         ./ra/aws/FreeRTOS/FreeRTOS/Source/list.o:(.debug_abbrev)
    2e74     2e74      274     1         ./ra/aws/FreeRTOS/FreeRTOS/Source/queue.o:(.debug_abbrev)
    30e8     30e8      247     1         ./ra/aws/FreeRTOS/FreeRTOS/Source/stream_buffer.o:(.debug_abbrev)
    332f     332f      361     1         ./ra/aws/FreeRTOS/FreeRTOS/Source/tasks.o:(.debug_abbrev)
    3690     3690      2cd     1         ./ra/aws/FreeRTOS/FreeRTOS/Source/timers.o:(.debug_abbrev)
       0        0    28185     1 .debug_info
       0        0       8e     1         ./src/ext_irq.o:(.debug_info)
      8e       8e       2f     1         ./src/hal_entry.o:(.debug_info)
      bd       bd      9fb     1         ./src/hal_warmstart.o:(.debug_info)
     ab8      ab8     1003     1         ./src/led1_thread_entry.o:(.debug_info)
    1abb     1abb      fd1     1         ./src/led2_thread_entry.o:(.debug_info)
    2a8c     2a8c       d1     1         ./src/timer.o:(.debug_info)
    2b5d     2b5d      ed9     1         ./ra_gen/common_data.o:(.debug_info)
    3a36     3a36     2f9d     1         ./ra_gen/hal_data.o:(.debug_info)
    69d3     69d3      21a     1         ./ra_gen/led1_thread.o:(.debug_info)
    6bed     6bed      21a     1         ./ra_gen/led2_thread.o:(.debug_info)
    6e07     6e07      36e     1         ./ra_gen/main.o:(.debug_info)
    7175     7175      49b     1         ./ra_gen/pin_data.o:(.debug_info)
    7610     7610      34d     1         ./ra_gen/vector_data.o:(.debug_info)
    795d     795d     3786     1         ./ra/fsp/src/rm_freertos_port/port.o:(.debug_info)
    b0e3     b0e3     2ff3     1         ./ra/fsp/src/r_ioport/r_ioport.o:(.debug_info)
    e0d6     e0d6     13f3     1         ./ra/fsp/src/r_icu/r_icu.o:(.debug_info)
    f4c9     f4c9     82c8     1         ./ra/fsp/src/r_gpt/r_gpt.o:(.debug_info)
   17791    17791      1df     1         ./ra/fsp/src/bsp/mcu/ra6e2/bsp_linker.o:(.debug_info)
   17970    17970     4717     1         ./ra/fsp/src/bsp/mcu/all/bsp_clocks.o:(.debug_info)
   1c087    1c087      59c     1         ./ra/fsp/src/bsp/mcu/all/bsp_common.o:(.debug_info)
   1c623    1c623      104     1         ./ra/fsp/src/bsp/mcu/all/bsp_delay.o:(.debug_info)
   1c727    1c727      dba     1         ./ra/fsp/src/bsp/mcu/all/bsp_group_irq.o:(.debug_info)
   1d4e1    1d4e1       43     1         ./ra/fsp/src/bsp/mcu/all/bsp_io.o:(.debug_info)
   1d524    1d524     15ad     1         ./ra/fsp/src/bsp/mcu/all/bsp_irq.o:(.debug_info)
   1ead1    1ead1     2ec8     1         ./ra/fsp/src/bsp/mcu/all/bsp_register_protection.o:(.debug_info)
   21999    21999       5f     1         ./ra/fsp/src/bsp/mcu/all/bsp_sbrk.o:(.debug_info)
   219f8    219f8       b1     1         ./ra/fsp/src/bsp/cmsis/Device/RENESAS/Source/startup.o:(.debug_info)
   21aa9    21aa9      ac6     1         ./ra/fsp/src/bsp/cmsis/Device/RENESAS/Source/system.o:(.debug_info)
   2256f    2256f       3b     1         ./ra/board/ra6e2_fpb/board_init.o:(.debug_info)
   225aa    225aa       88     1         ./ra/board/ra6e2_fpb/board_leds.o:(.debug_info)
   22632    22632      9dd     1         ./ra/aws/FreeRTOS/FreeRTOS/Source/event_groups.o:(.debug_info)
   2300f    2300f      1ac     1         ./ra/aws/FreeRTOS/FreeRTOS/Source/list.o:(.debug_info)
   231bb    231bb     130f     1         ./ra/aws/FreeRTOS/FreeRTOS/Source/queue.o:(.debug_info)
   244ca    244ca     1067     1         ./ra/aws/FreeRTOS/FreeRTOS/Source/stream_buffer.o:(.debug_info)
   25531    25531     1d11     1         ./ra/aws/FreeRTOS/FreeRTOS/Source/tasks.o:(.debug_info)
   27242    27242      f43     1         ./ra/aws/FreeRTOS/FreeRTOS/Source/timers.o:(.debug_info)
       0        0     ce68     1 .debug_str_offsets
       0        0       44     1         ./src/ext_irq.o:(.debug_str_offsets)
      44       44       18     1         ./src/hal_entry.o:(.debug_str_offsets)
      5c       5c      820     1         ./src/hal_warmstart.o:(.debug_str_offsets)
     87c      87c      9a8     1         ./src/led1_thread_entry.o:(.debug_str_offsets)
    1224     1224      968     1         ./src/led2_thread_entry.o:(.debug_str_offsets)
    1b8c     1b8c       84     1         ./src/timer.o:(.debug_str_offsets)
    1c10     1c10      9cc     1         ./ra_gen/common_data.o:(.debug_str_offsets)
    25dc     25dc     1208     1         ./ra_gen/hal_data.o:(.debug_str_offsets)
    37e4     37e4       b4     1         ./ra_gen/led1_thread.o:(.debug_str_offsets)
    3898     3898       b4     1         ./ra_gen/led2_thread.o:(.debug_str_offsets)
    394c     394c      124     1         ./ra_gen/main.o:(.debug_str_offsets)
    3a70     3a70      428     1         ./ra_gen/pin_data.o:(.debug_str_offsets)
    3e98     3e98      330     1         ./ra_gen/vector_data.o:(.debug_str_offsets)
    41c8     41c8      db8     1         ./ra/fsp/src/rm_freertos_port/port.o:(.debug_str_offsets)
    4f80     4f80      ff0     1         ./ra/fsp/src/r_ioport/r_ioport.o:(.debug_str_offsets)
    5f70     5f70      7f4     1         ./ra/fsp/src/r_icu/r_icu.o:(.debug_str_offsets)
    6764     6764     23ec     1         ./ra/fsp/src/r_gpt/r_gpt.o:(.debug_str_offsets)
    8b50     8b50       9c     1         ./ra/fsp/src/bsp/mcu/ra6e2/bsp_linker.o:(.debug_str_offsets)
    8bec     8bec     1010     1         ./ra/fsp/src/bsp/mcu/all/bsp_clocks.o:(.debug_str_offsets)
    9bfc     9bfc      468     1         ./ra/fsp/src/bsp/mcu/all/bsp_common.o:(.debug_str_offsets)
    a064     a064       74     1         ./ra/fsp/src/bsp/mcu/all/bsp_delay.o:(.debug_str_offsets)
    a0d8     a0d8      698     1         ./ra/fsp/src/bsp/mcu/all/bsp_group_irq.o:(.debug_str_offsets)
    a770     a770       24     1         ./ra/fsp/src/bsp/mcu/all/bsp_io.o:(.debug_str_offsets)
    a794     a794      78c     1         ./ra/fsp/src/bsp/mcu/all/bsp_irq.o:(.debug_str_offsets)
    af20     af20      bac     1         ./ra/fsp/src/bsp/mcu/all/bsp_register_protection.o:(.debug_str_offsets)
    bacc     bacc       2c     1         ./ra/fsp/src/bsp/mcu/all/bsp_sbrk.o:(.debug_str_offsets)
    baf8     baf8       3c     1         ./ra/fsp/src/bsp/cmsis/Device/RENESAS/Source/startup.o:(.debug_str_offsets)
    bb34     bb34      344     1         ./ra/fsp/src/bsp/cmsis/Device/RENESAS/Source/system.o:(.debug_str_offsets)
    be78     be78       1c     1         ./ra/board/ra6e2_fpb/board_init.o:(.debug_str_offsets)
    be94     be94       3c     1         ./ra/board/ra6e2_fpb/board_leds.o:(.debug_str_offsets)
    bed0     bed0      240     1         ./ra/aws/FreeRTOS/FreeRTOS/Source/event_groups.o:(.debug_str_offsets)
    c110     c110       90     1         ./ra/aws/FreeRTOS/FreeRTOS/Source/list.o:(.debug_str_offsets)
    c1a0     c1a0      324     1         ./ra/aws/FreeRTOS/FreeRTOS/Source/queue.o:(.debug_str_offsets)
    c4c4     c4c4      1d8     1         ./ra/aws/FreeRTOS/FreeRTOS/Source/stream_buffer.o:(.debug_str_offsets)
    c69c     c69c      494     1         ./ra/aws/FreeRTOS/FreeRTOS/Source/tasks.o:(.debug_str_offsets)
    cb30     cb30      338     1         ./ra/aws/FreeRTOS/FreeRTOS/Source/timers.o:(.debug_str_offsets)
       0        0     f567     1 .debug_str
       0        0     f567     1         <internal>:(.debug_str)
       0        0      e6c     1 .debug_addr
       0        0        c     1         ./src/ext_irq.o:(.debug_addr)
       c        c        c     1         ./src/hal_entry.o:(.debug_addr)
      18       18       10     1         ./src/hal_warmstart.o:(.debug_addr)
      28       28       28     1         ./src/led1_thread_entry.o:(.debug_addr)
      50       50       30     1         ./src/led2_thread_entry.o:(.debug_addr)
      80       80        c     1         ./src/timer.o:(.debug_addr)
      8c       8c       24     1         ./ra_gen/common_data.o:(.debug_addr)
      b0       b0       1c     1         ./ra_gen/hal_data.o:(.debug_addr)
      cc       cc       2c     1         ./ra_gen/led1_thread.o:(.debug_addr)
      f8       f8       2c     1         ./ra_gen/led2_thread.o:(.debug_addr)
     124      124       3c     1         ./ra_gen/main.o:(.debug_addr)
     160      160       10     1         ./ra_gen/pin_data.o:(.debug_addr)
     170      170       10     1         ./ra_gen/vector_data.o:(.debug_addr)
     180      180       bc     1         ./ra/fsp/src/rm_freertos_port/port.o:(.debug_addr)
     23c      23c       94     1         ./ra/fsp/src/r_ioport/r_ioport.o:(.debug_addr)
     2d0      2d0       4c     1         ./ra/fsp/src/r_icu/r_icu.o:(.debug_addr)
     31c      31c      1c8     1         ./ra/fsp/src/r_gpt/r_gpt.o:(.debug_addr)
     4e4      4e4       20     1         ./ra/fsp/src/bsp/mcu/ra6e2/bsp_linker.o:(.debug_addr)
     504      504       64     1         ./ra/fsp/src/bsp/mcu/all/bsp_clocks.o:(.debug_addr)
     568      568       20     1         ./ra/fsp/src/bsp/mcu/all/bsp_common.o:(.debug_addr)
     588      588       20     1         ./ra/fsp/src/bsp/mcu/all/bsp_delay.o:(.debug_addr)
     5a8      5a8       1c     1         ./ra/fsp/src/bsp/mcu/all/bsp_group_irq.o:(.debug_addr)
     5c4      5c4        c     1         ./ra/fsp/src/bsp/mcu/all/bsp_io.o:(.debug_addr)
     5d0      5d0       24     1         ./ra/fsp/src/bsp/mcu/all/bsp_irq.o:(.debug_addr)
     5f4      5f4       30     1         ./ra/fsp/src/bsp/mcu/all/bsp_register_protection.o:(.debug_addr)
     624      624        c     1         ./ra/fsp/src/bsp/mcu/all/bsp_sbrk.o:(.debug_addr)
     630      630       1c     1         ./ra/fsp/src/bsp/cmsis/Device/RENESAS/Source/startup.o:(.debug_addr)
     64c      64c       30     1         ./ra/fsp/src/bsp/cmsis/Device/RENESAS/Source/system.o:(.debug_addr)
     67c      67c        c     1         ./ra/board/ra6e2_fpb/board_init.o:(.debug_addr)
     688      688       10     1         ./ra/board/ra6e2_fpb/board_leds.o:(.debug_addr)
     698      698       90     1         ./ra/aws/FreeRTOS/FreeRTOS/Source/event_groups.o:(.debug_addr)
     728      728       1c     1         ./ra/aws/FreeRTOS/FreeRTOS/Source/list.o:(.debug_addr)
     744      744      17c     1         ./ra/aws/FreeRTOS/FreeRTOS/Source/queue.o:(.debug_addr)
     8c0      8c0      17c     1         ./ra/aws/FreeRTOS/FreeRTOS/Source/stream_buffer.o:(.debug_addr)
     a3c      a3c      318     1         ./ra/aws/FreeRTOS/FreeRTOS/Source/tasks.o:(.debug_addr)
     d54      d54      118     1         ./ra/aws/FreeRTOS/FreeRTOS/Source/timers.o:(.debug_addr)
       0        0       29     1 .comment
       0        0       29     1         <internal>:(.comment)
       0        0     18e8     4 .debug_frame
       0        0       30     4         ./src/ext_irq.o:(.debug_frame)
      30       30       24     4         ./src/hal_entry.o:(.debug_frame)
      54       54       24     4         ./src/hal_warmstart.o:(.debug_frame)
      78       78       24     4         ./src/led1_thread_entry.o:(.debug_frame)
      9c       9c       24     4         ./src/led2_thread_entry.o:(.debug_frame)
      c0       c0       30     4         ./src/timer.o:(.debug_frame)
      f0       f0       24     4         ./ra_gen/common_data.o:(.debug_frame)
     114      114       24     4         ./ra_gen/hal_data.o:(.debug_frame)
     138      138       48     4         ./ra_gen/led1_thread.o:(.debug_frame)
     180      180       48     4         ./ra_gen/led2_thread.o:(.debug_frame)
     1c8      1c8       78     4         ./ra_gen/main.o:(.debug_frame)
     240      240      13c     4         ./ra/fsp/src/rm_freertos_port/port.o:(.debug_frame)
     37c      37c      150     4         ./ra/fsp/src/r_ioport/r_ioport.o:(.debug_frame)
     4cc      4cc       94     4         ./ra/fsp/src/r_icu/r_icu.o:(.debug_frame)
     560      560      208     4         ./ra/fsp/src/r_gpt/r_gpt.o:(.debug_frame)
     768      768       f0     4         ./ra/fsp/src/bsp/mcu/all/bsp_clocks.o:(.debug_frame)
     858      858       44     4         ./ra/fsp/src/bsp/mcu/all/bsp_common.o:(.debug_frame)
     89c      89c       34     4         ./ra/fsp/src/bsp/mcu/all/bsp_delay.o:(.debug_frame)
     8d0      8d0       44     4         ./ra/fsp/src/bsp/mcu/all/bsp_group_irq.o:(.debug_frame)
     914      914       34     4         ./ra/fsp/src/bsp/mcu/all/bsp_irq.o:(.debug_frame)
     948      948       3c     4         ./ra/fsp/src/bsp/mcu/all/bsp_register_protection.o:(.debug_frame)
     984      984       2c     4         ./ra/fsp/src/bsp/mcu/all/bsp_sbrk.o:(.debug_frame)
     9b0      9b0       34     4         ./ra/fsp/src/bsp/cmsis/Device/RENESAS/Source/startup.o:(.debug_frame)
     9e4      9e4       60     4         ./ra/fsp/src/bsp/cmsis/Device/RENESAS/Source/system.o:(.debug_frame)
     a44      a44       24     4         ./ra/board/ra6e2_fpb/board_init.o:(.debug_frame)
     a68      a68      114     4         ./ra/aws/FreeRTOS/FreeRTOS/Source/event_groups.o:(.debug_frame)
     b7c      b7c       6c     4         ./ra/aws/FreeRTOS/FreeRTOS/Source/list.o:(.debug_frame)
     be8      be8      300     4         ./ra/aws/FreeRTOS/FreeRTOS/Source/queue.o:(.debug_frame)
     ee8      ee8      2c8     4         ./ra/aws/FreeRTOS/FreeRTOS/Source/stream_buffer.o:(.debug_frame)
    11b0     11b0      4c8     4         ./ra/aws/FreeRTOS/FreeRTOS/Source/tasks.o:(.debug_frame)
    1678     1678      24c     4         ./ra/aws/FreeRTOS/FreeRTOS/Source/timers.o:(.debug_frame)
    18c4     18c4       24     4         C:\Renesas\e2_studio\toolchains\llvm_arm\ATfE-21.1.1-Windows-x86_64\bin\..\lib\clang-runtimes/arm-none-eabi/armv8m.main_hard_fp_exn_rtti_unaligned_size\lib\libc.a(libc_picolib_machine_arm_read_tp.S.o):(.debug_frame)
       0        0     6bbf     1 .debug_line
       0        0       d9     1         ./src/ext_irq.o:(.debug_line)
      d9       d9       6e     1         ./src/hal_entry.o:(.debug_line)
     147      147      119     1         ./src/hal_warmstart.o:(.debug_line)
     260      260      116     1         ./src/led1_thread_entry.o:(.debug_line)
     376      376      127     1         ./src/led2_thread_entry.o:(.debug_line)
     49d      49d       e1     1         ./src/timer.o:(.debug_line)
     57e      57e      139     1         ./ra_gen/common_data.o:(.debug_line)
     6b7      6b7      125     1         ./ra_gen/hal_data.o:(.debug_line)
     7dc      7dc      139     1         ./ra_gen/led1_thread.o:(.debug_line)
     915      915      139     1         ./ra_gen/led2_thread.o:(.debug_line)
     a4e      a4e      1ca     1         ./ra_gen/main.o:(.debug_line)
     c18      c18       bc     1         ./ra_gen/pin_data.o:(.debug_line)
     cd4      cd4       9f     1         ./ra_gen/vector_data.o:(.debug_line)
     d73      d73      3c5     1         ./ra/fsp/src/rm_freertos_port/port.o:(.debug_line)
    1138     1138      570     1         ./ra/fsp/src/r_ioport/r_ioport.o:(.debug_line)
    16a8     16a8      2c1     1         ./ra/fsp/src/r_icu/r_icu.o:(.debug_line)
    1969     1969      c7c     1         ./ra/fsp/src/r_gpt/r_gpt.o:(.debug_line)
    25e5     25e5       a7     1         ./ra/fsp/src/bsp/mcu/ra6e2/bsp_linker.o:(.debug_line)
    268c     268c      4b3     1         ./ra/fsp/src/bsp/mcu/all/bsp_clocks.o:(.debug_line)
    2b3f     2b3f      10e     1         ./ra/fsp/src/bsp/mcu/all/bsp_common.o:(.debug_line)
    2c4d     2c4d      14c     1         ./ra/fsp/src/bsp/mcu/all/bsp_delay.o:(.debug_line)
    2d99     2d99      135     1         ./ra/fsp/src/bsp/mcu/all/bsp_group_irq.o:(.debug_line)
    2ece     2ece       8e     1         ./ra/fsp/src/bsp/mcu/all/bsp_io.o:(.debug_line)
    2f5c     2f5c       fb     1         ./ra/fsp/src/bsp/mcu/all/bsp_irq.o:(.debug_line)
    3057     3057      116     1         ./ra/fsp/src/bsp/mcu/all/bsp_register_protection.o:(.debug_line)
    316d     316d       b3     1         ./ra/fsp/src/bsp/mcu/all/bsp_sbrk.o:(.debug_line)
    3220     3220       bf     1         ./ra/fsp/src/bsp/cmsis/Device/RENESAS/Source/startup.o:(.debug_line)
    32df     32df      18f     1         ./ra/fsp/src/bsp/cmsis/Device/RENESAS/Source/system.o:(.debug_line)
    346e     346e       6e     1         ./ra/board/ra6e2_fpb/board_init.o:(.debug_line)
    34dc     34dc       a7     1         ./ra/board/ra6e2_fpb/board_leds.o:(.debug_line)
    3583     3583      3e0     1         ./ra/aws/FreeRTOS/FreeRTOS/Source/event_groups.o:(.debug_line)
    3963     3963      1d6     1         ./ra/aws/FreeRTOS/FreeRTOS/Source/list.o:(.debug_line)
    3b39     3b39      d1f     1         ./ra/aws/FreeRTOS/FreeRTOS/Source/queue.o:(.debug_line)
    4858     4858      9b2     1         ./ra/aws/FreeRTOS/FreeRTOS/Source/stream_buffer.o:(.debug_line)
    520a     520a     1372     1         ./ra/aws/FreeRTOS/FreeRTOS/Source/tasks.o:(.debug_line)
    657c     657c      643     1         ./ra/aws/FreeRTOS/FreeRTOS/Source/timers.o:(.debug_line)
       0        0     108b     1 .debug_line_str
       0        0     108b     1         <internal>:(.debug_line_str)
       0        0      86b     1 .debug_rnglists
       0        0       17     1         ./ra_gen/led1_thread.o:(.debug_rnglists)
      17       17       17     1         ./ra_gen/led2_thread.o:(.debug_rnglists)
      2e       2e       20     1         ./ra_gen/main.o:(.debug_rnglists)
      4e       4e       65     1         ./ra/fsp/src/rm_freertos_port/port.o:(.debug_rnglists)
      b3       b3       4d     1         ./ra/fsp/src/r_ioport/r_ioport.o:(.debug_rnglists)
     100      100       3e     1         ./ra/fsp/src/r_icu/r_icu.o:(.debug_rnglists)
     13e      13e      13c     1         ./ra/fsp/src/r_gpt/r_gpt.o:(.debug_rnglists)
     27a      27a       5b     1         ./ra/fsp/src/bsp/mcu/all/bsp_clocks.o:(.debug_rnglists)
     2d5      2d5       1a     1         ./ra/fsp/src/bsp/mcu/all/bsp_common.o:(.debug_rnglists)
     2ef      2ef       18     1         ./ra/fsp/src/bsp/mcu/all/bsp_delay.o:(.debug_rnglists)
     307      307       17     1         ./ra/fsp/src/bsp/mcu/all/bsp_group_irq.o:(.debug_rnglists)
     31e      31e       17     1         ./ra/fsp/src/bsp/mcu/all/bsp_register_protection.o:(.debug_rnglists)
     335      335       17     1         ./ra/fsp/src/bsp/cmsis/Device/RENESAS/Source/startup.o:(.debug_rnglists)
     34c      34c       1b     1         ./ra/fsp/src/bsp/cmsis/Device/RENESAS/Source/system.o:(.debug_rnglists)
     367      367       4e     1         ./ra/aws/FreeRTOS/FreeRTOS/Source/event_groups.o:(.debug_rnglists)
     3b5      3b5       20     1         ./ra/aws/FreeRTOS/FreeRTOS/Source/list.o:(.debug_rnglists)
     3d5      3d5      168     1         ./ra/aws/FreeRTOS/FreeRTOS/Source/queue.o:(.debug_rnglists)
     53d      53d       89     1         ./ra/aws/FreeRTOS/FreeRTOS/Source/stream_buffer.o:(.debug_rnglists)
     5c6      5c6      226     1         ./ra/aws/FreeRTOS/FreeRTOS/Source/tasks.o:(.debug_rnglists)
     7ec      7ec       7f     1         ./ra/aws/FreeRTOS/FreeRTOS/Source/timers.o:(.debug_rnglists)
       0        0     1d30     4 .symtab
       0        0     1d30     4         <internal>:(.symtab)
       0        0      4da     1 .shstrtab
       0        0      4da     1         <internal>:(.shstrtab)
       0        0     1d06     1 .strtab
       0        0     1d06     1         <internal>:(.strtab)

Cross Reference Table

Symbol                                            File
memcpy                                            C:\Renesas\e2_studio\toolchains\llvm_arm\ATfE-21.1.1-Windows-x86_64\bin\..\lib\clang-runtimes/arm-none-eabi/armv8m.main_hard_fp_exn_rtti_unaligned_size\lib\libc.a(memcpy.c.o)
                                                  C:\Renesas\e2_studio\toolchains\llvm_arm\ATfE-21.1.1-Windows-x86_64\bin\..\lib\clang-runtimes/arm-none-eabi/armv8m.main_hard_fp_exn_rtti_unaligned_size\lib\crt0.o
memset                                            C:\Renesas\e2_studio\toolchains\llvm_arm\ATfE-21.1.1-Windows-x86_64\bin\..\lib\clang-runtimes/arm-none-eabi/armv8m.main_hard_fp_exn_rtti_unaligned_size\lib\libc.a(memset.c.o)
                                                  C:\Renesas\e2_studio\toolchains\llvm_arm\ATfE-21.1.1-Windows-x86_64\bin\..\lib\clang-runtimes/arm-none-eabi/armv8m.main_hard_fp_exn_rtti_unaligned_size\lib\crt0.o
                                                  C:\Renesas\e2_studio\toolchains\llvm_arm\ATfE-21.1.1-Windows-x86_64\bin\..\lib\clang-runtimes/arm-none-eabi/armv8m.main_hard_fp_exn_rtti_unaligned_size\lib\libc.a(aeabi_memset.c.o)
                                                  C:\Renesas\e2_studio\toolchains\llvm_arm\ATfE-21.1.1-Windows-x86_64\bin\..\lib\clang-runtimes/arm-none-eabi/armv8m.main_hard_fp_exn_rtti_unaligned_size\lib\libc.a(bzero.c.o)
_set_tls                                          C:\Renesas\e2_studio\toolchains\llvm_arm\ATfE-21.1.1-Windows-x86_64\bin\..\lib\clang-runtimes/arm-none-eabi/armv8m.main_hard_fp_exn_rtti_unaligned_size\lib\libc.a(libc_picolib_machine_arm_set_tls.c.o)
                                                  C:\Renesas\e2_studio\toolchains\llvm_arm\ATfE-21.1.1-Windows-x86_64\bin\..\lib\clang-runtimes/arm-none-eabi/armv8m.main_hard_fp_exn_rtti_unaligned_size\lib\crt0.o
                                                  ./ra/fsp/src/bsp/cmsis/Device/RENESAS/Source/system.o
main                                              ./ra_gen/main.o
                                                  C:\Renesas\e2_studio\toolchains\llvm_arm\ATfE-21.1.1-Windows-x86_64\bin\..\lib\clang-runtimes/arm-none-eabi/armv8m.main_hard_fp_exn_rtti_unaligned_size\lib\crt0.o
                                                  ./ra/fsp/src/bsp/cmsis/Device/RENESAS/Source/startup.o
__tls_base                                        fsp_gen.lld:397
                                                  C:\Renesas\e2_studio\toolchains\llvm_arm\ATfE-21.1.1-Windows-x86_64\bin\..\lib\clang-runtimes/arm-none-eabi/armv8m.main_hard_fp_exn_rtti_unaligned_size\lib\crt0.o
                                                  ./ra/fsp/src/bsp/cmsis/Device/RENESAS/Source/system.o
g_irq9_callback                                   ./src/ext_irq.o
                                                  ./ra_gen/common_data.o
led2_thread                                       ./ra_gen/led2_thread.o
                                                  ./src/ext_irq.o
                                                  ./src/led2_thread_entry.o
vTaskGenericNotifyGiveFromISR                     ./ra/aws/FreeRTOS/FreeRTOS/Source/tasks.o
                                                  ./src/ext_irq.o
                                                  ./src/timer.o
R_BSP_WarmStart                                   ./src/hal_warmstart.o
                                                  ./ra/fsp/src/bsp/cmsis/Device/RENESAS/Source/system.o
g_ioport_ctrl                                     ./ra_gen/common_data.o
                                                  ./src/hal_warmstart.o
g_bsp_pin_cfg                                     ./ra_gen/pin_data.o
                                                  ./src/hal_warmstart.o
                                                  ./ra_gen/common_data.o
R_IOPORT_Open                                     ./ra/fsp/src/r_ioport/r_ioport.o
                                                  ./src/hal_warmstart.o
led1_thread_entry                                 ./src/led1_thread_entry.o
                                                  ./ra_gen/led1_thread.o
xTaskGetCurrentTaskHandle                         ./ra/aws/FreeRTOS/FreeRTOS/Source/tasks.o
                                                  ./src/led1_thread_entry.o
                                                  ./src/led2_thread_entry.o
                                                  ./ra/aws/FreeRTOS/FreeRTOS/Source/stream_buffer.o
led1_thread                                       ./ra_gen/led1_thread.o
                                                  ./src/led1_thread_entry.o
                                                  ./src/timer.o
g_timer0_ctrl                                     ./ra_gen/hal_data.o
                                                  ./src/led1_thread_entry.o
                                                  ./src/led2_thread_entry.o
g_timer0_cfg                                      ./ra_gen/hal_data.o
                                                  ./src/led1_thread_entry.o
R_GPT_Open                                        ./ra/fsp/src/r_gpt/r_gpt.o
                                                  ./src/led1_thread_entry.o
R_GPT_Start                                       ./ra/fsp/src/r_gpt/r_gpt.o
                                                  ./src/led1_thread_entry.o
                                                  ./src/led2_thread_entry.o
g_protect_pfswe_counter                           ./ra/fsp/src/bsp/mcu/all/bsp_io.o
[...]
                                                  ./ra/aws/FreeRTOS/FreeRTOS/Source/queue.o
                                                  ./ra/aws/FreeRTOS/FreeRTOS/Source/stream_buffer.o
                                                  ./ra/aws/FreeRTOS/FreeRTOS/Source/tasks.o
                                                  ./ra/aws/FreeRTOS/FreeRTOS/Source/timers.o
vPortExitCritical                                 ./ra/fsp/src/rm_freertos_port/port.o
                                                  ./ra/aws/FreeRTOS/FreeRTOS/Source/event_groups.o
                                                  ./ra/aws/FreeRTOS/FreeRTOS/Source/queue.o
                                                  ./ra/aws/FreeRTOS/FreeRTOS/Source/stream_buffer.o
                                                  ./ra/aws/FreeRTOS/FreeRTOS/Source/tasks.o
                                                  ./ra/aws/FreeRTOS/FreeRTOS/Source/timers.o
rm_freertos_port_sleep_preserving_lpm             ./ra/fsp/src/rm_freertos_port/port.o
vApplicationIdleHook                              ./ra/fsp/src/rm_freertos_port/port.o
                                                  ./ra/aws/FreeRTOS/FreeRTOS/Source/tasks.o
vTaskSuspendAll                                   ./ra/aws/FreeRTOS/FreeRTOS/Source/tasks.o
                                                  ./ra/fsp/src/rm_freertos_port/port.o
                                                  ./ra/aws/FreeRTOS/FreeRTOS/Source/event_groups.o
                                                  ./ra/aws/FreeRTOS/FreeRTOS/Source/queue.o
                                                  ./ra/aws/FreeRTOS/FreeRTOS/Source/stream_buffer.o
                                                  ./ra/aws/FreeRTOS/FreeRTOS/Source/timers.o
xTaskResumeAll                                    ./ra/aws/FreeRTOS/FreeRTOS/Source/tasks.o
                                                  ./ra/fsp/src/rm_freertos_port/port.o
                                                  ./ra/aws/FreeRTOS/FreeRTOS/Source/event_groups.o
                                                  ./ra/aws/FreeRTOS/FreeRTOS/Source/queue.o
                                                  ./ra/aws/FreeRTOS/FreeRTOS/Source/stream_buffer.o
                                                  ./ra/aws/FreeRTOS/FreeRTOS/Source/timers.o
vPortValidateInterruptPriority                    ./ra/fsp/src/rm_freertos_port/port.o
                                                  ./ra/aws/FreeRTOS/FreeRTOS/Source/queue.o
                                                  ./ra/aws/FreeRTOS/FreeRTOS/Source/tasks.o
pxCurrentTCB                                      ./ra/aws/FreeRTOS/FreeRTOS/Source/tasks.o
                                                  ./ra/fsp/src/rm_freertos_port/port.o
R_BSP_SoftwareDelay                               ./ra/fsp/src/bsp/mcu/all/bsp_delay.o
                                                  ./ra/fsp/src/r_ioport/r_ioport.o
                                                  ./ra/fsp/src/bsp/mcu/all/bsp_clocks.o
gp_renesas_isr_context                            ./ra/fsp/src/bsp/mcu/all/bsp_irq.o
                                                  ./ra/fsp/src/r_icu/r_icu.o
                                                  ./ra/fsp/src/r_gpt/r_gpt.o
__ram_noinit_nocache$$Base                        fsp_gen.lld:147
                                                  ./ra/fsp/src/bsp/mcu/ra6e2/bsp_linker.o
__ram_zero_nocache$$Limit                         fsp_gen.lld:159
                                                  ./ra/fsp/src/bsp/mcu/ra6e2/bsp_linker.o
g_init_info                                       ./ra/fsp/src/bsp/mcu/ra6e2/bsp_linker.o
                                                  ./ra/fsp/src/bsp/cmsis/Device/RENESAS/Source/system.o
__ram_zero_nocache$$Base                          fsp_gen.lld:155
                                                  ./ra/fsp/src/bsp/mcu/ra6e2/bsp_linker.o
__ram_zero$$Base                                  fsp_gen.lld:175
                                                  ./ra/fsp/src/bsp/mcu/ra6e2/bsp_linker.o
__ram_zero$$Limit                                 fsp_gen.lld:179
                                                  ./ra/fsp/src/bsp/mcu/ra6e2/bsp_linker.o
__ram_tbss$$Base                                  fsp_gen.lld:193
                                                  ./ra/fsp/src/bsp/mcu/ra6e2/bsp_linker.o
__ram_tbss$$Limit                                 fsp_gen.lld:198
                                                  ./ra/fsp/src/bsp/mcu/ra6e2/bsp_linker.o
__ram_from_qspi_flash$$Base                       fsp_gen.lld:40
                                                  ./ra/fsp/src/bsp/mcu/ra6e2/bsp_linker.o
__ram_from_qspi_flash$$Limit                      fsp_gen.lld:45
                                                  ./ra/fsp/src/bsp/mcu/ra6e2/bsp_linker.o
__ram_from_qspi_flash$$Load                       fsp_gen.lld:40
                                                  ./ra/fsp/src/bsp/mcu/ra6e2/bsp_linker.o
__ram_from_data_flash$$Base                       fsp_gen.lld:80
                                                  ./ra/fsp/src/bsp/mcu/ra6e2/bsp_linker.o
__ram_from_data_flash$$Limit                      fsp_gen.lld:85
                                                  ./ra/fsp/src/bsp/mcu/ra6e2/bsp_linker.o
__ram_from_data_flash$$Load                       fsp_gen.lld:80
                                                  ./ra/fsp/src/bsp/mcu/ra6e2/bsp_linker.o
__ram_from_flash$$Base                            fsp_gen.lld:135
                                                  ./ra/fsp/src/bsp/mcu/ra6e2/bsp_linker.o
__ram_from_flash$$Limit                           fsp_gen.lld:142
                                                  ./ra/fsp/src/bsp/mcu/ra6e2/bsp_linker.o
__ram_from_flash$$Load                            fsp_gen.lld:135
                                                  ./ra/fsp/src/bsp/mcu/ra6e2/bsp_linker.o
__ram_tdata$$Base                                 fsp_gen.lld:184
                                                  ./ra/fsp/src/bsp/mcu/ra6e2/bsp_linker.o
__ram_tdata$$Limit                                fsp_gen.lld:188
                                                  ./ra/fsp/src/bsp/mcu/ra6e2/bsp_linker.o
__ram_tdata$$Load                                 fsp_gen.lld:184
                                                  ./ra/fsp/src/bsp/mcu/ra6e2/bsp_linker.o
SystemCoreClockUpdate                             ./ra/fsp/src/bsp/mcu/all/bsp_clocks.o
                                                  ./ra/fsp/src/bsp/cmsis/Device/RENESAS/Source/system.o
bsp_clock_init                                    ./ra/fsp/src/bsp/mcu/all/bsp_clocks.o
                                                  ./ra/fsp/src/bsp/cmsis/Device/RENESAS/Source/system.o
R_BSP_SubClockStabilizeWaitAfterReset             ./ra/fsp/src/bsp/mcu/all/bsp_clocks.o
R_BSP_Init_RTC                                    ./ra/fsp/src/bsp/mcu/all/bsp_clocks.o
                                                  ./ra/fsp/src/bsp/cmsis/Device/RENESAS/Source/system.o
bsp_init                                          ./ra/board/ra6e2_fpb/board_init.o
                                                  ./ra/fsp/src/bsp/mcu/all/bsp_common.o
                                                  ./ra/fsp/src/bsp/cmsis/Device/RENESAS/Source/system.o
bsp_prv_software_delay_loop                       ./ra/fsp/src/bsp/mcu/all/bsp_delay.o
g_bsp_group_irq_sources                           ./ra/fsp/src/bsp/mcu/all/bsp_group_irq.o
NMI_Handler                                       ./ra/fsp/src/bsp/mcu/all/bsp_group_irq.o
                                                  ./ra/fsp/src/bsp/cmsis/Device/RENESAS/Source/startup.o
bsp_irq_cfg                                       ./ra/fsp/src/bsp/mcu/all/bsp_irq.o
                                                  ./ra/fsp/src/bsp/cmsis/Device/RENESAS/Source/system.o
R_BSP_RegisterProtectDisable                      ./ra/fsp/src/bsp/mcu/all/bsp_register_protection.o
                                                  ./ra/fsp/src/bsp/mcu/all/bsp_irq.o
                                                  ./ra/fsp/src/bsp/cmsis/Device/RENESAS/Source/system.o
R_BSP_RegisterProtectEnable                       ./ra/fsp/src/bsp/mcu/all/bsp_register_protection.o
                                                  ./ra/fsp/src/bsp/mcu/all/bsp_irq.o
                                                  ./ra/fsp/src/bsp/cmsis/Device/RENESAS/Source/system.o
g_protect_counters                                ./ra/fsp/src/bsp/mcu/all/bsp_register_protection.o
Reset_Handler                                     ./ra/fsp/src/bsp/cmsis/Device/RENESAS/Source/startup.o
SystemInit                                        ./ra/fsp/src/bsp/cmsis/Device/RENESAS/Source/system.o
                                                  ./ra/fsp/src/bsp/cmsis/Device/RENESAS/Source/startup.o
Default_Handler                                   ./ra/fsp/src/bsp/cmsis/Device/RENESAS/Source/startup.o
g_main_stack                                      ./ra/fsp/src/bsp/cmsis/Device/RENESAS/Source/startup.o
                                                  ./ra/fsp/src/bsp/cmsis/Device/RENESAS/Source/system.o
__Vectors                                         ./ra/fsp/src/bsp/cmsis/Device/RENESAS/Source/startup.o
                                                  ./ra/fsp/src/bsp/cmsis/Device/RENESAS/Source/system.o
HardFault_Handler                                 ./ra/fsp/src/bsp/cmsis/Device/RENESAS/Source/startup.o
MemManage_Handler                                 ./ra/fsp/src/bsp/cmsis/Device/RENESAS/Source/startup.o
BusFault_Handler                                  ./ra/fsp/src/bsp/cmsis/Device/RENESAS/Source/startup.o
UsageFault_Handler                                ./ra/fsp/src/bsp/cmsis/Device/RENESAS/Source/startup.o
SecureFault_Handler                               ./ra/fsp/src/bsp/cmsis/Device/RENESAS/Source/startup.o
DebugMon_Handler                                  ./ra/fsp/src/bsp/cmsis/Device/RENESAS/Source/startup.o
_init_tls                                         C:\Renesas\e2_studio\toolchains\llvm_arm\ATfE-21.1.1-Windows-x86_64\bin\..\lib\clang-runtimes/arm-none-eabi/armv8m.main_hard_fp_exn_rtti_unaligned_size\lib\libc.a(libc_picolib_inittls.c.o)
                                                  ./ra/fsp/src/bsp/cmsis/Device/RENESAS/Source/system.o
__init_array_start                                fsp_gen.lld:261
                                                  ./ra/fsp/src/bsp/cmsis/Device/RENESAS/Source/system.o
__init_array_end                                  fsp_gen.lld:264
                                                  ./ra/fsp/src/bsp/cmsis/Device/RENESAS/Source/system.o
__aeabi_memclr4                                   C:\Renesas\e2_studio\toolchains\llvm_arm\ATfE-21.1.1-Windows-x86_64\bin\..\lib\clang-runtimes/arm-none-eabi/armv8m.main_hard_fp_exn_rtti_unaligned_size\lib\libc.a(bzero.c.o)
                                                  ./ra/fsp/src/bsp/cmsis/Device/RENESAS/Source/system.o
                                                  ./ra/aws/FreeRTOS/FreeRTOS/Source/stream_buffer.o
__aeabi_memcpy4                                   C:\Renesas\e2_studio\toolchains\llvm_arm\ATfE-21.1.1-Windows-x86_64\bin\..\lib\clang-runtimes/arm-none-eabi/armv8m.main_hard_fp_exn_rtti_unaligned_size\lib\libc.a(memcpy.c.o)
                                                  ./ra/fsp/src/bsp/cmsis/Device/RENESAS/Source/system.o
vListInitialise                                   ./ra/aws/FreeRTOS/FreeRTOS/Source/list.o
                                                  ./ra/aws/FreeRTOS/FreeRTOS/Source/event_groups.o
                                                  ./ra/aws/FreeRTOS/FreeRTOS/Source/queue.o
                                                  ./ra/aws/FreeRTOS/FreeRTOS/Source/tasks.o
                                                  ./ra/aws/FreeRTOS/FreeRTOS/Source/timers.o
xTaskGetSchedulerState                            ./ra/aws/FreeRTOS/FreeRTOS/Source/tasks.o
                                                  ./ra/aws/FreeRTOS/FreeRTOS/Source/event_groups.o
                                                  ./ra/aws/FreeRTOS/FreeRTOS/Source/queue.o
                                                  ./ra/aws/FreeRTOS/FreeRTOS/Source/timers.o
vListInitialiseItem                               ./ra/aws/FreeRTOS/FreeRTOS/Source/list.o
                                                  ./ra/aws/FreeRTOS/FreeRTOS/Source/tasks.o
                                                  ./ra/aws/FreeRTOS/FreeRTOS/Source/timers.o
vListInsert                                       ./ra/aws/FreeRTOS/FreeRTOS/Source/list.o
                                                  ./ra/aws/FreeRTOS/FreeRTOS/Source/tasks.o
                                                  ./ra/aws/FreeRTOS/FreeRTOS/Source/timers.o
uxListRemove                                      ./ra/aws/FreeRTOS/FreeRTOS/Source/list.o
                                                  ./ra/aws/FreeRTOS/FreeRTOS/Source/tasks.o
                                                  ./ra/aws/FreeRTOS/FreeRTOS/Source/timers.o
xQueueGenericReset                                ./ra/aws/FreeRTOS/FreeRTOS/Source/queue.o
xTaskRemoveFromEventList                          ./ra/aws/FreeRTOS/FreeRTOS/Source/tasks.o
                                                  ./ra/aws/FreeRTOS/FreeRTOS/Source/queue.o
xQueueGenericCreateStatic                         ./ra/aws/FreeRTOS/FreeRTOS/Source/queue.o
                                                  ./ra/aws/FreeRTOS/FreeRTOS/Source/timers.o
vTaskInternalSetTimeOutState                      ./ra/aws/FreeRTOS/FreeRTOS/Source/tasks.o
                                                  ./ra/aws/FreeRTOS/FreeRTOS/Source/queue.o
xTaskCheckForTimeOut                              ./ra/aws/FreeRTOS/FreeRTOS/Source/tasks.o
                                                  ./ra/aws/FreeRTOS/FreeRTOS/Source/queue.o
                                                  ./ra/aws/FreeRTOS/FreeRTOS/Source/stream_buffer.o
vTaskPlaceOnEventList                             ./ra/aws/FreeRTOS/FreeRTOS/Source/tasks.o
                                                  ./ra/aws/FreeRTOS/FreeRTOS/Source/queue.o
__aeabi_memcpy                                    C:\Renesas\e2_studio\toolchains\llvm_arm\ATfE-21.1.1-Windows-x86_64\bin\..\lib\clang-runtimes/arm-none-eabi/armv8m.main_hard_fp_exn_rtti_unaligned_size\lib\libc.a(memcpy.c.o)
                                                  ./ra/aws/FreeRTOS/FreeRTOS/Source/queue.o
                                                  ./ra/aws/FreeRTOS/FreeRTOS/Source/stream_buffer.o
                                                  C:\Renesas\e2_studio\toolchains\llvm_arm\ATfE-21.1.1-Windows-x86_64\bin\..\lib\clang-runtimes/arm-none-eabi/armv8m.main_hard_fp_exn_rtti_unaligned_size\lib\libc.a(libc_picolib_inittls.c.o)
vTaskMissedYield                                  ./ra/aws/FreeRTOS/FreeRTOS/Source/tasks.o
                                                  ./ra/aws/FreeRTOS/FreeRTOS/Source/queue.o
xQueueReceive                                     ./ra/aws/FreeRTOS/FreeRTOS/Source/queue.o
                                                  ./ra/aws/FreeRTOS/FreeRTOS/Source/timers.o
xQueueRegistry                                    ./ra/aws/FreeRTOS/FreeRTOS/Source/queue.o
vQueueAddToRegistry                               ./ra/aws/FreeRTOS/FreeRTOS/Source/queue.o
                                                  ./ra/aws/FreeRTOS/FreeRTOS/Source/timers.o
vQueueWaitForMessageRestricted                    ./ra/aws/FreeRTOS/FreeRTOS/Source/queue.o
                                                  ./ra/aws/FreeRTOS/FreeRTOS/Source/timers.o
vTaskPlaceOnEventListRestricted                   ./ra/aws/FreeRTOS/FreeRTOS/Source/tasks.o
                                                  ./ra/aws/FreeRTOS/FreeRTOS/Source/queue.o
__aeabi_memclr                                    C:\Renesas\e2_studio\toolchains\llvm_arm\ATfE-21.1.1-Windows-x86_64\bin\..\lib\clang-runtimes/arm-none-eabi/armv8m.main_hard_fp_exn_rtti_unaligned_size\lib\libc.a(bzero.c.o)
                                                  ./ra/aws/FreeRTOS/FreeRTOS/Source/stream_buffer.o
                                                  ./ra/aws/FreeRTOS/FreeRTOS/Source/tasks.o
                                                  C:\Renesas\e2_studio\toolchains\llvm_arm\ATfE-21.1.1-Windows-x86_64\bin\..\lib\clang-runtimes/arm-none-eabi/armv8m.main_hard_fp_exn_rtti_unaligned_size\lib\libc.a(libc_picolib_inittls.c.o)
xTimerCreateTimerTask                             ./ra/aws/FreeRTOS/FreeRTOS/Source/timers.o
                                                  ./ra/aws/FreeRTOS/FreeRTOS/Source/tasks.o
xTaskGetTickCount                                 ./ra/aws/FreeRTOS/FreeRTOS/Source/tasks.o
                                                  ./ra/aws/FreeRTOS/FreeRTOS/Source/timers.o
bzero                                             C:\Renesas\e2_studio\toolchains\llvm_arm\ATfE-21.1.1-Windows-x86_64\bin\..\lib\clang-runtimes/arm-none-eabi/armv8m.main_hard_fp_exn_rtti_unaligned_size\lib\libc.a(bzero.c.o)
__aeabi_memclr8                                   C:\Renesas\e2_studio\toolchains\llvm_arm\ATfE-21.1.1-Windows-x86_64\bin\..\lib\clang-runtimes/arm-none-eabi/armv8m.main_hard_fp_exn_rtti_unaligned_size\lib\libc.a(bzero.c.o)
__aeabi_memcpy8                                   C:\Renesas\e2_studio\toolchains\llvm_arm\ATfE-21.1.1-Windows-x86_64\bin\..\lib\clang-runtimes/arm-none-eabi/armv8m.main_hard_fp_exn_rtti_unaligned_size\lib\libc.a(memcpy.c.o)
__tdata_source                                    fsp_gen.lld:398
                                                  C:\Renesas\e2_studio\toolchains\llvm_arm\ATfE-21.1.1-Windows-x86_64\bin\..\lib\clang-runtimes/arm-none-eabi/armv8m.main_hard_fp_exn_rtti_unaligned_size\lib\libc.a(libc_picolib_inittls.c.o)
__tdata_size                                      fsp_gen.lld:399
                                                  C:\Renesas\e2_studio\toolchains\llvm_arm\ATfE-21.1.1-Windows-x86_64\bin\..\lib\clang-runtimes/arm-none-eabi/armv8m.main_hard_fp_exn_rtti_unaligned_size\lib\libc.a(libc_picolib_inittls.c.o)
__tbss_offset                                     fsp_gen.lld:400
                                                  C:\Renesas\e2_studio\toolchains\llvm_arm\ATfE-21.1.1-Windows-x86_64\bin\..\lib\clang-runtimes/arm-none-eabi/armv8m.main_hard_fp_exn_rtti_unaligned_size\lib\libc.a(libc_picolib_inittls.c.o)
__tbss_size                                       fsp_gen.lld:401
                                                  C:\Renesas\e2_studio\toolchains\llvm_arm\ATfE-21.1.1-Windows-x86_64\bin\..\lib\clang-runtimes/arm-none-eabi/armv8m.main_hard_fp_exn_rtti_unaligned_size\lib\libc.a(libc_picolib_inittls.c.o)
__arm32_tls_tcb_offset                            fsp_gen.lld:402
                                                  C:\Renesas\e2_studio\toolchains\llvm_arm\ATfE-21.1.1-Windows-x86_64\bin\..\lib\clang-runtimes/arm-none-eabi/armv8m.main_hard_fp_exn_rtti_unaligned_size\lib\libc.a(libc_picolib_machine_arm_set_tls.c.o)
__tls                                             C:\Renesas\e2_studio\toolchains\llvm_arm\ATfE-21.1.1-Windows-x86_64\bin\..\lib\clang-runtimes/arm-none-eabi/armv8m.main_hard_fp_exn_rtti_unaligned_size\lib\libc.a(libc_picolib_machine_arm_tls.c.o)
                                                  C:\Renesas\e2_studio\toolchains\llvm_arm\ATfE-21.1.1-Windows-x86_64\bin\..\lib\clang-runtimes/arm-none-eabi/armv8m.main_hard_fp_exn_rtti_unaligned_size\lib\libc.a(libc_picolib_machine_arm_set_tls.c.o)
                                                  C:\Renesas\e2_studio\toolchains\llvm_arm\ATfE-21.1.1-Windows-x86_64\bin\..\lib\clang-runtimes/arm-none-eabi/armv8m.main_hard_fp_exn_rtti_unaligned_size\lib\libc.a(libc_picolib_machine_arm_read_tp.S.o)
