     VMA      LMA     Size Align Out     In      Symbol
       0        0        0     1 RAM_START = 0x20000000
       0        0        0     1 RAM_LENGTH = 0x0000a000
       0        0        0     1 FLASH_START = 0x00000000
       0        0        0     1 FLASH_LENGTH = 0x00040000
       0        0        0     1 DATA_FLASH_START = 0x08000000
       0        0        0     1 DATA_FLASH_LENGTH = 0x00001000
       0        0        0     1 QSPI_FLASH_START = 0x60000000
       0        0        0     1 QSPI_FLASH_LENGTH = 0x04000000
       0        0        0     1 OPTION_SETTING_OFS0_START = 0x0100a100
       0        0        0     1 OPTION_SETTING_OFS0_LENGTH = 0x00000004
       0        0        0     1 OPTION_SETTING_OSIS_START = 0x0100a120
       0        0        0     1 OPTION_SETTING_OSIS_LENGTH = 0x00000010
       0        0        0     1 OPTION_SETTING_OFS1_SEC_START = 0x0100a200
       0        0        0     1 OPTION_SETTING_OFS1_SEC_LENGTH = 0x00000004
       0        0        0     1 OPTION_SETTING_BPS_SEC_START = 0x0100a240
       0        0        0     1 OPTION_SETTING_BPS_SEC_LENGTH = 0x00000004
       0        0        0     1 OPTION_SETTING_PBPS_SEC_START = 0x0100a260
       0        0        0     1 OPTION_SETTING_PBPS_SEC_LENGTH = 0x00000004
60000000 60000000        0     1 .qspi_flash.startof
60000000 60000000        0     1         __ddsc_QSPI_FLASH_START = .
20000000 20000000        0     1 .ram.startof
20000000 20000000        0     1         __ddsc_RAM_START = .
20000000 20000000        0     1 __ram_dtc_vector$$
20000000 20000000        0     1         __ram_dtc_vector$$Base = .
20000000 20000000        0     1         __ram_dtc_vector$$Limit = .
20000000 20000000        0     1 __ram_from_qspi_flash$$
20000000 20000000        0     1         __ram_from_qspi_flash$$Base = .
20000000 20000000        0     1         __ram_from_qspi_flash$$Load = LOADADDR(__ram_from_qspi_flash$$)
20000000 20000000        0     1         __ram_from_qspi_flash$$Limit = .
60000000 60000000        0     1 __qspi_flash_readonly$$
60000000 60000000        0     1         __qspi_flash_readonly$$Base = .
60000000 60000000        0     1         __qspi_flash_readonly$$Limit = .
60000000 60000000        0     1 __qspi_flash_noinit$$
60000000 60000000        0     1         __qspi_flash_noinit$$Base = .
60000000 60000000        0     1         __qspi_flash_noinit$$Limit = .
60000000 60000000        0     1 .qspi_flash.endof
60000000 60000000        0     1         __ddsc_QSPI_FLASH_END = .
 8000000  8000000        0     1 .data_flash.startof
 8000000  8000000        0     1         __ddsc_DATA_FLASH_START = .
20000000 20000000        0     1 __ram_from_data_flash$$
20000000 20000000        0     1         __ram_from_data_flash$$Base = .
20000000 20000000        0     1         __ram_from_data_flash$$Load = LOADADDR(__ram_from_data_flash$$)
20000000 20000000        0     1         __ram_from_data_flash$$Limit = .
 8000000  8000000        0     1 __data_flash_readonly$$
 8000000  8000000        0     1         __data_flash_readonly$$Base = .
 8000000  8000000        0     1         __data_flash_readonly$$Limit = .
 8000000  8000000        0     1 __data_flash_noinit$$
 8000000  8000000        0     1         __data_flash_noinit$$Base = .
 8000000  8000000        0     1         __data_flash_noinit$$Limit = .
 8000000  8000000        0     1 .data_flash.endof
 8000000  8000000        0     1         __ddsc_DATA_FLASH_END = .
       0        0        0     1 .flash.startof
       0        0        0     1         __ddsc_FLASH_START = .
       0        0       58     4 __flash_vectors$$
       0        0        0     1         __flash_vectors$$Base = .
       0        0        0     1         _VECTORS = .
       0        0       40     4         ./ra/fsp/src/bsp/cmsis/Device/RENESAS/Source/startup.o:(.fixed_vectors)
       0        0       40     1                 __Vectors
      40       40       18     4         ./ra_gen/vector_data.o:(.application_vectors)
      40       40       18     1                 g_vector_table
      58       58        0     1         __flash_vectors$$Limit = .
      58       58        0     1 __flash_noinit$$
      58       58        0     1         __flash_noinit$$Base = .
      58       58        0     1         __flash_noinit$$Limit = .
20000000 20000000        0     1 __ram_from_flash$$
20000000 20000000        0     1         __ram_from_flash$$Base = .
20000000 20000000        0     1         __ram_from_flash$$Load = LOADADDR(__ram_from_flash$$)
20000000 20000000        0     1         __ram_from_flash$$Limit = .
20000000 20000000        0     1 __ram_noinit_nocache$$
20000000 20000000        0     1         __ram_noinit_nocache$$Base = .
20000000 20000000        0     1         __ram_noinit_nocache$$Limit = .
20000000 20000000        0     1 __ram_zero_nocache$$
20000000 20000000        0     1         __ram_zero_nocache$$Base = .
20000000 20000000        0     1         . = ALIGN(32)
20000000 20000000        0     1         __ram_zero_nocache$$Limit = .
20000000 20000000      418     8 __ram_noinit$$
20000000 20000000        0     1         __ram_noinit$$Base = .
20000000 20000000      400     8         ./ra/fsp/src/bsp/cmsis/Device/RENESAS/Source/startup.o:(.bss.g_main_stack)
20000000 20000000      400     1                 g_main_stack
20000400 20000400       18     4         ./ra/fsp/src/bsp/mcu/all/bsp_clocks.o:(.ram_noinit)
20000400 20000400       18     1                 g_clock_freq
20000418 20000418        0     1         __ram_noinit$$Limit = .
20000418 20000418      998     4 __ram_zero$$
20000418 20000418        0     1         __ram_zero$$Base = .
20000418 20000418       10     4         ./src/spi_slv_thread_entry.o:(.bss.tx_buf)
20000418 20000418       10     1                 tx_buf
20000428 20000428       10     4         ./src/spi_slv_thread_entry.o:(.bss.rx_buf)
20000428 20000428       10     1                 rx_buf
20000438 20000438       10     4         ./ra_gen/common_data.o:(.bss.g_external_irq9_ctrl)
20000438 20000438       10     1                 g_external_irq9_ctrl
20000448 20000448        8     4         ./ra_gen/common_data.o:(.bss.g_ioport_ctrl)
20000448 20000448        8     1                 g_ioport_ctrl
20000450 20000450       30     4         ./ra_gen/hal_data.o:(.bss.g_spi1_ctrl)
20000450 20000450       30     1                 g_spi1_ctrl
20000480 20000480       20     4         ./ra_gen/hal_data.o:(.bss.g_timer0_ctrl)
20000480 20000480       20     1                 g_timer0_ctrl
200004a0 200004a0       60     4         ./ra_gen/led1_thread.o:(.bss.led1_thread_memory)
200004a0 200004a0       60     1                 led1_thread_memory
20000500 20000500        4     4         ./ra_gen/led1_thread.o:(.bss.led1_thread)
20000500 20000500        4     1                 led1_thread
20000504 20000504       60     4         ./ra_gen/led2_thread.o:(.bss.led2_thread_memory)
20000504 20000504       60     1                 led2_thread_memory
20000564 20000564        4     4         ./ra_gen/led2_thread.o:(.bss.led2_thread)
20000564 20000564        4     1                 led2_thread
20000568 20000568        4     4         ./ra_gen/main.o:(.bss.g_fsp_common_initialized_semaphore)
20000568 20000568        4     1                 g_fsp_common_initialized_semaphore
2000056c 2000056c        1     1         ./ra_gen/main.o:(.bss.g_fsp_common_initialized)
2000056c 2000056c        1     1                 g_fsp_common_initialized
20000570 20000570        4     4         ./ra_gen/main.o:(.bss.g_fsp_common_thread_count)
20000570 20000570        4     1                 g_fsp_common_thread_count
20000574 20000574       48     4         ./ra_gen/main.o:(.bss.g_fsp_common_initialized_semaphore_memory)
20000574 20000574       48     1                 g_fsp_common_initialized_semaphore_memory
200005bc 200005bc       60     4         ./ra_gen/main.o:(.bss.vApplicationGetIdleTaskMemory.xIdleTaskTCB)
200005bc 200005bc       60     1                 vApplicationGetIdleTaskMemory.xIdleTaskTCB
2000061c 2000061c      200     4         ./ra_gen/main.o:(.bss.vApplicationGetIdleTaskMemory.uxIdleTaskStack)
2000061c 2000061c      200     1                 vApplicationGetIdleTaskMemory.uxIdleTaskStack
2000081c 2000081c       60     4         ./ra_gen/main.o:(.bss.vApplicationGetTimerTaskMemory.xTimerTaskTCB)
2000081c 2000081c       60     1                 vApplicationGetTimerTaskMemory.xTimerTaskTCB
2000087c 2000087c      200     4         ./ra_gen/main.o:(.bss.vApplicationGetTimerTaskMemory.uxTimerTaskStack)
2000087c 2000087c      200     1                 vApplicationGetTimerTaskMemory.uxTimerTaskStack
20000a7c 20000a7c       60     4         ./ra_gen/spi_slv_thread.o:(.bss.spi_slv_thread_memory)
20000a7c 20000a7c       60     1                 spi_slv_thread_memory
20000adc 20000adc        4     4         ./ra_gen/spi_slv_thread.o:(.bss.spi_slv_thread)
20000adc 20000adc        4     1                 spi_slv_thread
20000ae0 20000ae0        4     4         ./ra/fsp/src/rm_freertos_port/port.o:(.bss.uxCriticalNesting)
20000ae0 20000ae0        4     1                 uxCriticalNesting
20000ae4 20000ae4        4     4         ./ra/fsp/src/rm_freertos_port/port.o:(.bss.g_mask_level_before_disable)
20000ae4 20000ae4        4     1                 g_mask_level_before_disable
20000ae8 20000ae8        4     4         ./ra/fsp/src/r_spi/r_spi.o:(.bss.r_spi_write_read_common.dummy_rx)
20000ae8 20000ae8        4     1                 r_spi_write_read_common.dummy_rx
20000aec 20000aec        4     4         ./ra/fsp/src/r_spi/r_spi.o:(.bss.r_spi_write_read_common.dummy_tx)
20000aec 20000aec        4     1                 r_spi_write_read_common.dummy_tx
20000af0 20000af0       40     4         ./ra/fsp/src/bsp/mcu/all/bsp_group_irq.o:(.bss.g_bsp_group_irq_sources)
20000af0 20000af0       40     1                 g_bsp_group_irq_sources
20000b30 20000b30        4     4         ./ra/fsp/src/bsp/mcu/all/bsp_io.o:(.bss.g_protect_pfswe_counter)
20000b30 20000b30        4     1                 g_protect_pfswe_counter
20000b34 20000b34       18     4         ./ra/fsp/src/bsp/mcu/all/bsp_irq.o:(.bss.gp_renesas_isr_context)
20000b34 20000b34       18     1                 gp_renesas_isr_context
20000b4c 20000b4c        a     2         ./ra/fsp/src/bsp/mcu/all/bsp_register_protection.o:(.bss.g_protect_counters)
20000b4c 20000b4c        a     1                 g_protect_counters
20000b58 20000b58        4     4         ./ra/fsp/src/bsp/cmsis/Device/RENESAS/Source/system.o:(.bss.SystemCoreClock)
20000b58 20000b58        4     1                 SystemCoreClock
20000b5c 20000b5c       50     4         ./ra/aws/FreeRTOS/FreeRTOS/Source/queue.o:(.bss.xQueueRegistry)
20000b5c 20000b5c       50     1                 xQueueRegistry
20000bac 20000bac        4     4         ./ra/aws/FreeRTOS/FreeRTOS/Source/tasks.o:(.bss.pxCurrentTCB)
20000bac 20000bac        4     1                 pxCurrentTCB
20000bb0 20000bb0        4     4         ./ra/aws/FreeRTOS/FreeRTOS/Source/tasks.o:(.bss.uxTaskNumber)
20000bb0 20000bb0        4     1                 uxTaskNumber
20000bb4 20000bb4        4     4         ./ra/aws/FreeRTOS/FreeRTOS/Source/tasks.o:(.bss.xSchedulerRunning)
20000bb4 20000bb4        4     1                 xSchedulerRunning
20000bb8 20000bb8       14     4         ./ra/aws/FreeRTOS/FreeRTOS/Source/tasks.o:(.bss.xTasksWaitingTermination)
20000bb8 20000bb8       14     1                 xTasksWaitingTermination
20000bcc 20000bcc        4     4         ./ra/aws/FreeRTOS/FreeRTOS/Source/tasks.o:(.bss.uxDeletedTasksWaitingCleanUp)
20000bcc 20000bcc        4     1                 uxDeletedTasksWaitingCleanUp
20000bd0 20000bd0        4     4         ./ra/aws/FreeRTOS/FreeRTOS/Source/tasks.o:(.bss.uxCurrentNumberOfTasks)
20000bd0 20000bd0        4     1                 uxCurrentNumberOfTasks
20000bd4 20000bd4        4     4         ./ra/aws/FreeRTOS/FreeRTOS/Source/tasks.o:(.bss.uxSchedulerSuspended)
20000bd4 20000bd4        4     1                 uxSchedulerSuspended
20000bd8 20000bd8        4     4         ./ra/aws/FreeRTOS/FreeRTOS/Source/tasks.o:(.bss.xTickCount)
20000bd8 20000bd8        4     1                 xTickCount
20000bdc 20000bdc       64     4         ./ra/aws/FreeRTOS/FreeRTOS/Source/tasks.o:(.bss.pxReadyTasksLists)
20000bdc 20000bdc       64     1                 pxReadyTasksLists
20000c40 20000c40        4     4         ./ra/aws/FreeRTOS/FreeRTOS/Source/tasks.o:(.bss.uxTopReadyPriority)
20000c40 20000c40        4     1                 uxTopReadyPriority
20000c44 20000c44       14     4         ./ra/aws/FreeRTOS/FreeRTOS/Source/tasks.o:(.bss.xSuspendedTaskList)
20000c44 20000c44       14     1                 xSuspendedTaskList
20000c58 20000c58        4     4         ./ra/aws/FreeRTOS/FreeRTOS/Source/tasks.o:(.bss.xYieldPendings)
20000c58 20000c58        4     1                 xYieldPendings
20000c5c 20000c5c       14     4         ./ra/aws/FreeRTOS/FreeRTOS/Source/tasks.o:(.bss.xPendingReadyList)
20000c5c 20000c5c       14     1                 xPendingReadyList
20000c70 20000c70        4     4         ./ra/aws/FreeRTOS/FreeRTOS/Source/tasks.o:(.bss.xNextTaskUnblockTime)
20000c70 20000c70        4     1                 xNextTaskUnblockTime
20000c74 20000c74        4     4         ./ra/aws/FreeRTOS/FreeRTOS/Source/tasks.o:(.bss.xIdleTaskHandles.0)
20000c74 20000c74        4     1                 xIdleTaskHandles.0
20000c78 20000c78        4     4         ./ra/aws/FreeRTOS/FreeRTOS/Source/tasks.o:(.bss.xPendedTicks)
20000c78 20000c78        4     1                 xPendedTicks
20000c7c 20000c7c        4     4         ./ra/aws/FreeRTOS/FreeRTOS/Source/tasks.o:(.bss.pxDelayedTaskList)
20000c7c 20000c7c        4     1                 pxDelayedTaskList
20000c80 20000c80        4     4         ./ra/aws/FreeRTOS/FreeRTOS/Source/tasks.o:(.bss.pxOverflowDelayedTaskList)
20000c80 20000c80        4     1                 pxOverflowDelayedTaskList
20000c84 20000c84        4     4         ./ra/aws/FreeRTOS/FreeRTOS/Source/tasks.o:(.bss.xNumOfOverflows)
20000c84 20000c84        4     1                 xNumOfOverflows
20000c88 20000c88       14     4         ./ra/aws/FreeRTOS/FreeRTOS/Source/tasks.o:(.bss.xDelayedTaskList1)
20000c88 20000c88       14     1                 xDelayedTaskList1
20000c9c 20000c9c       14     4         ./ra/aws/FreeRTOS/FreeRTOS/Source/tasks.o:(.bss.xDelayedTaskList2)
20000c9c 20000c9c       14     1                 xDelayedTaskList2
20000cb0 20000cb0        4     4         ./ra/aws/FreeRTOS/FreeRTOS/Source/timers.o:(.bss.xTimerQueue)
20000cb0 20000cb0        4     1                 xTimerQueue
20000cb4 20000cb4        4     4         ./ra/aws/FreeRTOS/FreeRTOS/Source/timers.o:(.bss.xTimerTaskHandle)
20000cb4 20000cb4        4     1                 xTimerTaskHandle
20000cb8 20000cb8        4     4         ./ra/aws/FreeRTOS/FreeRTOS/Source/timers.o:(.bss.pxCurrentTimerList)
20000cb8 20000cb8        4     1                 pxCurrentTimerList
20000cbc 20000cbc        4     4         ./ra/aws/FreeRTOS/FreeRTOS/Source/timers.o:(.bss.pxOverflowTimerList)
20000cbc 20000cbc        4     1                 pxOverflowTimerList
20000cc0 20000cc0        4     4         ./ra/aws/FreeRTOS/FreeRTOS/Source/timers.o:(.bss.prvSampleTimeNow.xLastTime)
20000cc0 20000cc0        4     1                 prvSampleTimeNow.xLastTime
20000cc4 20000cc4       14     4         ./ra/aws/FreeRTOS/FreeRTOS/Source/timers.o:(.bss.xActiveTimerList1)
20000cc4 20000cc4       14     1                 xActiveTimerList1
20000cd8 20000cd8       14     4         ./ra/aws/FreeRTOS/FreeRTOS/Source/timers.o:(.bss.xActiveTimerList2)
20000cd8 20000cd8       14     1                 xActiveTimerList2
20000cec 20000cec       48     4         ./ra/aws/FreeRTOS/FreeRTOS/Source/timers.o:(.bss.prvCheckForValidListAndQueue.xStaticTimerQueue)
20000cec 20000cec       48     1                 prvCheckForValidListAndQueue.xStaticTimerQueue
20000d34 20000d34       78     1         ./ra/aws/FreeRTOS/FreeRTOS/Source/timers.o:(.bss.prvCheckForValidListAndQueue.ucStaticTimerQueueStorage)
20000d34 20000d34       78     1                 prvCheckForValidListAndQueue.ucStaticTimerQueueStorage
20000dac 20000dac        4     4         C:\Renesas\e2_studio\toolchains\llvm_arm\ATfE-21.1.1-Windows-x86_64\bin\..\lib\clang-runtimes/arm-none-eabi/armv8m.main_hard_fp_exn_rtti_unaligned_size\lib\libc.a(libc_picolib_machine_arm_tls.c.o):(.bss.__tls)
20000dac 20000dac        4     1                 __tls
20000db0 20000db0        0     1         __ram_zero$$Limit = .
20000db0 20000db0        0     1 __ram_tdata$$
20000db0 20000db0        0     1         __ram_tdata$$Base = .
20000db0 20000db0        0     1         __ram_tdata$$Load = LOADADDR(__ram_tdata$$)
20000db0 20000db0        0     1         __ram_tdata$$Limit = .
20000db0 20000db0        0     1 __ram_tbss$$
20000db0 20000db0        0     1         __ram_tbss$$Base = .
20000db0 20000db0        0     1         __ram_tbss$$Limit = .
20000db0 20000db0      c00     8 __ram_thread_stack$$
20000db0 20000db0        0     1         __ram_thread_stack$$Base = .
20000db0 20000db0      400     8         ./ra_gen/led1_thread.o:(.stack.led1_thread)
20000db0 20000db0      400     1                 led1_thread_stack
200011b0 200011b0      400     8         ./ra_gen/led2_thread.o:(.stack.led2_thread)
200011b0 200011b0      400     1                 led2_thread_stack
200015b0 200015b0      400     8         ./ra_gen/spi_slv_thread.o:(.stack.spi_slv_thread)
200015b0 200015b0      400     1                 spi_slv_thread_stack
200019b0 200019b0        0     1         __ram_thread_stack$$Limit = .
20001c00 20001c00        0     1 .ram.endof
20001c00 20001c00        0     1         __ddsc_RAM_END = .
20001c00 20001c00        0     1 .ram.flat_nsc
20001c00 20001c00        0     1         __ddsc_RAM_NSC = .
      58       58     416a     4 __flash_readonly$$
      58       58        0     1         __flash_readonly$$Base = .
      58       58       1c     2         ./src/ext_irq.o:(.text.g_irq9_callback)
      58       58        0     1                 $t
      59       59       1c     1                 g_irq9_callback
      74       74       1a     2         ./src/hal_warmstart.o:(.text.R_BSP_WarmStart)
      74       74        0     1                 $t
      75       75       1a     1                 R_BSP_WarmStart
      90       90       ba     4         ./src/led1_thread_entry.o:(.text.led1_thread_entry)
      90       90        0     1                 $t
      91       91       ba     1                 led1_thread_entry
     14c      14c       e6     4         ./src/led2_thread_entry.o:(.text.led2_thread_entry)
     14c      14c        0     1                 $t
     14d      14d       e6     1                 led2_thread_entry
     234      234       54     4         ./src/spi_slv_thread_entry.o:(.text.spi_slv_thread_entry)
     234      234        0     1                 $t
     235      235       54     1                 spi_slv_thread_entry
     288      288       3a     2         ./src/spi_slv_thread_entry.o:(.text.spi1_callback)
     288      288        0     1                 $t
     289      289       3a     1                 spi1_callback
     2c2      2c2       20     2         ./src/timer.o:(.text.g_timer0_callback)
     2c2      2c2        0     1                 $t
     2c3      2c3       20     1                 g_timer0_callback
     2e2      2e2        2     2         ./ra_gen/common_data.o:(.text.g_common_init)
     2e2      2e2        0     1                 $t
     2e3      2e3        2     1                 g_common_init
     2e4      2e4        4     2         ./ra_gen/hal_data.o:(.text.g_hal_init)
     2e4      2e4        0     1                 $t
     2e5      2e5        4     1                 g_hal_init
     2e8      2e8       6a     2         ./ra_gen/led1_thread.o:(.text.led1_thread_create)
     2e8      2e8        0     1                 $t
     2e9      2e9       6a     1                 led1_thread_create
     352      352       12     2         ./ra_gen/led1_thread.o:(.text.led1_thread_func)
     352      352        0     1                 $t
     353      353       12     1                 led1_thread_func
     364      364       6a     2         ./ra_gen/led2_thread.o:(.text.led2_thread_create)
     364      364        0     1                 $t
     365      365       6a     1                 led2_thread_create
     3ce      3ce       12     2         ./ra_gen/led2_thread.o:(.text.led2_thread_func)
     3ce      3ce        0     1                 $t
     3cf      3cf       12     1                 led2_thread_func
     3e0      3e0        4     2         ./ra_gen/main.o:(.text.rtos_startup_err_callback_internal)
     3e0      3e0        0     1                 $t
     3e1      3e1        4     1                 rtos_startup_err_callback_internal
     3e1      3e1        4     1                 rtos_startup_err_callback
     3e4      3e4       62     4         ./ra_gen/main.o:(.text.rtos_startup_common_init)
     3e4      3e4        0     1                 $t
     3e5      3e5       62     1                 rtos_startup_common_init
     446      446       52     2         ./ra_gen/main.o:(.text.main)
     446      446        0     1                 $t
     447      447       52     1                 main
     498      498       1a     2         ./ra_gen/main.o:(.text.vApplicationGetIdleTaskMemory)
     498      498        0     1                 $t
     499      499       1a     1                 vApplicationGetIdleTaskMemory
     4b2      4b2       1a     2         ./ra_gen/main.o:(.text.vApplicationGetTimerTaskMemory)
     4b2      4b2        0     1                 $t
     4b3      4b3       1a     1                 vApplicationGetTimerTaskMemory
     4cc      4cc       6a     2         ./ra_gen/spi_slv_thread.o:(.text.spi_slv_thread_create)
     4cc      4cc        0     1                 $t
     4cd      4cd       6a     1                 spi_slv_thread_create
     536      536       12     2         ./ra_gen/spi_slv_thread.o:(.text.spi_slv_thread_func)
     536      536        0     1                 $t
     537      537       12     1                 spi_slv_thread_func
     548      548       18     4         ./ra/fsp/src/rm_freertos_port/port.o:(.text.SVC_Handler)
     548      548        0     1                 $t
     549      549       12     1                 SVC_Handler
     55c      55c        0     1                 $d
     560      560       44     4         ./ra/fsp/src/rm_freertos_port/port.o:(.text.PendSV_Handler)
     560      560        0     1                 $t
     561      561       40     1                 PendSV_Handler
     5a0      5a0        0     1                 $d
     5a4      5a4       24     4         ./ra/fsp/src/rm_freertos_port/port.o:(.text.rm_freertos_port_restore_task_stackless)
     5a4      5a4        0     1                 $t
     5a5      5a5       20     1                 rm_freertos_port_restore_task_stackless
     5be      5be        0     1                 _skip_restore_ns_context
     5c4      5c4        0     1                 $d
     5c8      5c8       26     2         ./ra/fsp/src/rm_freertos_port/port.o:(.text.SysTick_Handler)
     5c8      5c8        0     1                 $t
     5c9      5c9       26     1                 SysTick_Handler
     5ee      5ee       36     2         ./ra/fsp/src/rm_freertos_port/port.o:(.text.vPortSVCHandler_C)
     5ee      5ee        0     1                 $t
     5ef      5ef       36     1                 vPortSVCHandler_C
     624      624       28     2         ./ra/fsp/src/rm_freertos_port/port.o:(.text.pxPortInitialiseStack)
     624      624        0     1                 $t
     625      625       28     1                 pxPortInitialiseStack
     64c      64c        6     4         ./ra/fsp/src/rm_freertos_port/port.o:(.text.prvTaskExitError)
     64c      64c        0     1                 $t
     64d      64d        6     1                 prvTaskExitError
     654      654       3c     4         ./ra/fsp/src/rm_freertos_port/port.o:(.text.xPortStartScheduler)
     654      654        0     1                 $t
     655      655       3c     1                 xPortStartScheduler
     690      690       46     2         ./ra/fsp/src/rm_freertos_port/port.o:(.text.vPortSetupTimerInterrupt)
     690      690        0     1                 $t
     691      691       46     1                 vPortSetupTimerInterrupt
     6d6      6d6       56     2         ./ra/fsp/src/rm_freertos_port/port.o:(.text.vPortEnterCritical)
     6d6      6d6        0     1                 $t
     6d7      6d7       56     1                 vPortEnterCritical
     72c      72c       46     2         ./ra/fsp/src/rm_freertos_port/port.o:(.text.vPortExitCritical)
     72c      72c        0     1                 $t
     72d      72d       46     1                 vPortExitCritical
     772      772       6e     2         ./ra/fsp/src/rm_freertos_port/port.o:(.text.rm_freertos_port_sleep_preserving_lpm)
     772      772        0     1                 $t
     773      773       6e     1                 rm_freertos_port_sleep_preserving_lpm
     7e0      7e0       18     2         ./ra/fsp/src/rm_freertos_port/port.o:(.text.vApplicationIdleHook)
     7e0      7e0        0     1                 $t
     7e1      7e1       18     1                 vApplicationIdleHook
     7f8      7f8       6c     2         ./ra/fsp/src/rm_freertos_port/port.o:(.text.vPortValidateInterruptPriority)
     7f8      7f8        0     1                 $t
     7f9      7f9       6c     1                 vPortValidateInterruptPriority
     864      864      2fc     2         ./ra/fsp/src/r_spi/r_spi.o:(.text.R_SPI_Open)
     864      864        0     1                 $t
     865      865      2fc     1                 R_SPI_Open
     b60      b60        c     2         ./ra/fsp/src/r_spi/r_spi.o:(.text.R_SPI_WriteRead)
     b60      b60        0     1                 $t
     b61      b61        c     1                 R_SPI_WriteRead
     b6c      b6c      1dc     2         ./ra/fsp/src/r_spi/r_spi.o:(.text.r_spi_write_read_common)
     b6c      b6c        0     1                 $t
     b6d      b6d      1dc     1                 r_spi_write_read_common
     d48      d48       92     2         ./ra/fsp/src/r_spi/r_spi.o:(.text.spi_rxi_isr)
     d48      d48        0     1                 $t
     d49      d49       92     1                 spi_rxi_isr
     dda      dda       70     2         ./ra/fsp/src/r_spi/r_spi.o:(.text.r_spi_transmit)
     dda      dda        0     1                 $t
     ddb      ddb       70     1                 r_spi_transmit
     e4a      e4a       a2     2         ./ra/fsp/src/r_spi/r_spi.o:(.text.spi_txi_isr)
     e4a      e4a        0     1                 $t
     e4b      e4b       a2     1                 spi_txi_isr
     eec      eec       d4     2         ./ra/fsp/src/r_spi/r_spi.o:(.text.spi_tei_isr)
     eec      eec        0     1                 $t
     eed      eed       d4     1                 spi_tei_isr
     fc0      fc0       3e     2         ./ra/fsp/src/r_spi/r_spi.o:(.text.r_spi_call_callback)
     fc0      fc0        0     1                 $t
     fc1      fc1       3e     1                 r_spi_call_callback
     ffe      ffe       da     2         ./ra/fsp/src/r_spi/r_spi.o:(.text.spi_eri_isr)
     ffe      ffe        0     1                 $t
     fff      fff       da     1                 spi_eri_isr
    10d8     10d8       16     2         ./ra/fsp/src/r_ioport/r_ioport.o:(.text.R_IOPORT_Open)
    10d8     10d8        0     1                 $t
    10d9     10d9       16     1                 R_IOPORT_Open
    10f0     10f0       be     4         ./ra/fsp/src/r_ioport/r_ioport.o:(.text.r_ioport_pins_config)
    10f0     10f0        0     1                 $t
    10f1     10f1       be     1                 r_ioport_pins_config
    11b0     11b0       7c     4         ./ra/fsp/src/r_ioport/r_ioport.o:(.text.bsp_vbatt_init)
    11b0     11b0        0     1                 $t
    11b1     11b1       7c     1                 bsp_vbatt_init
    122c     122c       80     2         ./ra/fsp/src/r_icu/r_icu.o:(.text.R_ICU_ExternalIrqOpen)
    122c     122c        0     1                 $t
    122d     122d       80     1                 R_ICU_ExternalIrqOpen
    12ac     12ac       44     2         ./ra/fsp/src/r_icu/r_icu.o:(.text.R_ICU_ExternalIrqEnable)
    12ac     12ac        0     1                 $t
    12ad     12ad       44     1                 R_ICU_ExternalIrqEnable
    12f0     12f0       74     2         ./ra/fsp/src/r_icu/r_icu.o:(.text.r_icu_isr)
    12f0     12f0        0     1                 $t
    12f1     12f1       74     1                 r_icu_isr
    1364     1364      358     4         ./ra/fsp/src/r_gpt/r_gpt.o:(.text.R_GPT_Open)
    1364     1364        0     1                 $t
    1365     1365      358     1                 R_GPT_Open
    16bc     16bc        a     2         ./ra/fsp/src/r_gpt/r_gpt.o:(.text.R_GPT_Start)
    16bc     16bc        0     1                 $t
    16bd     16bd        a     1                 R_GPT_Start
    16c6     16c6        a     2         ./ra/fsp/src/r_gpt/r_gpt.o:(.text.R_GPT_Stop)
    16c6     16c6        0     1                 $t
    16c7     16c7        a     1                 R_GPT_Stop
    16d0     16d0       1a     2         ./ra/fsp/src/r_gpt/r_gpt.o:(.text.R_GPT_PeriodSet)
    16d0     16d0        0     1                 $t
    16d1     16d1       1a     1                 R_GPT_PeriodSet
    16ea     16ea      1c8     2         ./ra/fsp/src/r_gpt/r_gpt.o:(.text.gpt_counter_overflow_isr)
    16ea     16ea        0     1                 $t
    16eb     16eb      1c8     1                 gpt_counter_overflow_isr
    18b2     18b2       2c     2         ./ra/fsp/src/bsp/mcu/all/bsp_clocks.o:(.text.SystemCoreClockUpdate)
    18b2     18b2        0     1                 $t
    18b3     18b3       2c     1                 SystemCoreClockUpdate
    18e0     18e0      114     4         ./ra/fsp/src/bsp/mcu/all/bsp_clocks.o:(.text.bsp_clock_init)
    18e0     18e0        0     1                 $t
    18e1     18e1      114     1                 bsp_clock_init
    19f4     19f4        2     2         ./ra/fsp/src/bsp/mcu/all/bsp_clocks.o:(.text.R_BSP_SubClockStabilizeWaitAfterReset)
    19f4     19f4        0     1                 $t
    19f5     19f5        2     1                 R_BSP_SubClockStabilizeWaitAfterReset
    19f8     19f8       68     4         ./ra/fsp/src/bsp/mcu/all/bsp_clocks.o:(.text.R_BSP_Init_RTC)
    19f8     19f8        0     1                 $t
    19f9     19f9       68     1                 R_BSP_Init_RTC
    1a60     1a60        6     4         ./ra/fsp/src/bsp/mcu/all/bsp_common.o:(.text.__assert_func)
    1a60     1a60        0     1                 $t
    1a61     1a61        6     1                 __assert_func
    1a66     1a66       84     2         ./ra/fsp/src/bsp/mcu/all/bsp_delay.o:(.text.R_BSP_SoftwareDelay)
    1a66     1a66        0     1                 $t
    1a67     1a67       84     1                 R_BSP_SoftwareDelay
    1aea     1aea        8     2         ./ra/fsp/src/bsp/mcu/all/bsp_delay.o:(.text.bsp_prv_software_delay_loop)
    1aea     1aea        0     1                 sw_delay_loop
    1aea     1aea        0     1                 $t
    1aeb     1aeb        8     1                 bsp_prv_software_delay_loop
    1af4     1af4       44     4         ./ra/fsp/src/bsp/mcu/all/bsp_group_irq.o:(.text.NMI_Handler)
    1af4     1af4        0     1                 $t
    1af5     1af5       44     1                 NMI_Handler
    1b38     1b38       88     4         ./ra/fsp/src/bsp/mcu/all/bsp_irq.o:(.text.bsp_irq_cfg)
    1b38     1b38        0     1                 $t
    1b39     1b39       88     1                 bsp_irq_cfg
    1bc0     1bc0       52     2         ./ra/fsp/src/bsp/mcu/all/bsp_register_protection.o:(.text.R_BSP_RegisterProtectEnable)
    1bc0     1bc0        0     1                 $t
    1bc1     1bc1       52     1                 R_BSP_RegisterProtectEnable
    1c12     1c12       4e     2         ./ra/fsp/src/bsp/mcu/all/bsp_register_protection.o:(.text.R_BSP_RegisterProtectDisable)
    1c12     1c12        0     1                 $t
    1c13     1c13       4e     1                 R_BSP_RegisterProtectDisable
    1c60     1c60        a     4         ./ra/fsp/src/bsp/cmsis/Device/RENESAS/Source/startup.o:(.text.Reset_Handler)
    1c60     1c60        0     1                 $t
    1c61     1c61        a     1                 Reset_Handler
    1c6a     1c6a        4     2         ./ra/fsp/src/bsp/cmsis/Device/RENESAS/Source/startup.o:(.text.Default_Handler)
    1c6a     1c6a        0     1                 $t
    1c6b     1c6b        4     1                 Default_Handler
    1c6b     1c6b        4     1                 HardFault_Handler
    1c6b     1c6b        4     1                 MemManage_Handler
    1c6b     1c6b        4     1                 BusFault_Handler
    1c6b     1c6b        4     1                 UsageFault_Handler
    1c6b     1c6b        4     1                 SecureFault_Handler
    1c6b     1c6b        4     1                 DebugMon_Handler
    1c70     1c70       e0     4         ./ra/fsp/src/bsp/cmsis/Device/RENESAS/Source/system.o:(.text.SystemInit)
    1c70     1c70        0     1                 $t
    1c71     1c71       e0     1                 SystemInit
    1d50     1d50       5a     4         ./ra/fsp/src/bsp/cmsis/Device/RENESAS/Source/system.o:(.text.SystemRuntimeInit)
    1d50     1d50        0     1                 $t
    1d51     1d51       5a     1                 SystemRuntimeInit
    1daa     1daa        2     2         ./ra/board/ra6e2_fpb/board_init.o:(.text.bsp_init)
    1daa     1daa        0     1                 $t
    1dab     1dab        2     1                 bsp_init
    1dac     1dac       16     2         ./ra/aws/FreeRTOS/FreeRTOS/Source/list.o:(.text.vListInitialise)
    1dac     1dac        0     1                 $t
    1dad     1dad       16     1                 vListInitialise
    1dc2     1dc2        6     2         ./ra/aws/FreeRTOS/FreeRTOS/Source/list.o:(.text.vListInitialiseItem)
    1dc2     1dc2        0     1                 $t
    1dc3     1dc3        6     1                 vListInitialiseItem
    1dc8     1dc8       3a     4         ./ra/aws/FreeRTOS/FreeRTOS/Source/list.o:(.text.vListInsert)
    1dc8     1dc8        0     1                 $t
    1dc9     1dc9       3a     1                 vListInsert
    1e02     1e02       22     2         ./ra/aws/FreeRTOS/FreeRTOS/Source/list.o:(.text.uxListRemove)
    1e02     1e02        0     1                 $t
    1e03     1e03       22     1                 uxListRemove
    1e24     1e24       be     2         ./ra/aws/FreeRTOS/FreeRTOS/Source/queue.o:(.text.xQueueGenericReset)
    1e24     1e24        0     1                 $t
    1e25     1e25       be     1                 xQueueGenericReset
    1ee2     1ee2       98     2         ./ra/aws/FreeRTOS/FreeRTOS/Source/queue.o:(.text.xQueueGenericCreateStatic)
    1ee2     1ee2        0     1                 $t
    1ee3     1ee3       98     1                 xQueueGenericCreateStatic
    1f7a     1f7a       40     2         ./ra/aws/FreeRTOS/FreeRTOS/Source/queue.o:(.text.xQueueCreateCountingSemaphoreStatic)
    1f7a     1f7a        0     1                 $t
    1f7b     1f7b       40     1                 xQueueCreateCountingSemaphoreStatic
    1fbc     1fbc      1c8     4         ./ra/aws/FreeRTOS/FreeRTOS/Source/queue.o:(.text.xQueueGenericSend)
    1fbc     1fbc        0     1                 $t
    1fbd     1fbd      1c8     1                 xQueueGenericSend
    2184     2184       62     2         ./ra/aws/FreeRTOS/FreeRTOS/Source/queue.o:(.text.prvCopyDataToQueue)
    2184     2184        0     1                 $t
    2185     2185       62     1                 prvCopyDataToQueue
    21e8     21e8       72     4         ./ra/aws/FreeRTOS/FreeRTOS/Source/queue.o:(.text.prvUnlockQueue)
    21e8     21e8        0     1                 $t
    21e9     21e9       72     1                 prvUnlockQueue
    225c     225c      1b2     4         ./ra/aws/FreeRTOS/FreeRTOS/Source/queue.o:(.text.xQueueReceive)
    225c     225c        0     1                 $t
    225d     225d      1b2     1                 xQueueReceive
    2410     2410      18a     4         ./ra/aws/FreeRTOS/FreeRTOS/Source/queue.o:(.text.xQueueSemaphoreTake)
    2410     2410        0     1                 $t
    2411     2411      18a     1                 xQueueSemaphoreTake
    259c     259c       66     4         ./ra/aws/FreeRTOS/FreeRTOS/Source/queue.o:(.text.vQueueAddToRegistry)
    259c     259c        0     1                 $t
    259d     259d       66     1                 vQueueAddToRegistry
    2602     2602       46     2         ./ra/aws/FreeRTOS/FreeRTOS/Source/queue.o:(.text.vQueueWaitForMessageRestricted)
    2602     2602        0     1                 $t
    2603     2603       46     1                 vQueueWaitForMessageRestricted
    2648     2648      246     4         ./ra/aws/FreeRTOS/FreeRTOS/Source/tasks.o:(.text.xTaskCreateStatic)
    2648     2648        0     1                 $t
    2649     2649      246     1                 xTaskCreateStatic
    288e     288e       10     2         ./ra/aws/FreeRTOS/FreeRTOS/Source/tasks.o:(.text.vTaskSuspendAll)
    288e     288e        0     1                 $t
    288f     288f       10     1                 vTaskSuspendAll
    289e     289e       a4     2         ./ra/aws/FreeRTOS/FreeRTOS/Source/tasks.o:(.text.prvAddCurrentTaskToDelayedList)
    289e     289e        0     1                 $t
    289f     289f       a4     1                 prvAddCurrentTaskToDelayedList
    2944     2944      190     4         ./ra/aws/FreeRTOS/FreeRTOS/Source/tasks.o:(.text.xTaskResumeAll)
    2944     2944        0     1                 $t
    2945     2945      190     1                 xTaskResumeAll
    2ad4     2ad4       9e     4         ./ra/aws/FreeRTOS/FreeRTOS/Source/tasks.o:(.text.vTaskSwitchContext)
    2ad4     2ad4        0     1                 $t
    2ad5     2ad5       9e     1                 vTaskSwitchContext
    2b72     2b72       b2     2         ./ra/aws/FreeRTOS/FreeRTOS/Source/tasks.o:(.text.vTaskStartScheduler)
    2b72     2b72        0     1                 $t
    2b73     2b73       b2     1                 vTaskStartScheduler
    2c24     2c24       46     4         ./ra/aws/FreeRTOS/FreeRTOS/Source/tasks.o:(.text.prvCheckTasksWaitingTermination)
    2c24     2c24        0     1                 $t
    2c25     2c25       46     1                 prvCheckTasksWaitingTermination
    2c6c     2c6c      1ac     4         ./ra/aws/FreeRTOS/FreeRTOS/Source/tasks.o:(.text.xTaskIncrementTick)
    2c6c     2c6c        0     1                 $t
    2c6d     2c6d      1ac     1                 xTaskIncrementTick
    2e18     2e18        c     2         ./ra/aws/FreeRTOS/FreeRTOS/Source/tasks.o:(.text.xTaskGetTickCount)
    2e18     2e18        0     1                 $t
    2e19     2e19        c     1                 xTaskGetTickCount
    2e24     2e24       42     2         ./ra/aws/FreeRTOS/FreeRTOS/Source/tasks.o:(.text.vTaskPlaceOnEventList)
    2e24     2e24        0     1                 $t
    2e25     2e25       42     1                 vTaskPlaceOnEventList
    2e66     2e66       7a     2         ./ra/aws/FreeRTOS/FreeRTOS/Source/tasks.o:(.text.vTaskPlaceOnEventListRestricted)
    2e66     2e66        0     1                 $t
    2e67     2e67       7a     1                 vTaskPlaceOnEventListRestricted
    2ee0     2ee0      10c     2         ./ra/aws/FreeRTOS/FreeRTOS/Source/tasks.o:(.text.xTaskRemoveFromEventList)
    2ee0     2ee0        0     1                 $t
    2ee1     2ee1      10c     1                 xTaskRemoveFromEventList
    2fec     2fec       1a     2         ./ra/aws/FreeRTOS/FreeRTOS/Source/tasks.o:(.text.vTaskInternalSetTimeOutState)
    2fec     2fec        0     1                 $t
    2fed     2fed       1a     1                 vTaskInternalSetTimeOutState
    3006     3006       a0     2         ./ra/aws/FreeRTOS/FreeRTOS/Source/tasks.o:(.text.xTaskCheckForTimeOut)
    3006     3006        0     1                 $t
    3007     3007       a0     1                 xTaskCheckForTimeOut
    30a6     30a6        e     2         ./ra/aws/FreeRTOS/FreeRTOS/Source/tasks.o:(.text.vTaskMissedYield)
    30a6     30a6        0     1                 $t
    30a7     30a7        e     1                 vTaskMissedYield
    30b4     30b4        c     2         ./ra/aws/FreeRTOS/FreeRTOS/Source/tasks.o:(.text.xTaskGetCurrentTaskHandle)
    30b4     30b4        0     1                 $t
    30b5     30b5        c     1                 xTaskGetCurrentTaskHandle
    30c0     30c0       26     2         ./ra/aws/FreeRTOS/FreeRTOS/Source/tasks.o:(.text.xTaskGetSchedulerState)
    30c0     30c0        0     1                 $t
    30c1     30c1       26     1                 xTaskGetSchedulerState
    30e6     30e6       b0     2         ./ra/aws/FreeRTOS/FreeRTOS/Source/tasks.o:(.text.ulTaskGenericNotifyTake)
    30e6     30e6        0     1                 $t
    30e7     30e7       b0     1                 ulTaskGenericNotifyTake
    3196     3196      164     2         ./ra/aws/FreeRTOS/FreeRTOS/Source/tasks.o:(.text.vTaskGenericNotifyGiveFromISR)
    3196     3196        0     1                 $t
    3197     3197      164     1                 vTaskGenericNotifyGiveFromISR
    32fc     32fc       2e     4         ./ra/aws/FreeRTOS/FreeRTOS/Source/tasks.o:(.text.prvIdleTask)
    32fc     32fc        0     1                 $t
    32fd     32fd       2e     1                 prvIdleTask
    332a     332a       7e     2         ./ra/aws/FreeRTOS/FreeRTOS/Source/timers.o:(.text.xTimerCreateTimerTask)
    332a     332a        0     1                 $t
    332b     332b       7e     1                 xTimerCreateTimerTask
    33a8     33a8       7a     2         ./ra/aws/FreeRTOS/FreeRTOS/Source/timers.o:(.text.prvCheckForValidListAndQueue)
    33a8     33a8        0     1                 $t
    33a9     33a9       7a     1                 prvCheckForValidListAndQueue
    3424     3424      180     4         ./ra/aws/FreeRTOS/FreeRTOS/Source/timers.o:(.text.prvTimerTask)
    3424     3424        0     1                 $t
    3425     3425      180     1                 prvTimerTask
    3506     3506        0     1                 $d
    3510     3510        0     1                 $t
    35a4     35a4       56     4         ./ra/aws/FreeRTOS/FreeRTOS/Source/timers.o:(.text.prvSampleTimeNow)
    35a4     35a4        0     1                 $t
    35a5     35a5       56     1                 prvSampleTimeNow
    35fa     35fa       40     2         ./ra/aws/FreeRTOS/FreeRTOS/Source/timers.o:(.text.prvProcessExpiredTimer)
    35fa     35fa        0     1                 $t
    35fb     35fb       40     1                 prvProcessExpiredTimer
    363c     363c       2e     4         ./ra/aws/FreeRTOS/FreeRTOS/Source/timers.o:(.text.prvReloadTimer)
    363c     363c        0     1                 $t
    363d     363d       2e     1                 prvReloadTimer
    366a     366a       40     2         ./ra/aws/FreeRTOS/FreeRTOS/Source/timers.o:(.text.prvInsertTimerInActiveList)
    366a     366a        0     1                 $t
    366b     366b       40     1                 prvInsertTimerInActiveList
    36aa     36aa        8     2         C:\Renesas\e2_studio\toolchains\llvm_arm\ATfE-21.1.1-Windows-x86_64\bin\..\lib\clang-runtimes/arm-none-eabi/armv8m.main_hard_fp_exn_rtti_unaligned_size\lib\libc.a(bzero.c.o):(.text.bzero)
    36aa     36aa        0     1                 $t
    36ab     36ab        8     1                 bzero
    36ab     36ab        8     1                 __aeabi_memclr4
    36ab     36ab        8     1                 __aeabi_memclr8
    36ab     36ab        8     1                 __aeabi_memclr
    36b2     36b2       12     2         C:\Renesas\e2_studio\toolchains\llvm_arm\ATfE-21.1.1-Windows-x86_64\bin\..\lib\clang-runtimes/arm-none-eabi/armv8m.main_hard_fp_exn_rtti_unaligned_size\lib\libc.a(memcpy.c.o):(.text.memcpy)
    36b2     36b2        0     1                 $t
    36b3     36b3       12     1                 memcpy
    36b3     36b3       12     1                 __aeabi_memcpy4
    36b3     36b3       12     1                 __aeabi_memcpy8
    36b3     36b3       12     1                 __aeabi_memcpy
    36c4     36c4        e     2         C:\Renesas\e2_studio\toolchains\llvm_arm\ATfE-21.1.1-Windows-x86_64\bin\..\lib\clang-runtimes/arm-none-eabi/armv8m.main_hard_fp_exn_rtti_unaligned_size\lib\libc.a(memset.c.o):(.text.memset)
    36c4     36c4        0     1                 $t
    36c5     36c5        e     1                 memset
    36d4     36d4       28     4         C:\Renesas\e2_studio\toolchains\llvm_arm\ATfE-21.1.1-Windows-x86_64\bin\..\lib\clang-runtimes/arm-none-eabi/armv8m.main_hard_fp_exn_rtti_unaligned_size\lib\libc.a(libc_picolib_inittls.c.o):(.text._init_tls)
    36d4     36d4        0     1                 $t
    36d5     36d5       28     1                 _init_tls
    36ec     36ec        0     1                 $d
    36fc     36fc       14     4         C:\Renesas\e2_studio\toolchains\llvm_arm\ATfE-21.1.1-Windows-x86_64\bin\..\lib\clang-runtimes/arm-none-eabi/armv8m.main_hard_fp_exn_rtti_unaligned_size\lib\libc.a(libc_picolib_machine_arm_set_tls.c.o):(.text._set_tls)
    36fc     36fc        0     1                 $t
    36fd     36fd       14     1                 _set_tls
    3708     3708        0     1                 $d
    3710     3710        1     1         ./ra_gen/common_data.o:(.rodata.g_external_irq9_ext_cfg)
    3710     3710        1     1                 g_external_irq9_ext_cfg
    3714     3714       14     4         ./ra_gen/common_data.o:(.rodata.g_external_irq9_cfg)
    3714     3714       14     1                 g_external_irq9_cfg
    3728     3728        d     1         ./ra_gen/hal_data.o:(.rodata.g_spi1_ext_cfg)
    3728     3728        d     1                 g_spi1_ext_cfg
    3738     3738       24     4         ./ra_gen/hal_data.o:(.rodata.g_spi1_cfg)
    3738     3738       24     1                 g_spi1_cfg
    375c     375c       58     4         ./ra_gen/hal_data.o:(.rodata.g_timer0_extend)
    375c     375c       58     1                 g_timer0_extend
    37b4     37b4       20     4         ./ra_gen/hal_data.o:(.rodata.g_timer0_cfg)
    37b4     37b4       20     1                 g_timer0_cfg
    37d4     37d4        4     4         ./ra_gen/led1_thread.o:(.rodata.led1_thread_parameters)
    37d4     37d4        4     1                 led1_thread_parameters
    37d8     37d8      7a0     1         <internal>:(.rodata.str1.1)
    3f78     3f78        4     4         ./ra_gen/led2_thread.o:(.rodata.led2_thread_parameters)
    3f78     3f78        4     1                 led2_thread_parameters
    3f7c     3f7c      140     4         ./ra_gen/pin_data.o:(.rodata.g_bsp_pin_cfg_data)
    3f7c     3f7c      140     1                 g_bsp_pin_cfg_data
    40bc     40bc        c     4         ./ra_gen/pin_data.o:(.rodata.g_bsp_pin_cfg)
    40bc     40bc        c     1                 g_bsp_pin_cfg
    40c8     40c8        4     4         ./ra_gen/spi_slv_thread.o:(.rodata.spi_slv_thread_parameters)
    40c8     40c8        4     1                 spi_slv_thread_parameters
    40cc     40cc        c     2         ./ra_gen/vector_data.o:(.rodata.g_interrupt_event_link_select)
    40cc     40cc        c     1                 g_interrupt_event_link_select
    40d8     40d8        6     2         ./ra/fsp/src/r_ioport/r_ioport.o:(.rodata.g_vbatt_pins_input)
    40d8     40d8        6     1                 g_vbatt_pins_input
    40e0     40e0        8     4         ./ra/fsp/src/bsp/mcu/ra6e2/bsp_linker.o:(.rodata.nocache_list)
    40e0     40e0        8     1                 nocache_list
    40e8     40e8       18     4         ./ra/fsp/src/bsp/mcu/ra6e2/bsp_linker.o:(.rodata.g_init_info)
    40e8     40e8       18     1                 g_init_info
    4100     4100       24     4         ./ra/fsp/src/bsp/mcu/ra6e2/bsp_linker.o:(.rodata.zero_list)
    4100     4100       24     1                 zero_list
    4124     4124       40     4         ./ra/fsp/src/bsp/mcu/ra6e2/bsp_linker.o:(.rodata.copy_list)
    4124     4124       40     1                 copy_list
    4164     4164        a     2         ./ra/fsp/src/bsp/mcu/all/bsp_register_protection.o:(.rodata.g_prcr_masks)
    4164     4164        a     1                 g_prcr_masks
    4170     4170        4     4         ./ra/aws/FreeRTOS/FreeRTOS/Source/tasks.o:(.rodata.uxTopUsedPriority)
    4170     4170        4     1                 uxTopUsedPriority
    4174     4174       4e     4         ./ra/fsp/src/bsp/mcu/all/bsp_common.o:(.version)
    4174     4174        4     1                 g_fsp_version
    4178     4178        6     1                 g_fsp_version_string
    417e     417e       44     1                 g_fsp_version_build_string
    41c2     41c2        0     1         __flash_readonly$$Limit = .
    41c2     41c2        0     1 __flash_preinit_array$$
    41c2     41c2        0     1         __preinit_array_start = .
    41c2     41c2        0     1         __preinit_array_end = .
    41c2     41c2        0     1 __flash_init_array$$
    41c2     41c2        0     1         __init_array_start = .
    41c2     41c2        0     1         __init_array_end = .
    41c2     41c2        0     1 __flash_fini_array$$
    41c2     41c2        0     1         __fini_array_start = .
    41c2     41c2        0     1         __fini_array_end = .
    41c2     41c2        0     1 __flash_arm.exidx$$
    41c2     41c2        0     1         __exidx_start = .
    41c2     41c2        0     1         __exidx_end = .
    4400     4400        0     1 .flash.endof
    4400     4400        0     1         __ddsc_FLASH_END = .
    4400     4400        0     1 .flash.flat_nsc
    4400     4400        0     1         __ddsc_FLASH_NSC = .
 100a100  100a100        0     1 .option_setting_ofs0.startof
 100a100  100a100        0     1         __ddsc_OPTION_SETTING_OFS0_START = .
 100a100  100a100        4     4 __option_setting_ofs0_reg$$
 100a100  100a100        0     1         __option_setting_ofs0_reg$$Base = .
 100a100  100a100        4     4         ./ra/fsp/src/bsp/mcu/ra6e2/bsp_linker.o:(.option_setting_ofs0)
 100a100  100a100        4     1                 g_bsp_cfg_option_setting_ofs0
 100a104  100a104        0     1         __option_setting_ofs0_reg$$Limit = .
 100a104  100a104        0     1 .option_setting_ofs0.endof
 100a104  100a104        0     1         __ddsc_OPTION_SETTING_OFS0_END = .
 100a120  100a120        0     1 .option_setting_osis.startof
 100a120  100a120        0     1         __ddsc_OPTION_SETTING_OSIS_START = .
 100a120  100a120        0     1 __option_setting_osis_reg$$
 100a120  100a120        0     1         __option_setting_osis_reg$$Base = .
 100a120  100a120        0     1         __option_setting_osis_reg$$Limit = .
 100a120  100a120        0     1 .option_setting_osis.endof
 100a120  100a120        0     1         __ddsc_OPTION_SETTING_OSIS_END = .
 100a200  100a200        0     1 .option_setting_ofs1_sec.startof
 100a200  100a200        0     1         __ddsc_OPTION_SETTING_OFS1_SEC_START = .
 100a200  100a200        4     4 __option_setting_ofs1_sec_reg$$
 100a200  100a200        0     1         __option_setting_ofs1_sec_reg$$Base = .
 100a200  100a200        4     4         ./ra/fsp/src/bsp/mcu/ra6e2/bsp_linker.o:(.option_setting_ofs1_sec)
 100a200  100a200        4     1                 g_bsp_cfg_option_setting_ofs1_sec
 100a204  100a204        0     1         __option_setting_ofs1_sec_reg$$Limit = .
 100a204  100a204        0     1 .option_setting_ofs1_sec.endof
 100a204  100a204        0     1         __ddsc_OPTION_SETTING_OFS1_SEC_END = .
 100a240  100a240        0     1 .option_setting_bps_sec.startof
 100a240  100a240        0     1         __ddsc_OPTION_SETTING_BPS_SEC_START = .
 100a240  100a240        0     1 __option_setting_bps_sec_reg$$
 100a240  100a240        0     1         __option_setting_bps_sec_reg$$Base = .
 100a240  100a240        0     1         __option_setting_bps_sec_reg$$Limit = .
 100a240  100a240        0     1 .option_setting_bps_sec.endof
 100a240  100a240        0     1         __ddsc_OPTION_SETTING_BPS_SEC_END = .
 100a260  100a260        0     1 .option_setting_pbps_sec.startof
 100a260  100a260        0     1         __ddsc_OPTION_SETTING_PBPS_SEC_START = .
 100a260  100a260        0     1 __option_setting_pbps_sec_reg$$
 100a260  100a260        0     1         __option_setting_pbps_sec_reg$$Base = .
 100a260  100a260        0     1         __option_setting_pbps_sec_reg$$Limit = .
 100a260  100a260        0     1 .option_setting_pbps_sec.endof
 100a260  100a260        0     1         __ddsc_OPTION_SETTING_PBPS_SEC_END = .
 100a260  100a260        0     1 PROVIDE( __tls_base = ADDR (__ram_tdata$$))
 100a260  100a260        0     1 PROVIDE( __tdata_source = LOADADDR (__ram_tdata$$))
 100a260  100a260        0     1 PROVIDE( __tdata_size = SIZEOF (__ram_tdata$$))
 100a260  100a260        0     1 PROVIDE( __tbss_offset = ADDR (__ram_tbss$$) - ADDR (__ram_tdata$$))
 100a260  100a260        0     1 PROVIDE( __tbss_size = SIZEOF (__ram_tbss$$))
 100a260  100a260        0     1 PROVIDE( __arm32_tls_tcb_offset = 8)
       0        0       3e     1 .ARM.attributes
       0        0       3e     1         C:\Renesas\e2_studio\toolchains\llvm_arm\ATfE-21.1.1-Windows-x86_64\bin\..\lib\clang-runtimes/arm-none-eabi/armv8m.main_hard_fp_exn_rtti_unaligned_size\lib\crt0.o:(.ARM.attributes)
       0        0     591e     1 .debug_loclists
       0        0       1e     1         ./src/ext_irq.o:(.debug_loclists)
      1e       1e       1e     1         ./src/hal_warmstart.o:(.debug_loclists)
      3c       3c       7c     1         ./src/led1_thread_entry.o:(.debug_loclists)
      b8       b8       7a     1         ./src/led2_thread_entry.o:(.debug_loclists)
     132      132       34     1         ./src/spi_slv_thread_entry.o:(.debug_loclists)
     166      166       1e     1         ./src/timer.o:(.debug_loclists)
     184      184       22     1         ./ra_gen/led1_thread.o:(.debug_loclists)
     1a6      1a6       22     1         ./ra_gen/led2_thread.o:(.debug_loclists)
     1c8      1c8       45     1         ./ra_gen/main.o:(.debug_loclists)
     20d      20d       22     1         ./ra_gen/spi_slv_thread.o:(.debug_loclists)
     22f      22f      164     1         ./ra/fsp/src/rm_freertos_port/port.o:(.debug_loclists)
     393      393      698     1         ./ra/fsp/src/r_spi/r_spi.o:(.debug_loclists)
     a2b      a2b      4d3     1         ./ra/fsp/src/r_ioport/r_ioport.o:(.debug_loclists)
     efe      efe      166     1         ./ra/fsp/src/r_icu/r_icu.o:(.debug_loclists)
    1064     1064      7e0     1         ./ra/fsp/src/r_gpt/r_gpt.o:(.debug_loclists)
    1844     1844      18c     1         ./ra/fsp/src/bsp/mcu/all/bsp_clocks.o:(.debug_loclists)
    19d0     19d0       1d     1         ./ra/fsp/src/bsp/mcu/all/bsp_common.o:(.debug_loclists)
    19ed     19ed      10e     1         ./ra/fsp/src/bsp/mcu/all/bsp_delay.o:(.debug_loclists)
    1afb     1afb       35     1         ./ra/fsp/src/bsp/mcu/all/bsp_group_irq.o:(.debug_loclists)
    1b30     1b30       48     1         ./ra/fsp/src/bsp/mcu/all/bsp_irq.o:(.debug_loclists)
    1b78     1b78       44     1         ./ra/fsp/src/bsp/mcu/all/bsp_register_protection.o:(.debug_loclists)
    1bbc     1bbc       1e     1         ./ra/fsp/src/bsp/mcu/all/bsp_sbrk.o:(.debug_loclists)
    1bda     1bda       60     1         ./ra/fsp/src/bsp/cmsis/Device/RENESAS/Source/system.o:(.debug_loclists)
    1c3a     1c3a      5e8     1         ./ra/aws/FreeRTOS/FreeRTOS/Source/event_groups.o:(.debug_loclists)
    2222     2222       7d     1         ./ra/aws/FreeRTOS/FreeRTOS/Source/list.o:(.debug_loclists)
    229f     229f      da5     1         ./ra/aws/FreeRTOS/FreeRTOS/Source/queue.o:(.debug_loclists)
    3044     3044      efb     1         ./ra/aws/FreeRTOS/FreeRTOS/Source/stream_buffer.o:(.debug_loclists)
    3f3f     3f3f     12c7     1         ./ra/aws/FreeRTOS/FreeRTOS/Source/tasks.o:(.debug_loclists)
    5206     5206      718     1         ./ra/aws/FreeRTOS/FreeRTOS/Source/timers.o:(.debug_loclists)
       0        0     4031     1 .debug_abbrev
       0        0       90     1         ./src/ext_irq.o:(.debug_abbrev)
      90       90       2f     1         ./src/hal_entry.o:(.debug_abbrev)
      bf       bf      106     1         ./src/hal_warmstart.o:(.debug_abbrev)
     1c5      1c5      1c6     1         ./src/led1_thread_entry.o:(.debug_abbrev)
     38b      38b      1ed     1         ./src/led2_thread_entry.o:(.debug_abbrev)
     578      578      134     1         ./src/spi_slv_thread_entry.o:(.debug_abbrev)
     6ac      6ac       a8     1         ./src/timer.o:(.debug_abbrev)
     754      754      144     1         ./ra_gen/common_data.o:(.debug_abbrev)
     898      898      25e     1         ./ra_gen/hal_data.o:(.debug_abbrev)
     af6      af6      159     1         ./ra_gen/led1_thread.o:(.debug_abbrev)
     c4f      c4f      159     1         ./ra_gen/led2_thread.o:(.debug_abbrev)
     da8      da8      123     1         ./ra_gen/main.o:(.debug_abbrev)
     ecb      ecb       e6     1         ./ra_gen/pin_data.o:(.debug_abbrev)
     fb1      fb1      159     1         ./ra_gen/spi_slv_thread.o:(.debug_abbrev)
    110a     110a       92     1         ./ra_gen/vector_data.o:(.debug_abbrev)
    119c     119c      32b     1         ./ra/fsp/src/rm_freertos_port/port.o:(.debug_abbrev)
    14c7     14c7      413     1         ./ra/fsp/src/r_spi/r_spi.o:(.debug_abbrev)
    18da     18da      2fc     1         ./ra/fsp/src/r_ioport/r_ioport.o:(.debug_abbrev)
    1bd6     1bd6      35f     1         ./ra/fsp/src/r_icu/r_icu.o:(.debug_abbrev)
    1f35     1f35      3f7     1         ./ra/fsp/src/r_gpt/r_gpt.o:(.debug_abbrev)
    232c     232c       a2     1         ./ra/fsp/src/bsp/mcu/ra6e2/bsp_linker.o:(.debug_abbrev)
    23ce     23ce      2de     1         ./ra/fsp/src/bsp/mcu/all/bsp_clocks.o:(.debug_abbrev)
    26ac     26ac      149     1         ./ra/fsp/src/bsp/mcu/all/bsp_common.o:(.debug_abbrev)
    27f5     27f5       ad     1         ./ra/fsp/src/bsp/mcu/all/bsp_delay.o:(.debug_abbrev)
    28a2     28a2      1ff     1         ./ra/fsp/src/bsp/mcu/all/bsp_group_irq.o:(.debug_abbrev)
    2aa1     2aa1       44     1         ./ra/fsp/src/bsp/mcu/all/bsp_io.o:(.debug_abbrev)
    2ae5     2ae5      1a3     1         ./ra/fsp/src/bsp/mcu/all/bsp_irq.o:(.debug_abbrev)
    2c88     2c88      209     1         ./ra/fsp/src/bsp/mcu/all/bsp_register_protection.o:(.debug_abbrev)
    2e91     2e91       67     1         ./ra/fsp/src/bsp/mcu/all/bsp_sbrk.o:(.debug_abbrev)
    2ef8     2ef8       a7     1         ./ra/fsp/src/bsp/cmsis/Device/RENESAS/Source/startup.o:(.debug_abbrev)
    2f9f     2f9f      1ff     1         ./ra/fsp/src/bsp/cmsis/Device/RENESAS/Source/system.o:(.debug_abbrev)
    319e     319e       43     1         ./ra/board/ra6e2_fpb/board_init.o:(.debug_abbrev)
    31e1     31e1       91     1         ./ra/board/ra6e2_fpb/board_leds.o:(.debug_abbrev)
    3272     3272      215     1         ./ra/aws/FreeRTOS/FreeRTOS/Source/event_groups.o:(.debug_abbrev)
    3487     3487       c1     1         ./ra/aws/FreeRTOS/FreeRTOS/Source/list.o:(.debug_abbrev)
    3548     3548      274     1         ./ra/aws/FreeRTOS/FreeRTOS/Source/queue.o:(.debug_abbrev)
    37bc     37bc      247     1         ./ra/aws/FreeRTOS/FreeRTOS/Source/stream_buffer.o:(.debug_abbrev)
    3a03     3a03      361     1         ./ra/aws/FreeRTOS/FreeRTOS/Source/tasks.o:(.debug_abbrev)
    3d64     3d64      2cd     1         ./ra/aws/FreeRTOS/FreeRTOS/Source/timers.o:(.debug_abbrev)
       0        0    2fd0c     1 .debug_info
       0        0       8e     1         ./src/ext_irq.o:(.debug_info)
      8e       8e       2f     1         ./src/hal_entry.o:(.debug_info)
      bd       bd      9fb     1         ./src/hal_warmstart.o:(.debug_info)
     ab8      ab8     1003     1         ./src/led1_thread_entry.o:(.debug_info)
    1abb     1abb      fd1     1         ./src/led2_thread_entry.o:(.debug_info)
    2a8c     2a8c      714     1         ./src/spi_slv_thread_entry.o:(.debug_info)
    31a0     31a0       d1     1         ./src/timer.o:(.debug_info)
    3271     3271      ed9     1         ./ra_gen/common_data.o:(.debug_info)
    414a     414a     401d     1         ./ra_gen/hal_data.o:(.debug_info)
    8167     8167      21a     1         ./ra_gen/led1_thread.o:(.debug_info)
    8381     8381      21a     1         ./ra_gen/led2_thread.o:(.debug_info)
    859b     859b      36e     1         ./ra_gen/main.o:(.debug_info)
    8909     8909      49b     1         ./ra_gen/pin_data.o:(.debug_info)
    8da4     8da4      21a     1         ./ra_gen/spi_slv_thread.o:(.debug_info)
    8fbe     8fbe      34d     1         ./ra_gen/vector_data.o:(.debug_info)
    930b     930b     3786     1         ./ra/fsp/src/rm_freertos_port/port.o:(.debug_info)
    ca91     ca91     61d8     1         ./ra/fsp/src/r_spi/r_spi.o:(.debug_info)
   12c69    12c69     2ff3     1         ./ra/fsp/src/r_ioport/r_ioport.o:(.debug_info)
   15c5c    15c5c     13f3     1         ./ra/fsp/src/r_icu/r_icu.o:(.debug_info)
   1704f    1704f     82c8     1         ./ra/fsp/src/r_gpt/r_gpt.o:(.debug_info)
   1f317    1f317      1df     1         ./ra/fsp/src/bsp/mcu/ra6e2/bsp_linker.o:(.debug_info)
   1f4f6    1f4f6     4717     1         ./ra/fsp/src/bsp/mcu/all/bsp_clocks.o:(.debug_info)
   23c0d    23c0d      59c     1         ./ra/fsp/src/bsp/mcu/all/bsp_common.o:(.debug_info)
   241a9    241a9      104     1         ./ra/fsp/src/bsp/mcu/all/bsp_delay.o:(.debug_info)
   242ad    242ad      dba     1         ./ra/fsp/src/bsp/mcu/all/bsp_group_irq.o:(.debug_info)
   25067    25067       43     1         ./ra/fsp/src/bsp/mcu/all/bsp_io.o:(.debug_info)
   250aa    250aa     15ae     1         ./ra/fsp/src/bsp/mcu/all/bsp_irq.o:(.debug_info)
   26658    26658     2ec8     1         ./ra/fsp/src/bsp/mcu/all/bsp_register_protection.o:(.debug_info)
   29520    29520       5f     1         ./ra/fsp/src/bsp/mcu/all/bsp_sbrk.o:(.debug_info)
   2957f    2957f       b1     1         ./ra/fsp/src/bsp/cmsis/Device/RENESAS/Source/startup.o:(.debug_info)
   29630    29630      ac6     1         ./ra/fsp/src/bsp/cmsis/Device/RENESAS/Source/system.o:(.debug_info)
   2a0f6    2a0f6       3b     1         ./ra/board/ra6e2_fpb/board_init.o:(.debug_info)
   2a131    2a131       88     1         ./ra/board/ra6e2_fpb/board_leds.o:(.debug_info)
   2a1b9    2a1b9      9dd     1         ./ra/aws/FreeRTOS/FreeRTOS/Source/event_groups.o:(.debug_info)
   2ab96    2ab96      1ac     1         ./ra/aws/FreeRTOS/FreeRTOS/Source/list.o:(.debug_info)
   2ad42    2ad42     130f     1         ./ra/aws/FreeRTOS/FreeRTOS/Source/queue.o:(.debug_info)
   2c051    2c051     1067     1         ./ra/aws/FreeRTOS/FreeRTOS/Source/stream_buffer.o:(.debug_info)
   2d0b8    2d0b8     1d11     1         ./ra/aws/FreeRTOS/FreeRTOS/Source/tasks.o:(.debug_info)
   2edc9    2edc9      f43     1         ./ra/aws/FreeRTOS/FreeRTOS/Source/timers.o:(.debug_info)
       0        0     f4b8     1 .debug_str_offsets
       0        0       44     1         ./src/ext_irq.o:(.debug_str_offsets)
      44       44       18     1         ./src/hal_entry.o:(.debug_str_offsets)
      5c       5c      820     1         ./src/hal_warmstart.o:(.debug_str_offsets)
     87c      87c      9a8     1         ./src/led1_thread_entry.o:(.debug_str_offsets)
    1224     1224      968     1         ./src/led2_thread_entry.o:(.debug_str_offsets)
    1b8c     1b8c      5c8     1         ./src/spi_slv_thread_entry.o:(.debug_str_offsets)
    2154     2154       84     1         ./src/timer.o:(.debug_str_offsets)
    21d8     21d8      9cc     1         ./ra_gen/common_data.o:(.debug_str_offsets)
    2ba4     2ba4     1744     1         ./ra_gen/hal_data.o:(.debug_str_offsets)
    42e8     42e8       b4     1         ./ra_gen/led1_thread.o:(.debug_str_offsets)
    439c     439c       b4     1         ./ra_gen/led2_thread.o:(.debug_str_offsets)
    4450     4450      124     1         ./ra_gen/main.o:(.debug_str_offsets)
    4574     4574      428     1         ./ra_gen/pin_data.o:(.debug_str_offsets)
    499c     499c       b4     1         ./ra_gen/spi_slv_thread.o:(.debug_str_offsets)
    4a50     4a50      330     1         ./ra_gen/vector_data.o:(.debug_str_offsets)
    4d80     4d80      db8     1         ./ra/fsp/src/rm_freertos_port/port.o:(.debug_str_offsets)
    5b38     5b38     1a98     1         ./ra/fsp/src/r_spi/r_spi.o:(.debug_str_offsets)
    75d0     75d0      ff0     1         ./ra/fsp/src/r_ioport/r_ioport.o:(.debug_str_offsets)
    85c0     85c0      7f4     1         ./ra/fsp/src/r_icu/r_icu.o:(.debug_str_offsets)
    8db4     8db4     23ec     1         ./ra/fsp/src/r_gpt/r_gpt.o:(.debug_str_offsets)
    b1a0     b1a0       9c     1         ./ra/fsp/src/bsp/mcu/ra6e2/bsp_linker.o:(.debug_str_offsets)
    b23c     b23c     1010     1         ./ra/fsp/src/bsp/mcu/all/bsp_clocks.o:(.debug_str_offsets)
    c24c     c24c      468     1         ./ra/fsp/src/bsp/mcu/all/bsp_common.o:(.debug_str_offsets)
    c6b4     c6b4       74     1         ./ra/fsp/src/bsp/mcu/all/bsp_delay.o:(.debug_str_offsets)
    c728     c728      698     1         ./ra/fsp/src/bsp/mcu/all/bsp_group_irq.o:(.debug_str_offsets)
    cdc0     cdc0       24     1         ./ra/fsp/src/bsp/mcu/all/bsp_io.o:(.debug_str_offsets)
    cde4     cde4      78c     1         ./ra/fsp/src/bsp/mcu/all/bsp_irq.o:(.debug_str_offsets)
    d570     d570      bac     1         ./ra/fsp/src/bsp/mcu/all/bsp_register_protection.o:(.debug_str_offsets)
    e11c     e11c       2c     1         ./ra/fsp/src/bsp/mcu/all/bsp_sbrk.o:(.debug_str_offsets)
    e148     e148       3c     1         ./ra/fsp/src/bsp/cmsis/Device/RENESAS/Source/startup.o:(.debug_str_offsets)
    e184     e184      344     1         ./ra/fsp/src/bsp/cmsis/Device/RENESAS/Source/system.o:(.debug_str_offsets)
    e4c8     e4c8       1c     1         ./ra/board/ra6e2_fpb/board_init.o:(.debug_str_offsets)
    e4e4     e4e4       3c     1         ./ra/board/ra6e2_fpb/board_leds.o:(.debug_str_offsets)
    e520     e520      240     1         ./ra/aws/FreeRTOS/FreeRTOS/Source/event_groups.o:(.debug_str_offsets)
    e760     e760       90     1         ./ra/aws/FreeRTOS/FreeRTOS/Source/list.o:(.debug_str_offsets)
    e7f0     e7f0      324     1         ./ra/aws/FreeRTOS/FreeRTOS/Source/queue.o:(.debug_str_offsets)
    eb14     eb14      1d8     1         ./ra/aws/FreeRTOS/FreeRTOS/Source/stream_buffer.o:(.debug_str_offsets)
    ecec     ecec      494     1         ./ra/aws/FreeRTOS/FreeRTOS/Source/tasks.o:(.debug_str_offsets)
    f180     f180      338     1         ./ra/aws/FreeRTOS/FreeRTOS/Source/timers.o:(.debug_str_offsets)
       0        0    10b2b     1 .debug_str
       0        0    10b2b     1         <internal>:(.debug_str)
       0        0      ff4     1 .debug_addr
       0        0        c     1         ./src/ext_irq.o:(.debug_addr)
       c        c        c     1         ./src/hal_entry.o:(.debug_addr)
      18       18       10     1         ./src/hal_warmstart.o:(.debug_addr)
      28       28       28     1         ./src/led1_thread_entry.o:(.debug_addr)
      50       50       30     1         ./src/led2_thread_entry.o:(.debug_addr)
      80       80       1c     1         ./src/spi_slv_thread_entry.o:(.debug_addr)
      9c       9c        c     1         ./src/timer.o:(.debug_addr)
      a8       a8       24     1         ./ra_gen/common_data.o:(.debug_addr)
      cc       cc       2c     1         ./ra_gen/hal_data.o:(.debug_addr)
      f8       f8       2c     1         ./ra_gen/led1_thread.o:(.debug_addr)
     124      124       2c     1         ./ra_gen/led2_thread.o:(.debug_addr)
     150      150       3c     1         ./ra_gen/main.o:(.debug_addr)
     18c      18c       10     1         ./ra_gen/pin_data.o:(.debug_addr)
     19c      19c       2c     1         ./ra_gen/spi_slv_thread.o:(.debug_addr)
     1c8      1c8       10     1         ./ra_gen/vector_data.o:(.debug_addr)
     1d8      1d8       bc     1         ./ra/fsp/src/rm_freertos_port/port.o:(.debug_addr)
     294      294      130     1         ./ra/fsp/src/r_spi/r_spi.o:(.debug_addr)
     3c4      3c4       94     1         ./ra/fsp/src/r_ioport/r_ioport.o:(.debug_addr)
     458      458       4c     1         ./ra/fsp/src/r_icu/r_icu.o:(.debug_addr)
     4a4      4a4      1c8     1         ./ra/fsp/src/r_gpt/r_gpt.o:(.debug_addr)
     66c      66c       20     1         ./ra/fsp/src/bsp/mcu/ra6e2/bsp_linker.o:(.debug_addr)
     68c      68c       64     1         ./ra/fsp/src/bsp/mcu/all/bsp_clocks.o:(.debug_addr)
     6f0      6f0       20     1         ./ra/fsp/src/bsp/mcu/all/bsp_common.o:(.debug_addr)
     710      710       20     1         ./ra/fsp/src/bsp/mcu/all/bsp_delay.o:(.debug_addr)
     730      730       1c     1         ./ra/fsp/src/bsp/mcu/all/bsp_group_irq.o:(.debug_addr)
     74c      74c        c     1         ./ra/fsp/src/bsp/mcu/all/bsp_io.o:(.debug_addr)
     758      758       24     1         ./ra/fsp/src/bsp/mcu/all/bsp_irq.o:(.debug_addr)
     77c      77c       30     1         ./ra/fsp/src/bsp/mcu/all/bsp_register_protection.o:(.debug_addr)
     7ac      7ac        c     1         ./ra/fsp/src/bsp/mcu/all/bsp_sbrk.o:(.debug_addr)
     7b8      7b8       1c     1         ./ra/fsp/src/bsp/cmsis/Device/RENESAS/Source/startup.o:(.debug_addr)
     7d4      7d4       30     1         ./ra/fsp/src/bsp/cmsis/Device/RENESAS/Source/system.o:(.debug_addr)
     804      804        c     1         ./ra/board/ra6e2_fpb/board_init.o:(.debug_addr)
     810      810       10     1         ./ra/board/ra6e2_fpb/board_leds.o:(.debug_addr)
     820      820       90     1         ./ra/aws/FreeRTOS/FreeRTOS/Source/event_groups.o:(.debug_addr)
     8b0      8b0       1c     1         ./ra/aws/FreeRTOS/FreeRTOS/Source/list.o:(.debug_addr)
     8cc      8cc      17c     1         ./ra/aws/FreeRTOS/FreeRTOS/Source/queue.o:(.debug_addr)
     a48      a48      17c     1         ./ra/aws/FreeRTOS/FreeRTOS/Source/stream_buffer.o:(.debug_addr)
     bc4      bc4      318     1         ./ra/aws/FreeRTOS/FreeRTOS/Source/tasks.o:(.debug_addr)
     edc      edc      118     1         ./ra/aws/FreeRTOS/FreeRTOS/Source/timers.o:(.debug_addr)
       0        0       29     1 .comment
       0        0       29     1         <internal>:(.comment)
       0        0     1b04     4 .debug_frame
       0        0       30     4         ./src/ext_irq.o:(.debug_frame)
      30       30       24     4         ./src/hal_entry.o:(.debug_frame)
      54       54       24     4         ./src/hal_warmstart.o:(.debug_frame)
      78       78       24     4         ./src/led1_thread_entry.o:(.debug_frame)
      9c       9c       24     4         ./src/led2_thread_entry.o:(.debug_frame)
      c0       c0       44     4         ./src/spi_slv_thread_entry.o:(.debug_frame)
     104      104       30     4         ./src/timer.o:(.debug_frame)
     134      134       24     4         ./ra_gen/common_data.o:(.debug_frame)
     158      158       24     4         ./ra_gen/hal_data.o:(.debug_frame)
     17c      17c       48     4         ./ra_gen/led1_thread.o:(.debug_frame)
     1c4      1c4       48     4         ./ra_gen/led2_thread.o:(.debug_frame)
     20c      20c       78     4         ./ra_gen/main.o:(.debug_frame)
     284      284       48     4         ./ra_gen/spi_slv_thread.o:(.debug_frame)
     2cc      2cc      13c     4         ./ra/fsp/src/rm_freertos_port/port.o:(.debug_frame)
     408      408      190     4         ./ra/fsp/src/r_spi/r_spi.o:(.debug_frame)
     598      598      150     4         ./ra/fsp/src/r_ioport/r_ioport.o:(.debug_frame)
     6e8      6e8       94     4         ./ra/fsp/src/r_icu/r_icu.o:(.debug_frame)
     77c      77c      208     4         ./ra/fsp/src/r_gpt/r_gpt.o:(.debug_frame)
     984      984       f0     4         ./ra/fsp/src/bsp/mcu/all/bsp_clocks.o:(.debug_frame)
     a74      a74       44     4         ./ra/fsp/src/bsp/mcu/all/bsp_common.o:(.debug_frame)
     ab8      ab8       34     4         ./ra/fsp/src/bsp/mcu/all/bsp_delay.o:(.debug_frame)
     aec      aec       44     4         ./ra/fsp/src/bsp/mcu/all/bsp_group_irq.o:(.debug_frame)
     b30      b30       34     4         ./ra/fsp/src/bsp/mcu/all/bsp_irq.o:(.debug_frame)
     b64      b64       3c     4         ./ra/fsp/src/bsp/mcu/all/bsp_register_protection.o:(.debug_frame)
     ba0      ba0       2c     4         ./ra/fsp/src/bsp/mcu/all/bsp_sbrk.o:(.debug_frame)
     bcc      bcc       34     4         ./ra/fsp/src/bsp/cmsis/Device/RENESAS/Source/startup.o:(.debug_frame)
     c00      c00       60     4         ./ra/fsp/src/bsp/cmsis/Device/RENESAS/Source/system.o:(.debug_frame)
     c60      c60       24     4         ./ra/board/ra6e2_fpb/board_init.o:(.debug_frame)
     c84      c84      114     4         ./ra/aws/FreeRTOS/FreeRTOS/Source/event_groups.o:(.debug_frame)
     d98      d98       6c     4         ./ra/aws/FreeRTOS/FreeRTOS/Source/list.o:(.debug_frame)
     e04      e04      300     4         ./ra/aws/FreeRTOS/FreeRTOS/Source/queue.o:(.debug_frame)
    1104     1104      2c8     4         ./ra/aws/FreeRTOS/FreeRTOS/Source/stream_buffer.o:(.debug_frame)
    13cc     13cc      4c8     4         ./ra/aws/FreeRTOS/FreeRTOS/Source/tasks.o:(.debug_frame)
    1894     1894      24c     4         ./ra/aws/FreeRTOS/FreeRTOS/Source/timers.o:(.debug_frame)
    1ae0     1ae0       24     4         C:\Renesas\e2_studio\toolchains\llvm_arm\ATfE-21.1.1-Windows-x86_64\bin\..\lib\clang-runtimes/arm-none-eabi/armv8m.main_hard_fp_exn_rtti_unaligned_size\lib\libc.a(libc_picolib_machine_arm_read_tp.S.o):(.debug_frame)
       0        0     7bc0     1 .debug_line
       0        0       d9     1         ./src/ext_irq.o:(.debug_line)
      d9       d9       6e     1         ./src/hal_entry.o:(.debug_line)
     147      147      119     1         ./src/hal_warmstart.o:(.debug_line)
     260      260      116     1         ./src/led1_thread_entry.o:(.debug_line)
     376      376      126     1         ./src/led2_thread_entry.o:(.debug_line)
     49c      49c      157     1         ./src/spi_slv_thread_entry.o:(.debug_line)
     5f3      5f3       e1     1         ./src/timer.o:(.debug_line)
     6d4      6d4      139     1         ./ra_gen/common_data.o:(.debug_line)
     80d      80d      164     1         ./ra_gen/hal_data.o:(.debug_line)
     971      971      139     1         ./ra_gen/led1_thread.o:(.debug_line)
     aaa      aaa      139     1         ./ra_gen/led2_thread.o:(.debug_line)
     be3      be3      1cc     1         ./ra_gen/main.o:(.debug_line)
     daf      daf       bc     1         ./ra_gen/pin_data.o:(.debug_line)
     e6b      e6b      139     1         ./ra_gen/spi_slv_thread.o:(.debug_line)
     fa4      fa4       9f     1         ./ra_gen/vector_data.o:(.debug_line)
    1043     1043      3c5     1         ./ra/fsp/src/rm_freertos_port/port.o:(.debug_line)
    1408     1408      d30     1         ./ra/fsp/src/r_spi/r_spi.o:(.debug_line)
    2138     2138      570     1         ./ra/fsp/src/r_ioport/r_ioport.o:(.debug_line)
    26a8     26a8      2c1     1         ./ra/fsp/src/r_icu/r_icu.o:(.debug_line)
    2969     2969      c7c     1         ./ra/fsp/src/r_gpt/r_gpt.o:(.debug_line)
    35e5     35e5       a7     1         ./ra/fsp/src/bsp/mcu/ra6e2/bsp_linker.o:(.debug_line)
    368c     368c      4b3     1         ./ra/fsp/src/bsp/mcu/all/bsp_clocks.o:(.debug_line)
    3b3f     3b3f      10e     1         ./ra/fsp/src/bsp/mcu/all/bsp_common.o:(.debug_line)
    3c4d     3c4d      14c     1         ./ra/fsp/src/bsp/mcu/all/bsp_delay.o:(.debug_line)
    3d99     3d99      135     1         ./ra/fsp/src/bsp/mcu/all/bsp_group_irq.o:(.debug_line)
    3ece     3ece       8e     1         ./ra/fsp/src/bsp/mcu/all/bsp_io.o:(.debug_line)
    3f5c     3f5c       fc     1         ./ra/fsp/src/bsp/mcu/all/bsp_irq.o:(.debug_line)
    4058     4058      116     1         ./ra/fsp/src/bsp/mcu/all/bsp_register_protection.o:(.debug_line)
    416e     416e       b3     1         ./ra/fsp/src/bsp/mcu/all/bsp_sbrk.o:(.debug_line)
    4221     4221       bf     1         ./ra/fsp/src/bsp/cmsis/Device/RENESAS/Source/startup.o:(.debug_line)
    42e0     42e0      18f     1         ./ra/fsp/src/bsp/cmsis/Device/RENESAS/Source/system.o:(.debug_line)
    446f     446f       6e     1         ./ra/board/ra6e2_fpb/board_init.o:(.debug_line)
    44dd     44dd       a7     1         ./ra/board/ra6e2_fpb/board_leds.o:(.debug_line)
    4584     4584      3e0     1         ./ra/aws/FreeRTOS/FreeRTOS/Source/event_groups.o:(.debug_line)
    4964     4964      1d6     1         ./ra/aws/FreeRTOS/FreeRTOS/Source/list.o:(.debug_line)
    4b3a     4b3a      d1f     1         ./ra/aws/FreeRTOS/FreeRTOS/Source/queue.o:(.debug_line)
    5859     5859      9b2     1         ./ra/aws/FreeRTOS/FreeRTOS/Source/stream_buffer.o:(.debug_line)
    620b     620b     1372     1         ./ra/aws/FreeRTOS/FreeRTOS/Source/tasks.o:(.debug_line)
    757d     757d      643     1         ./ra/aws/FreeRTOS/FreeRTOS/Source/timers.o:(.debug_line)
       0        0     118d     1 .debug_line_str
       0        0     118d     1         <internal>:(.debug_line_str)
       0        0      903     1 .debug_rnglists
       0        0       17     1         ./src/spi_slv_thread_entry.o:(.debug_rnglists)
      17       17       17     1         ./ra_gen/led1_thread.o:(.debug_rnglists)
      2e       2e       17     1         ./ra_gen/led2_thread.o:(.debug_rnglists)
      45       45       20     1         ./ra_gen/main.o:(.debug_rnglists)
      65       65       17     1         ./ra_gen/spi_slv_thread.o:(.debug_rnglists)
      7c       7c       65     1         ./ra/fsp/src/rm_freertos_port/port.o:(.debug_rnglists)
      e1       e1       6a     1         ./ra/fsp/src/r_spi/r_spi.o:(.debug_rnglists)
     14b      14b       4d     1         ./ra/fsp/src/r_ioport/r_ioport.o:(.debug_rnglists)
     198      198       3e     1         ./ra/fsp/src/r_icu/r_icu.o:(.debug_rnglists)
     1d6      1d6      13c     1         ./ra/fsp/src/r_gpt/r_gpt.o:(.debug_rnglists)
     312      312       5b     1         ./ra/fsp/src/bsp/mcu/all/bsp_clocks.o:(.debug_rnglists)
     36d      36d       1a     1         ./ra/fsp/src/bsp/mcu/all/bsp_common.o:(.debug_rnglists)
     387      387       18     1         ./ra/fsp/src/bsp/mcu/all/bsp_delay.o:(.debug_rnglists)
     39f      39f       17     1         ./ra/fsp/src/bsp/mcu/all/bsp_group_irq.o:(.debug_rnglists)
     3b6      3b6       17     1         ./ra/fsp/src/bsp/mcu/all/bsp_register_protection.o:(.debug_rnglists)
     3cd      3cd       17     1         ./ra/fsp/src/bsp/cmsis/Device/RENESAS/Source/startup.o:(.debug_rnglists)
     3e4      3e4       1b     1         ./ra/fsp/src/bsp/cmsis/Device/RENESAS/Source/system.o:(.debug_rnglists)
[...]
                                                  ./ra/aws/FreeRTOS/FreeRTOS/Source/stream_buffer.o
                                                  ./ra/aws/FreeRTOS/FreeRTOS/Source/tasks.o
                                                  ./ra/aws/FreeRTOS/FreeRTOS/Source/timers.o
vPortExitCritical                                 ./ra/fsp/src/rm_freertos_port/port.o
                                                  ./ra/aws/FreeRTOS/FreeRTOS/Source/event_groups.o
                                                  ./ra/aws/FreeRTOS/FreeRTOS/Source/queue.o
                                                  ./ra/aws/FreeRTOS/FreeRTOS/Source/stream_buffer.o
                                                  ./ra/aws/FreeRTOS/FreeRTOS/Source/tasks.o
                                                  ./ra/aws/FreeRTOS/FreeRTOS/Source/timers.o
rm_freertos_port_sleep_preserving_lpm             ./ra/fsp/src/rm_freertos_port/port.o
vApplicationIdleHook                              ./ra/fsp/src/rm_freertos_port/port.o
                                                  ./ra/aws/FreeRTOS/FreeRTOS/Source/tasks.o
vTaskSuspendAll                                   ./ra/aws/FreeRTOS/FreeRTOS/Source/tasks.o
                                                  ./ra/fsp/src/rm_freertos_port/port.o
                                                  ./ra/aws/FreeRTOS/FreeRTOS/Source/event_groups.o
                                                  ./ra/aws/FreeRTOS/FreeRTOS/Source/queue.o
                                                  ./ra/aws/FreeRTOS/FreeRTOS/Source/stream_buffer.o
                                                  ./ra/aws/FreeRTOS/FreeRTOS/Source/timers.o
xTaskResumeAll                                    ./ra/aws/FreeRTOS/FreeRTOS/Source/tasks.o
                                                  ./ra/fsp/src/rm_freertos_port/port.o
                                                  ./ra/aws/FreeRTOS/FreeRTOS/Source/event_groups.o
                                                  ./ra/aws/FreeRTOS/FreeRTOS/Source/queue.o
                                                  ./ra/aws/FreeRTOS/FreeRTOS/Source/stream_buffer.o
                                                  ./ra/aws/FreeRTOS/FreeRTOS/Source/timers.o
vPortValidateInterruptPriority                    ./ra/fsp/src/rm_freertos_port/port.o
                                                  ./ra/aws/FreeRTOS/FreeRTOS/Source/queue.o
                                                  ./ra/aws/FreeRTOS/FreeRTOS/Source/tasks.o
pxCurrentTCB                                      ./ra/aws/FreeRTOS/FreeRTOS/Source/tasks.o
                                                  ./ra/fsp/src/rm_freertos_port/port.o
gp_renesas_isr_context                            ./ra/fsp/src/bsp/mcu/all/bsp_irq.o
                                                  ./ra/fsp/src/r_spi/r_spi.o
                                                  ./ra/fsp/src/r_icu/r_icu.o
                                                  ./ra/fsp/src/r_gpt/r_gpt.o
R_BSP_SoftwareDelay                               ./ra/fsp/src/bsp/mcu/all/bsp_delay.o
                                                  ./ra/fsp/src/r_ioport/r_ioport.o
                                                  ./ra/fsp/src/bsp/mcu/all/bsp_clocks.o
__ram_noinit_nocache$$Base                        fsp_gen.lld:147
                                                  ./ra/fsp/src/bsp/mcu/ra6e2/bsp_linker.o
__ram_zero_nocache$$Limit                         fsp_gen.lld:159
                                                  ./ra/fsp/src/bsp/mcu/ra6e2/bsp_linker.o
g_init_info                                       ./ra/fsp/src/bsp/mcu/ra6e2/bsp_linker.o
                                                  ./ra/fsp/src/bsp/cmsis/Device/RENESAS/Source/system.o
__ram_zero_nocache$$Base                          fsp_gen.lld:155
                                                  ./ra/fsp/src/bsp/mcu/ra6e2/bsp_linker.o
__ram_zero$$Base                                  fsp_gen.lld:175
                                                  ./ra/fsp/src/bsp/mcu/ra6e2/bsp_linker.o
__ram_zero$$Limit                                 fsp_gen.lld:179
                                                  ./ra/fsp/src/bsp/mcu/ra6e2/bsp_linker.o
__ram_tbss$$Base                                  fsp_gen.lld:193
                                                  ./ra/fsp/src/bsp/mcu/ra6e2/bsp_linker.o
__ram_tbss$$Limit                                 fsp_gen.lld:198
                                                  ./ra/fsp/src/bsp/mcu/ra6e2/bsp_linker.o
__ram_from_qspi_flash$$Base                       fsp_gen.lld:40
                                                  ./ra/fsp/src/bsp/mcu/ra6e2/bsp_linker.o
__ram_from_qspi_flash$$Limit                      fsp_gen.lld:45
                                                  ./ra/fsp/src/bsp/mcu/ra6e2/bsp_linker.o
__ram_from_qspi_flash$$Load                       fsp_gen.lld:40
                                                  ./ra/fsp/src/bsp/mcu/ra6e2/bsp_linker.o
__ram_from_data_flash$$Base                       fsp_gen.lld:80
                                                  ./ra/fsp/src/bsp/mcu/ra6e2/bsp_linker.o
__ram_from_data_flash$$Limit                      fsp_gen.lld:85
                                                  ./ra/fsp/src/bsp/mcu/ra6e2/bsp_linker.o
__ram_from_data_flash$$Load                       fsp_gen.lld:80
                                                  ./ra/fsp/src/bsp/mcu/ra6e2/bsp_linker.o
__ram_from_flash$$Base                            fsp_gen.lld:135
                                                  ./ra/fsp/src/bsp/mcu/ra6e2/bsp_linker.o
__ram_from_flash$$Limit                           fsp_gen.lld:142
                                                  ./ra/fsp/src/bsp/mcu/ra6e2/bsp_linker.o
__ram_from_flash$$Load                            fsp_gen.lld:135
                                                  ./ra/fsp/src/bsp/mcu/ra6e2/bsp_linker.o
__ram_tdata$$Base                                 fsp_gen.lld:184
                                                  ./ra/fsp/src/bsp/mcu/ra6e2/bsp_linker.o
__ram_tdata$$Limit                                fsp_gen.lld:188
                                                  ./ra/fsp/src/bsp/mcu/ra6e2/bsp_linker.o
__ram_tdata$$Load                                 fsp_gen.lld:184
                                                  ./ra/fsp/src/bsp/mcu/ra6e2/bsp_linker.o
SystemCoreClockUpdate                             ./ra/fsp/src/bsp/mcu/all/bsp_clocks.o
                                                  ./ra/fsp/src/bsp/cmsis/Device/RENESAS/Source/system.o
bsp_clock_init                                    ./ra/fsp/src/bsp/mcu/all/bsp_clocks.o
                                                  ./ra/fsp/src/bsp/cmsis/Device/RENESAS/Source/system.o
R_BSP_SubClockStabilizeWaitAfterReset             ./ra/fsp/src/bsp/mcu/all/bsp_clocks.o
R_BSP_Init_RTC                                    ./ra/fsp/src/bsp/mcu/all/bsp_clocks.o
                                                  ./ra/fsp/src/bsp/cmsis/Device/RENESAS/Source/system.o
bsp_init                                          ./ra/board/ra6e2_fpb/board_init.o
                                                  ./ra/fsp/src/bsp/mcu/all/bsp_common.o
                                                  ./ra/fsp/src/bsp/cmsis/Device/RENESAS/Source/system.o
bsp_prv_software_delay_loop                       ./ra/fsp/src/bsp/mcu/all/bsp_delay.o
g_bsp_group_irq_sources                           ./ra/fsp/src/bsp/mcu/all/bsp_group_irq.o
NMI_Handler                                       ./ra/fsp/src/bsp/mcu/all/bsp_group_irq.o
                                                  ./ra/fsp/src/bsp/cmsis/Device/RENESAS/Source/startup.o
bsp_irq_cfg                                       ./ra/fsp/src/bsp/mcu/all/bsp_irq.o
                                                  ./ra/fsp/src/bsp/cmsis/Device/RENESAS/Source/system.o
R_BSP_RegisterProtectDisable                      ./ra/fsp/src/bsp/mcu/all/bsp_register_protection.o
                                                  ./ra/fsp/src/bsp/mcu/all/bsp_irq.o
                                                  ./ra/fsp/src/bsp/cmsis/Device/RENESAS/Source/system.o
R_BSP_RegisterProtectEnable                       ./ra/fsp/src/bsp/mcu/all/bsp_register_protection.o
                                                  ./ra/fsp/src/bsp/mcu/all/bsp_irq.o
                                                  ./ra/fsp/src/bsp/cmsis/Device/RENESAS/Source/system.o
g_protect_counters                                ./ra/fsp/src/bsp/mcu/all/bsp_register_protection.o
Reset_Handler                                     ./ra/fsp/src/bsp/cmsis/Device/RENESAS/Source/startup.o
SystemInit                                        ./ra/fsp/src/bsp/cmsis/Device/RENESAS/Source/system.o
                                                  ./ra/fsp/src/bsp/cmsis/Device/RENESAS/Source/startup.o
Default_Handler                                   ./ra/fsp/src/bsp/cmsis/Device/RENESAS/Source/startup.o
g_main_stack                                      ./ra/fsp/src/bsp/cmsis/Device/RENESAS/Source/startup.o
                                                  ./ra/fsp/src/bsp/cmsis/Device/RENESAS/Source/system.o
__Vectors                                         ./ra/fsp/src/bsp/cmsis/Device/RENESAS/Source/startup.o
                                                  ./ra/fsp/src/bsp/cmsis/Device/RENESAS/Source/system.o
HardFault_Handler                                 ./ra/fsp/src/bsp/cmsis/Device/RENESAS/Source/startup.o
MemManage_Handler                                 ./ra/fsp/src/bsp/cmsis/Device/RENESAS/Source/startup.o
BusFault_Handler                                  ./ra/fsp/src/bsp/cmsis/Device/RENESAS/Source/startup.o
UsageFault_Handler                                ./ra/fsp/src/bsp/cmsis/Device/RENESAS/Source/startup.o
SecureFault_Handler                               ./ra/fsp/src/bsp/cmsis/Device/RENESAS/Source/startup.o
DebugMon_Handler                                  ./ra/fsp/src/bsp/cmsis/Device/RENESAS/Source/startup.o
_init_tls                                         C:\Renesas\e2_studio\toolchains\llvm_arm\ATfE-21.1.1-Windows-x86_64\bin\..\lib\clang-runtimes/arm-none-eabi/armv8m.main_hard_fp_exn_rtti_unaligned_size\lib\libc.a(libc_picolib_inittls.c.o)
                                                  ./ra/fsp/src/bsp/cmsis/Device/RENESAS/Source/system.o
__init_array_start                                fsp_gen.lld:261
                                                  ./ra/fsp/src/bsp/cmsis/Device/RENESAS/Source/system.o
__init_array_end                                  fsp_gen.lld:264
                                                  ./ra/fsp/src/bsp/cmsis/Device/RENESAS/Source/system.o
__aeabi_memclr4                                   C:\Renesas\e2_studio\toolchains\llvm_arm\ATfE-21.1.1-Windows-x86_64\bin\..\lib\clang-runtimes/arm-none-eabi/armv8m.main_hard_fp_exn_rtti_unaligned_size\lib\libc.a(bzero.c.o)
                                                  ./ra/fsp/src/bsp/cmsis/Device/RENESAS/Source/system.o
                                                  ./ra/aws/FreeRTOS/FreeRTOS/Source/stream_buffer.o
__aeabi_memcpy4                                   C:\Renesas\e2_studio\toolchains\llvm_arm\ATfE-21.1.1-Windows-x86_64\bin\..\lib\clang-runtimes/arm-none-eabi/armv8m.main_hard_fp_exn_rtti_unaligned_size\lib\libc.a(memcpy.c.o)
                                                  ./ra/fsp/src/bsp/cmsis/Device/RENESAS/Source/system.o
vListInitialise                                   ./ra/aws/FreeRTOS/FreeRTOS/Source/list.o
                                                  ./ra/aws/FreeRTOS/FreeRTOS/Source/event_groups.o
                                                  ./ra/aws/FreeRTOS/FreeRTOS/Source/queue.o
                                                  ./ra/aws/FreeRTOS/FreeRTOS/Source/tasks.o
                                                  ./ra/aws/FreeRTOS/FreeRTOS/Source/timers.o
xTaskGetSchedulerState                            ./ra/aws/FreeRTOS/FreeRTOS/Source/tasks.o
                                                  ./ra/aws/FreeRTOS/FreeRTOS/Source/event_groups.o
                                                  ./ra/aws/FreeRTOS/FreeRTOS/Source/queue.o
                                                  ./ra/aws/FreeRTOS/FreeRTOS/Source/timers.o
vListInitialiseItem                               ./ra/aws/FreeRTOS/FreeRTOS/Source/list.o
                                                  ./ra/aws/FreeRTOS/FreeRTOS/Source/tasks.o
                                                  ./ra/aws/FreeRTOS/FreeRTOS/Source/timers.o
vListInsert                                       ./ra/aws/FreeRTOS/FreeRTOS/Source/list.o
                                                  ./ra/aws/FreeRTOS/FreeRTOS/Source/tasks.o
                                                  ./ra/aws/FreeRTOS/FreeRTOS/Source/timers.o
uxListRemove                                      ./ra/aws/FreeRTOS/FreeRTOS/Source/list.o
                                                  ./ra/aws/FreeRTOS/FreeRTOS/Source/tasks.o
                                                  ./ra/aws/FreeRTOS/FreeRTOS/Source/timers.o
xQueueGenericReset                                ./ra/aws/FreeRTOS/FreeRTOS/Source/queue.o
xTaskRemoveFromEventList                          ./ra/aws/FreeRTOS/FreeRTOS/Source/tasks.o
                                                  ./ra/aws/FreeRTOS/FreeRTOS/Source/queue.o
xQueueGenericCreateStatic                         ./ra/aws/FreeRTOS/FreeRTOS/Source/queue.o
                                                  ./ra/aws/FreeRTOS/FreeRTOS/Source/timers.o
vTaskInternalSetTimeOutState                      ./ra/aws/FreeRTOS/FreeRTOS/Source/tasks.o
                                                  ./ra/aws/FreeRTOS/FreeRTOS/Source/queue.o
xTaskCheckForTimeOut                              ./ra/aws/FreeRTOS/FreeRTOS/Source/tasks.o
                                                  ./ra/aws/FreeRTOS/FreeRTOS/Source/queue.o
                                                  ./ra/aws/FreeRTOS/FreeRTOS/Source/stream_buffer.o
vTaskPlaceOnEventList                             ./ra/aws/FreeRTOS/FreeRTOS/Source/tasks.o
                                                  ./ra/aws/FreeRTOS/FreeRTOS/Source/queue.o
__aeabi_memcpy                                    C:\Renesas\e2_studio\toolchains\llvm_arm\ATfE-21.1.1-Windows-x86_64\bin\..\lib\clang-runtimes/arm-none-eabi/armv8m.main_hard_fp_exn_rtti_unaligned_size\lib\libc.a(memcpy.c.o)
                                                  ./ra/aws/FreeRTOS/FreeRTOS/Source/queue.o
                                                  ./ra/aws/FreeRTOS/FreeRTOS/Source/stream_buffer.o
                                                  C:\Renesas\e2_studio\toolchains\llvm_arm\ATfE-21.1.1-Windows-x86_64\bin\..\lib\clang-runtimes/arm-none-eabi/armv8m.main_hard_fp_exn_rtti_unaligned_size\lib\libc.a(libc_picolib_inittls.c.o)
vTaskMissedYield                                  ./ra/aws/FreeRTOS/FreeRTOS/Source/tasks.o
                                                  ./ra/aws/FreeRTOS/FreeRTOS/Source/queue.o
xQueueReceive                                     ./ra/aws/FreeRTOS/FreeRTOS/Source/queue.o
                                                  ./ra/aws/FreeRTOS/FreeRTOS/Source/timers.o
xQueueRegistry                                    ./ra/aws/FreeRTOS/FreeRTOS/Source/queue.o
vQueueAddToRegistry                               ./ra/aws/FreeRTOS/FreeRTOS/Source/queue.o
                                                  ./ra/aws/FreeRTOS/FreeRTOS/Source/timers.o
vQueueWaitForMessageRestricted                    ./ra/aws/FreeRTOS/FreeRTOS/Source/queue.o
                                                  ./ra/aws/FreeRTOS/FreeRTOS/Source/timers.o
vTaskPlaceOnEventListRestricted                   ./ra/aws/FreeRTOS/FreeRTOS/Source/tasks.o
                                                  ./ra/aws/FreeRTOS/FreeRTOS/Source/queue.o
__aeabi_memclr                                    C:\Renesas\e2_studio\toolchains\llvm_arm\ATfE-21.1.1-Windows-x86_64\bin\..\lib\clang-runtimes/arm-none-eabi/armv8m.main_hard_fp_exn_rtti_unaligned_size\lib\libc.a(bzero.c.o)
                                                  ./ra/aws/FreeRTOS/FreeRTOS/Source/stream_buffer.o
                                                  ./ra/aws/FreeRTOS/FreeRTOS/Source/tasks.o
                                                  C:\Renesas\e2_studio\toolchains\llvm_arm\ATfE-21.1.1-Windows-x86_64\bin\..\lib\clang-runtimes/arm-none-eabi/armv8m.main_hard_fp_exn_rtti_unaligned_size\lib\libc.a(libc_picolib_inittls.c.o)
xTimerCreateTimerTask                             ./ra/aws/FreeRTOS/FreeRTOS/Source/timers.o
                                                  ./ra/aws/FreeRTOS/FreeRTOS/Source/tasks.o
xTaskGetTickCount                                 ./ra/aws/FreeRTOS/FreeRTOS/Source/tasks.o
                                                  ./ra/aws/FreeRTOS/FreeRTOS/Source/timers.o
bzero                                             C:\Renesas\e2_studio\toolchains\llvm_arm\ATfE-21.1.1-Windows-x86_64\bin\..\lib\clang-runtimes/arm-none-eabi/armv8m.main_hard_fp_exn_rtti_unaligned_size\lib\libc.a(bzero.c.o)
__aeabi_memclr8                                   C:\Renesas\e2_studio\toolchains\llvm_arm\ATfE-21.1.1-Windows-x86_64\bin\..\lib\clang-runtimes/arm-none-eabi/armv8m.main_hard_fp_exn_rtti_unaligned_size\lib\libc.a(bzero.c.o)
__aeabi_memcpy8                                   C:\Renesas\e2_studio\toolchains\llvm_arm\ATfE-21.1.1-Windows-x86_64\bin\..\lib\clang-runtimes/arm-none-eabi/armv8m.main_hard_fp_exn_rtti_unaligned_size\lib\libc.a(memcpy.c.o)
__tdata_source                                    fsp_gen.lld:398
                                                  C:\Renesas\e2_studio\toolchains\llvm_arm\ATfE-21.1.1-Windows-x86_64\bin\..\lib\clang-runtimes/arm-none-eabi/armv8m.main_hard_fp_exn_rtti_unaligned_size\lib\libc.a(libc_picolib_inittls.c.o)
__tdata_size                                      fsp_gen.lld:399
                                                  C:\Renesas\e2_studio\toolchains\llvm_arm\ATfE-21.1.1-Windows-x86_64\bin\..\lib\clang-runtimes/arm-none-eabi/armv8m.main_hard_fp_exn_rtti_unaligned_size\lib\libc.a(libc_picolib_inittls.c.o)
__tbss_offset                                     fsp_gen.lld:400
                                                  C:\Renesas\e2_studio\toolchains\llvm_arm\ATfE-21.1.1-Windows-x86_64\bin\..\lib\clang-runtimes/arm-none-eabi/armv8m.main_hard_fp_exn_rtti_unaligned_size\lib\libc.a(libc_picolib_inittls.c.o)
__tbss_size                                       fsp_gen.lld:401
                                                  C:\Renesas\e2_studio\toolchains\llvm_arm\ATfE-21.1.1-Windows-x86_64\bin\..\lib\clang-runtimes/arm-none-eabi/armv8m.main_hard_fp_exn_rtti_unaligned_size\lib\libc.a(libc_picolib_inittls.c.o)
__arm32_tls_tcb_offset                            fsp_gen.lld:402
                                                  C:\Renesas\e2_studio\toolchains\llvm_arm\ATfE-21.1.1-Windows-x86_64\bin\..\lib\clang-runtimes/arm-none-eabi/armv8m.main_hard_fp_exn_rtti_unaligned_size\lib\libc.a(libc_picolib_machine_arm_set_tls.c.o)
__tls                                             C:\Renesas\e2_studio\toolchains\llvm_arm\ATfE-21.1.1-Windows-x86_64\bin\..\lib\clang-runtimes/arm-none-eabi/armv8m.main_hard_fp_exn_rtti_unaligned_size\lib\libc.a(libc_picolib_machine_arm_tls.c.o)
                                                  C:\Renesas\e2_studio\toolchains\llvm_arm\ATfE-21.1.1-Windows-x86_64\bin\..\lib\clang-runtimes/arm-none-eabi/armv8m.main_hard_fp_exn_rtti_unaligned_size\lib\libc.a(libc_picolib_machine_arm_set_tls.c.o)
                                                  C:\Renesas\e2_studio\toolchains\llvm_arm\ATfE-21.1.1-Windows-x86_64\bin\..\lib\clang-runtimes/arm-none-eabi/armv8m.main_hard_fp_exn_rtti_unaligned_size\lib\libc.a(libc_picolib_machine_arm_read_tp.S.o)
